[MKB_10_C/INDEX.HTM]
[backblue.gif]
[fade.gif]
[index.html]
[MKB_10_C/SKIN/TAB2.CSS]
[AN_YAN/SYSTEM/CONTEXT.JS]
[MKB_10_C/INDEXFA2A.HTM]
[MKB_10_C/INDEXFEE0.HTM]
[MKB_10_C/INDEX11DB.HTM]
[MKB_10_C/INDEXB5A9.HTM]
[MKB_10_C/INDEX6A3B.HTM]
[MKB_10_C/INDEX710A.HTM]
[MKB_10_C/INDEX2F19.HTM]
[MKB_10_C/INDEXB622.HTM]
[MKB_10_C/INDEX3D0E.HTM]
[MKB_10_C/INDEX274B.HTM]
[MKB_10_C/INDEXD2CF.HTM]
[MKB_10_C/INDEX51AF.HTM]
[MKB_10_C/INDEX9A45.HTM]
[MKB_10_C/INDEX417C.HTM]
[MKB_10_C/INDEX0848.HTM]
[MKB_10_C/INDEX3011.HTM]
[MKB_10_C/INDEX8676.HTM]
[MKB_10_C/INDEX7EC9.HTM]
[MKB_10_C/INDEX89A0.HTM]
[external.html]
[MKB_10_C/INDEXF661.HTM]
[MKB_10_C/INDEX8946.HTM]
[MKB_10_C/INDEX80AE.HTM]
[MKB_10_C/ALPHABET/INDEX.HTM]
[MKB_10_C/SCRIPT/JQUERY_3_3_1_MIN.JS]
[MKB_10_C/SCRIPT/SCROLLBLOCK.CSS]
[MKB_10_C/SCRIPT/SCROLLBLOCK.JS]
[MKB_10_C/SCRIPT/JQUERY_INPUTMASK_BUNDLE.JS]
[MKB_10_C/UPDATES/INDEX.HTM]
[MKB_10_C/SCRIPT/INPUTMASK_BINDING.JS]
[MC_YAN/METRIKA/WATCH.JS]
[PAGEAD2_GOOGLESYNDICATION_C/PAGEAD/JS/F.TXT]
[MKB_10_C/JSHTTPREQUEST/JSHTTPREQUEST.JS]
[MKB_10_C/SCRIPT/SCRIPTS.JS]
[YASTATIC_N/ES5_SHIMS/0_0_2/ES5_SHIMS_MIN.JS]
[MKB_10_C/INDEX.HTM]
[MKB_10_C/SKIN/TAB2.CSS]
[AN_YAN/SYSTEM/CONTEXT.JS]
[MKB_10_C/YASTATIC_NET/INDEX.HTM]
[MKB_10_C/INDEX4F51.HTM]
[MKB_10_C/INDEX6EB0.HTM]
[MKB_10_C/INDEX766A.HTM]
[MKB_10_C/INDEX26D5.HTM]
[MKB_10_C/INDEX5446.HTM]
[MKB_10_C/INDEXFEED.HTM]
[YASTATIC_N/SHARE2/SHARE.JS]
[MKB_10_C/INDEX1868.HTM]
[MKB_10_C/INDEX4BB9.HTM]
[MKB_10_C/INDEXDC33.HTM]
[MKB_10_C/INDEXCD6B.HTM]
[MKB_10_C/INDEXDB13.HTM]
[MKB_10_C/INDEXC5B2.HTM]
[MKB_10_C/INDEXF19F.HTM]
[MKB_10_C/INDEX9C63.HTM]
[MKB_10_C/INDEXF042.HTM]
[MKB_10_C/INDEX1AA2.HTM]
[MKB_10_C/INDEX48B3.HTM]
[MKB_10_C/INDEX8D25.HTM]
[MKB_10_C/INDEX4230.HTM]
[MKB_10_C/INDEX36B6.HTM]
[MKB_10_C/INDEX2D59.HTM]
[MKB_10_C/INDEX5F7F.HTM]
[MKB_10_C/INDEX6B15.HTM]
[MKB_10_C/INDEX87AB.HTM]
[MKB_10_C/INDEX824A.HTM]
[MKB_10_C/INDEX6B66.HTM]
[MKB_10_C/INDEXD86A.HTM]
[MKB_10_C/INDEXA903.HTM]
[MKB_10_C/INDEX2502.HTM]
[MKB_10_C/INDEXCD65.HTM]
[MKB_10_C/INDEX7BA7.HTM]
[MKB_10_C/INDEX6655.HTM]
[MKB_10_C/INDEX8DFD.HTM]
[MKB_10_C/INDEX4C9F.HTM]
[MKB_10_C/INDEXBB2F.HTM]
[MKB_10_C/INDEX5E0D.HTM]
[MKB_10_C/INDEX7197.HTM]
[MKB_10_C/INDEXF6BA.HTM]
[MKB_10_C/INDEXFA2A.HTM]
[MKB_10_C/INDEXFD0A.HTM]
[MKB_10_C/INDEXAAF1.HTM]
[MKB_10_C/INDEX4BBD.HTM]
[MKB_10_C/INDEX538D.HTM]
[MKB_10_C/INDEXB738.HTM]
[MKB_10_C/INDEX3459.HTM]
[MKB_10_C/INDEX8860.HTM]
[MKB_10_C/INDEX5D06.HTM]
[MKB_10_C/INDEX9DAE.HTM]
[MKB_10_C/INDEX54BE.HTM]
[MKB_10_C/INDEX6C50.HTM]
[MKB_10_C/INDEX9E44.HTM]
[MKB_10_C/INDEXC377.HTM]
[MKB_10_C/INDEX0EC8.HTM]
[MKB_10_C/INDEX689C.HTM]
[MKB_10_C/INDEX83AA.HTM]
[MKB_10_C/INDEX90C5.HTM]
[MKB_10_C/INDEXE673.HTM]
[MKB_10_C/INDEXFDAB.HTM]
[MKB_10_C/INDEXF60E.HTM]
[MKB_10_C/INDEX81E0.HTM]
[MKB_10_C/INDEX381C.HTM]
[MKB_10_C/INDEXA0F2.HTM]
[MKB_10_C/INDEX8728.HTM]
[MKB_10_C/INDEXC313.HTM]
[MKB_10_C/INDEX5006.HTM]
[MKB_10_C/INDEX61D3.HTM]
[MKB_10_C/INDEX6DA5.HTM]
[MKB_10_C/INDEXFFF8.HTM]
[MKB_10_C/INDEXDFAE.HTM]
[MKB_10_C/INDEX8171.HTM]
[MKB_10_C/INDEX3CA7.HTM]
[MKB_10_C/INDEX4ECB.HTM]
[MKB_10_C/INDEX7DD6.HTM]
[MKB_10_C/INDEXEF11.HTM]
[MKB_10_C/INDEX1B34.HTM]
[MKB_10_C/INDEXFEE0.HTM]
[MKB_10_C/INDEX6FA0.HTM]
[MKB_10_C/INDEX9EB1.HTM]
[MKB_10_C/INDEX9FD5.HTM]
[MKB_10_C/INDEX7E91.HTM]
[MKB_10_C/INDEX073F.HTM]
[MKB_10_C/INDEX6598.HTM]
[MKB_10_C/INDEX2B9D.HTM]
[MKB_10_C/INDEXEB35.HTM]
[MKB_10_C/INDEX6C62.HTM]
[MKB_10_C/INDEX11DB.HTM]
[MKB_10_C/INDEX11BF.HTM]
[MKB_10_C/INDEX9C66.HTM]
[MKB_10_C/INDEX42B9.HTM]
[MKB_10_C/INDEXC93C.HTM]
[MKB_10_C/INDEX0B69.HTM]
[MKB_10_C/INDEX734E.HTM]
[MKB_10_C/INDEXEAFE.HTM]
[MKB_10_C/INDEXDD03.HTM]
[MKB_10_C/INDEXDD0E.HTM]
[MKB_10_C/INDEXE8E3.HTM]
[MKB_10_C/INDEXEDCE.HTM]
[MKB_10_C/INDEX2F69.HTM]
[MKB_10_C/INDEX9375.HTM]
[MKB_10_C/INDEX0EB5.HTM]
[MKB_10_C/INDEX4A6B.HTM]
[MKB_10_C/INDEX20C0.HTM]
[MKB_10_C/INDEX137C.HTM]
[MKB_10_C/INDEX0F12.HTM]
[MKB_10_C/INDEX8CB3.HTM]
[MKB_10_C/INDEX2D69.HTM]
[MKB_10_C/INDEXF2EA.HTM]
[MKB_10_C/INDEX559B.HTM]
[MKB_10_C/INDEXB052.HTM]
[MKB_10_C/INDEX80DE.HTM]
[MKB_10_C/INDEXDA27.HTM]
[MKB_10_C/INDEX64A6.HTM]
[MKB_10_C/INDEX7805.HTM]
[MKB_10_C/INDEX923C.HTM]
[MKB_10_C/INDEXCA68.HTM]
[MKB_10_C/INDEX4AD5.HTM]
[MKB_10_C/INDEXB551.HTM]
[MKB_10_C/INDEX6455.HTM]
[MKB_10_C/INDEXB5A9.HTM]
[MKB_10_C/INDEX680B.HTM]
[MKB_10_C/INDEXCCFA.HTM]
[MKB_10_C/INDEX5129.HTM]
[MKB_10_C/INDEXD7CF.HTM]
[MKB_10_C/INDEXFBC9.HTM]
[MKB_10_C/INDEX882D.HTM]
[MKB_10_C/INDEXB4FB.HTM]
[MKB_10_C/INDEXD33C.HTM]
[MKB_10_C/INDEX542F.HTM]
[MKB_10_C/INDEX74A9.HTM]
[MKB_10_C/INDEX4649.HTM]
[MKB_10_C/INDEX5CAE.HTM]
[MKB_10_C/INDEX2D2E.HTM]
[MKB_10_C/INDEXF9A9.HTM]
[MKB_10_C/INDEX657C.HTM]
[MKB_10_C/INDEXA188.HTM]
[MKB_10_C/INDEX496F.HTM]
[MKB_10_C/INDEX9D6D.HTM]
[MKB_10_C/INDEX3EA6.HTM]
[MKB_10_C/INDEX2F0B.HTM]
[MKB_10_C/INDEXD88A.HTM]
[MKB_10_C/INDEX710A.HTM]
[MKB_10_C/INDEX57A9.HTM]
[MKB_10_C/INDEXB5A9_2.HTM]
[MKB_10_C/INDEXCED1.HTM]
[MKB_10_C/INDEXE96D.HTM]
[MKB_10_C/INDEX3D48.HTM]
[MKB_10_C/INDEX1C03.HTM]
[MKB_10_C/INDEX7582.HTM]
[MKB_10_C/INDEX5C9E.HTM]
[MKB_10_C/INDEX3069.HTM]
[MKB_10_C/INDEXB5EF.HTM]
[MKB_10_C/INDEX62D5.HTM]
[MKB_10_C/INDEXD6DC.HTM]
[MKB_10_C/INDEX1311.HTM]
[MKB_10_C/INDEXD802.HTM]
[MKB_10_C/INDEXB622.HTM]
[MKB_10_C/INDEX24D2.HTM]
[MKB_10_C/INDEX63DE.HTM]
[MKB_10_C/INDEX561A.HTM]
[MKB_10_C/INDEXD0C0.HTM]
[MKB_10_C/INDEX9459.HTM]
[MKB_10_C/INDEX81A3.HTM]
[MKB_10_C/INDEX26EB.HTM]
[MKB_10_C/INDEX0634.HTM]
[MKB_10_C/INDEXC8B8.HTM]
[MKB_10_C/INDEX42EA.HTM]
[MKB_10_C/INDEX90F9.HTM]
[MKB_10_C/INDEX6A3B.HTM]
[MKB_10_C/INDEX69EB.HTM]
[MKB_10_C/INDEX9B71.HTM]
[MKB_10_C/INDEXC023.HTM]
[MKB_10_C/INDEX8C82.HTM]
[MKB_10_C/INDEX2F19.HTM]
[MKB_10_C/INDEXE50F.HTM]
[MKB_10_C/INDEXDB96.HTM]
[MKB_10_C/INDEX869E.HTM]
[MKB_10_C/INDEX3C25.HTM]
[MKB_10_C/INDEXFE2B.HTM]
[MKB_10_C/INDEXF92B.HTM]
[MKB_10_C/INDEXD396.HTM]
[MKB_10_C/INDEX77C0.HTM]
[MKB_10_C/INDEX064E.HTM]
[MKB_10_C/INDEXB671.HTM]
[MKB_10_C/INDEXA000.HTM]
[MKB_10_C/INDEX93A6.HTM]
[MKB_10_C/INDEX3040.HTM]
[MKB_10_C/INDEX51AC.HTM]
[MKB_10_C/INDEX5930.HTM]
[MKB_10_C/INDEX1731.HTM]
[MKB_10_C/INDEX92C4.HTM]
[MKB_10_C/INDEX3D0E.HTM]
[MKB_10_C/INDEX84C0.HTM]
[MKB_10_C/INDEXBF7D.HTM]
[MKB_10_C/INDEX1408.HTM]
[MKB_10_C/INDEX2EE1.HTM]
[MKB_10_C/INDEXEB47.HTM]
[MKB_10_C/INDEX661F.HTM]
[MKB_10_C/INDEX2E90.HTM]
[MKB_10_C/INDEXAE7D.HTM]
[MKB_10_C/INDEX1EC2.HTM]
[MKB_10_C/INDEX821D.HTM]
[MKB_10_C/INDEXBB55.HTM]
[MKB_10_C/INDEX9485.HTM]
[MKB_10_C/INDEX274B.HTM]
[MKB_10_C/INDEXDFD5.HTM]
[MKB_10_C/INDEX9D52.HTM]
[MKB_10_C/INDEX12AB.HTM]
[MKB_10_C/INDEX8453.HTM]
[MKB_10_C/INDEX7059.HTM]
[MKB_10_C/INDEX9D59.HTM]
[MKB_10_C/INDEX20AD.HTM]
[MKB_10_C/INDEX9EFE.HTM]
[MKB_10_C/INDEXFB28.HTM]
[MKB_10_C/INDEX2D83.HTM]
[MKB_10_C/INDEX7F9D.HTM]
[MKB_10_C/INDEXF826.HTM]
[MKB_10_C/INDEX3876.HTM]
[MKB_10_C/INDEXD22A.HTM]
[MKB_10_C/INDEX7A70.HTM]
[MKB_10_C/INDEX8B5F.HTM]
[MKB_10_C/INDEXD2CF.HTM]
[MKB_10_C/INDEX93F3.HTM]
[MKB_10_C/INDEX4270.HTM]
[MKB_10_C/INDEX343E.HTM]
[MKB_10_C/INDEXB8D5.HTM]
[MKB_10_C/INDEX71BD.HTM]
[MKB_10_C/INDEXD34B.HTM]
[MKB_10_C/INDEX7A62.HTM]
[MKB_10_C/INDEXD381.HTM]
[MKB_10_C/INDEX3028.HTM]
[MKB_10_C/INDEXC0F9.HTM]
[MKB_10_C/INDEX9C43.HTM]
[MKB_10_C/INDEX2780.HTM]
[MKB_10_C/INDEXE64B.HTM]
[MKB_10_C/INDEX5C69.HTM]
[MKB_10_C/INDEX141A.HTM]
[MKB_10_C/INDEX47C0.HTM]
[MKB_10_C/INDEXE945.HTM]
[MKB_10_C/INDEX293D.HTM]
[MKB_10_C/INDEXF0B7.HTM]
[MKB_10_C/INDEXCB63.HTM]
[MKB_10_C/INDEX18C2.HTM]
[MKB_10_C/INDEX2191.HTM]
[MKB_10_C/INDEXBE16.HTM]
[MKB_10_C/INDEX2BBE.HTM]
[MKB_10_C/INDEX1456.HTM]
[MKB_10_C/INDEXB20F.HTM]
[MKB_10_C/INDEX995A.HTM]
[MKB_10_C/INDEX3F28.HTM]
[MKB_10_C/INDEXFC46.HTM]
[MKB_10_C/INDEX51AF.HTM]
[MKB_10_C/INDEXEF05.HTM]
[MKB_10_C/INDEXE491.HTM]
[MKB_10_C/INDEX86E5.HTM]
[MKB_10_C/INDEX47A8.HTM]
[MKB_10_C/INDEXDD2A.HTM]
[MKB_10_C/INDEX5B0D.HTM]
[MKB_10_C/INDEX211E.HTM]
[MKB_10_C/INDEX90BC.HTM]
[MKB_10_C/INDEXF0B7_2.HTM]
[MKB_10_C/INDEX268F.HTM]
[MKB_10_C/INDEX8A6F.HTM]
[MKB_10_C/INDEX6D54.HTM]
[MKB_10_C/INDEX6804.HTM]
[MKB_10_C/INDEX24F7.HTM]
[MKB_10_C/INDEX1C4F.HTM]
[MKB_10_C/INDEXAA41.HTM]
[MKB_10_C/INDEX3F45.HTM]
[MKB_10_C/INDEXEE99.HTM]
[MKB_10_C/INDEX4A01.HTM]
[MKB_10_C/INDEX1988.HTM]
[MKB_10_C/INDEX1EF0.HTM]
[MKB_10_C/INDEX9A45.HTM]
[MKB_10_C/INDEXBA43.HTM]
[MKB_10_C/INDEXFE78.HTM]
[MKB_10_C/INDEXFD9E.HTM]
[MKB_10_C/INDEXFD73.HTM]
[MKB_10_C/INDEX2275.HTM]
[MKB_10_C/INDEX9B7C.HTM]
[MKB_10_C/INDEXA55B.HTM]
[MKB_10_C/INDEX47FC.HTM]
[MKB_10_C/INDEX1B20.HTM]
[MKB_10_C/INDEX8E2F.HTM]
[MKB_10_C/INDEX83A9.HTM]
[MKB_10_C/INDEX6E94.HTM]
[MKB_10_C/INDEXFE44.HTM]
[MKB_10_C/INDEXDC51.HTM]
[MKB_10_C/INDEX1A5B.HTM]
[MKB_10_C/INDEX9ED3.HTM]
[MKB_10_C/INDEXCD59.HTM]
[MKB_10_C/INDEX56E9.HTM]
[MKB_10_C/INDEXEA0B.HTM]
[MKB_10_C/INDEXE8C6.HTM]
[MKB_10_C/INDEX40C1.HTM]
[MKB_10_C/INDEXE123.HTM]
[MKB_10_C/INDEXC480.HTM]
[MKB_10_C/INDEX9818.HTM]
[MKB_10_C/INDEXA7FB.HTM]
[MKB_10_C/INDEX417C.HTM]
[MKB_10_C/INDEXBB72.HTM]
[MKB_10_C/INDEX9D15.HTM]
[MKB_10_C/INDEX2E92.HTM]
[MKB_10_C/INDEXAA45.HTM]
[MKB_10_C/INDEX9A81.HTM]
[MKB_10_C/INDEXBA6F.HTM]
[MKB_10_C/INDEX598F.HTM]
[MKB_10_C/INDEXF0EC.HTM]
[MKB_10_C/INDEXA388.HTM]
[MKB_10_C/INDEX2B29.HTM]
[MKB_10_C/INDEX5411.HTM]
[MKB_10_C/INDEX698F.HTM]
[MKB_10_C/INDEX13CC.HTM]
[MKB_10_C/INDEXE4A4.HTM]
[MKB_10_C/INDEX084C.HTM]
[MKB_10_C/INDEX3F7D.HTM]
[MKB_10_C/INDEX4D9B.HTM]
[MKB_10_C/INDEX2E9A.HTM]
[MKB_10_C/INDEXA205.HTM]
[MKB_10_C/INDEX0848.HTM]
[MKB_10_C/INDEX742A.HTM]
[MKB_10_C/INDEX9257.HTM]
[MKB_10_C/INDEX6793.HTM]
[MKB_10_C/INDEXF833.HTM]
[MKB_10_C/INDEX48FE.HTM]
[MKB_10_C/INDEXD1C1.HTM]
[MKB_10_C/INDEX8A39.HTM]
[MKB_10_C/INDEXD28B.HTM]
[MKB_10_C/INDEXE5F0.HTM]
[MKB_10_C/INDEX0495.HTM]
[MKB_10_C/INDEX5D57.HTM]
[MKB_10_C/INDEXC935.HTM]
[MKB_10_C/INDEX8E77.HTM]
[MKB_10_C/INDEX3D13.HTM]
[MKB_10_C/INDEXD0D6.HTM]
[MKB_10_C/INDEX191E.HTM]
[MKB_10_C/INDEX3011.HTM]
[MKB_10_C/INDEXA118.HTM]
[MKB_10_C/INDEXF583.HTM]
[MKB_10_C/INDEX3504.HTM]
[MKB_10_C/INDEX9434.HTM]
[MKB_10_C/INDEXC153.HTM]
[MKB_10_C/INDEX2130.HTM]
[MKB_10_C/INDEXB6E5.HTM]
[MKB_10_C/INDEX535F.HTM]
[MKB_10_C/INDEX7955.HTM]
[MKB_10_C/INDEX5232.HTM]
[MKB_10_C/INDEXE17B.HTM]
[MKB_10_C/INDEXCBB8.HTM]
[MKB_10_C/INDEXDD7D.HTM]
[MKB_10_C/INDEX9789.HTM]
[MKB_10_C/INDEXF458.HTM]
[MKB_10_C/INDEX5280.HTM]
[MKB_10_C/INDEXE562.HTM]
[MKB_10_C/INDEXABB2.HTM]
[MKB_10_C/INDEX8676.HTM]
[MKB_10_C/INDEX0DC7.HTM]
[MKB_10_C/INDEX82AF.HTM]
[MKB_10_C/INDEX92B4.HTM]
[MKB_10_C/INDEXDD65.HTM]
[MKB_10_C/INDEXDEF2.HTM]
[MKB_10_C/INDEX9FAC.HTM]
[MKB_10_C/INDEX0AF3.HTM]
[MKB_10_C/INDEXD33B.HTM]
[MKB_10_C/INDEX5B53.HTM]
[MKB_10_C/INDEXCD08.HTM]
[MKB_10_C/INDEXA278.HTM]
[MKB_10_C/INDEX2221.HTM]
[MKB_10_C/INDEX5E42.HTM]
[MKB_10_C/INDEX536F.HTM]
[MKB_10_C/INDEX5030.HTM]
[MKB_10_C/INDEXA5CB.HTM]
[MKB_10_C/INDEXD7FF.HTM]
[MKB_10_C/INDEXF701.HTM]
[MKB_10_C/INDEXE248.HTM]
[MKB_10_C/INDEX3017.HTM]
[MKB_10_C/INDEX0B2A.HTM]
[MKB_10_C/INDEX7EC9.HTM]
[MKB_10_C/INDEX1994.HTM]
[MKB_10_C/INDEX03B8.HTM]
[MKB_10_C/INDEX388D.HTM]
[MKB_10_C/INDEX8592.HTM]
[MKB_10_C/INDEXF6D8.HTM]
[MKB_10_C/INDEX708D.HTM]
[MKB_10_C/INDEX4079.HTM]
[MKB_10_C/INDEX576C.HTM]
[MKB_10_C/INDEXDC60.HTM]
[MKB_10_C/INDEXDD37.HTM]
[MKB_10_C/INDEX5779.HTM]
[MKB_10_C/INDEX645B.HTM]
[MKB_10_C/INDEXD667.HTM]
[MKB_10_C/INDEX79CB.HTM]
[MKB_10_C/INDEX8699.HTM]
[MKB_10_C/INDEX86D1.HTM]
[MKB_10_C/INDEX4719.HTM]
[MKB_10_C/INDEX3768.HTM]
[MKB_10_C/INDEX8DDB.HTM]
[MKB_10_C/INDEX92D5.HTM]
[MKB_10_C/INDEX1D51.HTM]
[MKB_10_C/INDEXFD20.HTM]
[MKB_10_C/INDEX1513.HTM]
[MKB_10_C/INDEX6FF7.HTM]
[MKB_10_C/INDEX02A8.HTM]
[MKB_10_C/INDEX00F9.HTM]
[MKB_10_C/INDEXF570.HTM]
[MKB_10_C/INDEXB3B1.HTM]
[MKB_10_C/INDEX67F8.HTM]
[MKB_10_C/INDEX7943.HTM]
[MKB_10_C/INDEX1507.HTM]
[MKB_10_C/INDEXC35E.HTM]
[MKB_10_C/INDEX1EFA.HTM]
[MKB_10_C/INDEX482C.HTM]
[MKB_10_C/INDEX0F9B.HTM]
[MKB_10_C/INDEX80E7.HTM]
[MKB_10_C/INDEX09FF.HTM]
[MKB_10_C/INDEX7CE2.HTM]
[MKB_10_C/INDEXC5FC.HTM]
[MKB_10_C/INDEX5306.HTM]
[MKB_10_C/INDEX1D43.HTM]
[MKB_10_C/INDEXF04F.HTM]
[MKB_10_C/INDEXABF7.HTM]
[MKB_10_C/INDEX178F.HTM]
[MKB_10_C/INDEX0E5E.HTM]
[MKB_10_C/INDEX89A0.HTM]
[MKB_10_C/INDEX8684.HTM]
[MKB_10_C/INDEX4AD8.HTM]
[MKB_10_C/INDEX05F7.HTM]
[MKB_10_C/INDEX56A4.HTM]
[MKB_10_C/INDEXC16F.HTM]
[MKB_10_C/INDEX1813.HTM]
[MKB_10_C/INDEX3966.HTM]
[MKB_10_C/INDEXFF75.HTM]
[MKB_10_C/INDEXBECC.HTM]
[MKB_10_C/INDEXC2C9.HTM]
[MKB_10_C/INDEXCB22.HTM]
[MKB_10_C/INDEXE919.HTM]
[MKB_10_C/INDEXC1FC.HTM]
[MKB_10_C/INDEXF340.HTM]
[MKB_10_C/INDEX0B52.HTM]
[MKB_10_C/INDEXD6D0.HTM]
[MKB_10_C/INDEXEBE8.HTM]
[MKB_10_C/INDEXD0F3.HTM]
[MKB_10_C/INDEX3A73.HTM]
[MKB_10_C/INDEXB09D.HTM]
[MKB_10_C/INDEXF912.HTM]
[MKB_10_C/INDEX7317.HTM]
[MKB_10_C/INDEXCFC0.HTM]
[MKB_10_C/INDEX94D9.HTM]
[MKB_10_C/INDEXDC5A.HTM]
[MKB_10_C/INDEXE72F.HTM]
[MKB_10_C/INDEXC64C.HTM]
[MKB_10_C/INDEXB988.HTM]
[MKB_10_C/INDEX9D4F.HTM]
[MKB_10_C/INDEX8DDC.HTM]
[MKB_10_C/INDEX3057.HTM]
[MKB_10_C/INDEX7B5E.HTM]
[MKB_10_C/INDEX9151.HTM]
[MKB_10_C/INDEXFD62.HTM]
[MKB_10_C/INDEXC480_2.HTM]
[MKB_10_C/INDEXB632.HTM]
[MKB_10_C/INDEX8A3A.HTM]
[MKB_10_C/INDEX7E9F.HTM]
[MKB_10_C/INDEX1D21.HTM]
[MKB_10_C/INDEX097D.HTM]
[MKB_10_C/INDEX31D6.HTM]
[MKB_10_C/INDEXFCBD.HTM]
[MKB_10_C/INDEXD4F7.HTM]
[MKB_10_C/INDEXF661.HTM]
[MKB_10_C/INDEX75CD.HTM]
[MKB_10_C/INDEX727A.HTM]
[MKB_10_C/INDEX0D92.HTM]
[MKB_10_C/INDEX7B22.HTM]
[MKB_10_C/INDEX7938.HTM]
[MKB_10_C/INDEX98FC.HTM]
[MKB_10_C/INDEX90D1.HTM]
[MKB_10_C/INDEX9BB4.HTM]
[MKB_10_C/INDEXC5CE.HTM]
[MKB_10_C/INDEX80AE.HTM]
[MKB_10_C/INDEXE606.HTM]
[MKB_10_C/INDEX8946.HTM]
[MKB_10_C/INDEX3F86.HTM]
[MKB_10_C/ALPHABET/_.HTM]
[MKB_10_C/ALPHABET/_3.HTM]
[MKB_10_C/ALPHABET/_4.HTM]
[MKB_10_C/ALPHABET/_5.HTM]
[MKB_10_C/ALPHABET/_7.HTM]
[MKB_10_C/ALPHABET/_6.HTM]
[MKB_10_C/ALPHABET/_8.HTM]
[MKB_10_C/ALPHABET/_9.HTM]
[MKB_10_C/ALPHABET/_10.HTM]
[MKB_10_C/ALPHABET/_12.HTM]
[MKB_10_C/ALPHABET/_11.HTM]
[MKB_10_C/ALPHABET/_13.HTM]
[MKB_10_C/ALPHABET/_14.HTM]
[MKB_10_C/ALPHABET/_15.HTM]
[MKB_10_C/ALPHABET/_16.HTM]
[MKB_10_C/ALPHABET/_17.HTM]
[MKB_10_C/ALPHABET/_18.HTM]
[MKB_10_C/ALPHABET/_19.HTM]
[MKB_10_C/ALPHABET/_20.HTM]
[MKB_10_C/ALPHABET/_21.HTM]
[MKB_10_C/ALPHABET/_22.HTM]
[MKB_10_C/ALPHABET/_23.HTM]
[MKB_10_C/ALPHABET/_24.HTM]
[MKB_10_C/ALPHABET/_25.HTM]
[MKB_10_C/ALPHABET/_26.HTM]
[MKB_10_C/ALPHABET/_27.HTM]
[MKB_10_C/ALPHABET/_28.HTM]
[MKB_10_C/ALPHABET/INDEX.HTM]
[MKB_10_C/ALPHABET/_29.HTM]
[MKB_10_C/INDEXF5F5.HTM]
[MKB_10_C/INDEXABFD.HTM]
[MKB_10_C/INDEX3DEE.HTM]
[MKB_10_C/INDEX4E8F.HTM]
[MKB_10_C/INDEX1D94.HTM]
[MKB_10_C/INDEX4064.HTM]
[MKB_10_C/INDEX7B0E.HTM]
[MKB_10_C/INDEXA4E9.HTM]
[MKB_10_C/INDEX92BC.HTM]
[MKB_10_C/INDEXF426.HTM]
[MKB_10_C/INDEX5495.HTM]
[MKB_10_C/INDEXA7FE.HTM]
[MKB_10_C/INDEX2BED.HTM]
[MKB_10_C/INDEX8026.HTM]
[MKB_10_C/INDEX406E.HTM]
[MKB_10_C/INDEXC8AD.HTM]
[MKB_10_C/INDEXA642.HTM]
[MKB_10_C/INDEX41E2.HTM]
[MKB_10_C/INDEX1424.HTM]
[MKB_10_C/INDEX2B3D.HTM]
[MKB_10_C/INDEXD0F3_2.HTM]
[MKB_10_C/INDEX7008.HTM]
[MKB_10_C/INDEX114D.HTM]
[MKB_10_C/INDEXE3B5.HTM]
[MKB_10_C/INDEXB626.HTM]
[MKB_10_C/INDEXB371.HTM]
[MKB_10_C/INDEX766F.HTM]
[MKB_10_C/INDEXE8EF.HTM]
[MKB_10_C/INDEXBB18.HTM]
[MKB_10_C/INDEX0BBF.HTM]
[MKB_10_C/INDEXB2D8.HTM]
[MKB_10_C/INDEXDFDF.HTM]
[MKB_10_C/INDEX3A06.HTM]
[MKB_10_C/INDEXABA2.HTM]
[MKB_10_C/INDEX2BDE.HTM]
[MKB_10_C/INDEX19B5.HTM]
[MKB_10_C/INDEXBCB7.HTM]
[MKB_10_C/INDEX4E9F.HTM]
[MKB_10_C/INDEX0DE0.HTM]
[MKB_10_C/INDEX8F7C.HTM]
[MKB_10_C/INDEX6EF5.HTM]
[MKB_10_C/INDEXEADF.HTM]
[MKB_10_C/INDEX6227.HTM]
[MKB_10_C/INDEX0A2E.HTM]
[MKB_10_C/INDEXDB8A.HTM]
[MKB_10_C/INDEX6EC7.HTM]
[MKB_10_C/INDEXE4EF.HTM]
[MKB_10_C/INDEX025F.HTM]
[MKB_10_C/INDEX7251.HTM]
[MKB_10_C/INDEXDE89.HTM]
[MKB_10_C/INDEX60C6.HTM]
[MKB_10_C/INDEXEF84.HTM]
[MKB_10_C/INDEX2148.HTM]
[MKB_10_C/INDEXCF37.HTM]
[MKB_10_C/INDEX5D8D.HTM]
[MKB_10_C/INDEXBCD4.HTM]
[MKB_10_C/INDEX40A5.HTM]
[MKB_10_C/INDEXDE8C.HTM]
[MKB_10_C/INDEX1B6E.HTM]
[MKB_10_C/INDEX915C.HTM]
[MKB_10_C/INDEXA92E.HTM]
[MKB_10_C/INDEXB65D.HTM]
[MKB_10_C/INDEX26B8.HTM]
[MKB_10_C/INDEX6B7C.HTM]
[MKB_10_C/INDEX98C2.HTM]
[MKB_10_C/INDEX27CB.HTM]
[MKB_10_C/INDEX968D.HTM]
[MKB_10_C/INDEX57BC.HTM]
[MKB_10_C/INDEXDB9A.HTM]
[MKB_10_C/INDEX4D2F.HTM]
[MKB_10_C/INDEX81AF.HTM]
[MKB_10_C/INDEX68CC.HTM]
[MKB_10_C/INDEXAEDA.HTM]
[MKB_10_C/INDEXEF9E.HTM]
[MKB_10_C/INDEXB20E.HTM]
[MKB_10_C/INDEXD56D.HTM]
[MKB_10_C/INDEX290A.HTM]
[MKB_10_C/INDEX150B.HTM]
[MKB_10_C/INDEX7A9A.HTM]
[MKB_10_C/INDEX991D.HTM]
[MKB_10_C/INDEX1A65.HTM]
[MKB_10_C/INDEX4680.HTM]
[MKB_10_C/INDEX048C.HTM]
[MKB_10_C/INDEXB2BE.HTM]
[MKB_10_C/INDEX1B11.HTM]
[MKB_10_C/INDEXCF2D.HTM]
[MKB_10_C/INDEXACAE.HTM]
[MKB_10_C/INDEX25C8.HTM]
[MKB_10_C/INDEX9FE0.HTM]
[MKB_10_C/INDEX1E6E.HTM]
[MKB_10_C/INDEX592D.HTM]
[MKB_10_C/INDEXBF5C.HTM]
[MKB_10_C/INDEX0BF2.HTM]
[MKB_10_C/INDEXAAE1.HTM]
[MKB_10_C/INDEX26F3.HTM]
[MKB_10_C/INDEX7F6D.HTM]
[MKB_10_C/INDEXAE41.HTM]
[MKB_10_C/INDEXA8CF.HTM]
[MKB_10_C/INDEX624F.HTM]
[MKB_10_C/INDEX3A1B.HTM]
[MKB_10_C/INDEXACD2.HTM]
[MKB_10_C/INDEX7818.HTM]
[MKB_10_C/INDEX9C02.HTM]
[MKB_10_C/INDEX4C0E.HTM]
[MKB_10_C/INDEXF770.HTM]
[MKB_10_C/INDEX45F5.HTM]
[MKB_10_C/INDEX192F.HTM]
[MKB_10_C/INDEX21BC.HTM]
[MKB_10_C/INDEX04CA.HTM]
[MKB_10_C/INDEXAEED.HTM]
[MKB_10_C/INDEX94DD.HTM]
[MKB_10_C/INDEXDCF1.HTM]
[MKB_10_C/INDEX9A56.HTM]
[MKB_10_C/INDEX7F83.HTM]
[MKB_10_C/INDEX49AB.HTM]
[MKB_10_C/INDEX5B91.HTM]
[MKB_10_C/INDEX8F92.HTM]
[MKB_10_C/INDEX7C4E.HTM]
[MKB_10_C/INDEX6770.HTM]
[MKB_10_C/INDEX12C3.HTM]
[MKB_10_C/INDEX0883.HTM]
[MKB_10_C/INDEXB926.HTM]
[MKB_10_C/INDEX1150.HTM]
[MKB_10_C/INDEXA390.HTM]
[MKB_10_C/INDEX87D2.HTM]
[MKB_10_C/INDEX770C.HTM]
[MKB_10_C/INDEXD60D.HTM]
[MKB_10_C/INDEXC801.HTM]
[MKB_10_C/INDEXC7F6.HTM]
[MKB_10_C/INDEX7531.HTM]
[MKB_10_C/INDEXA559.HTM]
[MKB_10_C/INDEXE7D4.HTM]
[MKB_10_C/INDEXC098.HTM]
[MKB_10_C/INDEX5CFA.HTM]
[MKB_10_C/INDEXBA2B.HTM]
[MKB_10_C/INDEX95EC.HTM]
[MKB_10_C/INDEX2520.HTM]
[MKB_10_C/INDEX39DB.HTM]
[MKB_10_C/INDEX43ED.HTM]
[MKB_10_C/INDEXB9CA.HTM]
[MKB_10_C/INDEX588E.HTM]
[MKB_10_C/INDEX0E52.HTM]
[MKB_10_C/INDEX3ECD.HTM]
[MKB_10_C/INDEX226F.HTM]
[MKB_10_C/INDEX48A9.HTM]
[MKB_10_C/INDEX90F8.HTM]
[MKB_10_C/INDEX1534.HTM]
[MKB_10_C/INDEX414E.HTM]
[MKB_10_C/INDEX84CF.HTM]
[MKB_10_C/INDEXA1DA.HTM]
[MKB_10_C/INDEX0438.HTM]
[MKB_10_C/INDEX5143.HTM]
[MKB_10_C/INDEX9BEF.HTM]
[MKB_10_C/INDEX713A.HTM]
[MKB_10_C/INDEXCC06.HTM]
[MKB_10_C/INDEX275B.HTM]
[MKB_10_C/INDEXA98E.HTM]
[MKB_10_C/INDEXB0ED.HTM]
[MKB_10_C/INDEXF849.HTM]
[MKB_10_C/INDEX0854.HTM]
[MKB_10_C/INDEX7A29.HTM]
[MKB_10_C/INDEXD53C.HTM]
[MKB_10_C/INDEXCA91.HTM]
[MKB_10_C/INDEXB2CC.HTM]
[MKB_10_C/INDEX0AAC.HTM]
[MKB_10_C/INDEXE6FC.HTM]
[MKB_10_C/INDEX8DEC.HTM]
[MKB_10_C/INDEX05CF.HTM]
[MKB_10_C/INDEX8EE1.HTM]
[MKB_10_C/INDEX7661.HTM]
[MKB_10_C/INDEX16C1.HTM]
[MKB_10_C/INDEX860A.HTM]
[MKB_10_C/INDEX022D.HTM]
[MKB_10_C/INDEX1A1E.HTM]
[MKB_10_C/INDEX1F6A.HTM]
[MKB_10_C/INDEX2C70.HTM]
[MKB_10_C/INDEX1B64.HTM]
[MKB_10_C/INDEX2F3D.HTM]
[MKB_10_C/INDEX8A73.HTM]
[MKB_10_C/INDEXF69D.HTM]
[MKB_10_C/INDEX9110.HTM]
[MKB_10_C/INDEXD21A.HTM]
[MKB_10_C/INDEX0E78.HTM]
[MKB_10_C/INDEX9B6D.HTM]
[MKB_10_C/INDEXE750.HTM]
[MKB_10_C/INDEX901D.HTM]
[MKB_10_C/INDEX4FFA.HTM]
[MKB_10_C/INDEX923E.HTM]
[MKB_10_C/INDEX4955.HTM]
[MKB_10_C/INDEXCAFE.HTM]
[MKB_10_C/INDEX1D33.HTM]
[MKB_10_C/INDEX670F.HTM]
[MKB_10_C/INDEX8FA4.HTM]
[MKB_10_C/INDEX22A4.HTM]
[MKB_10_C/INDEXE0CE.HTM]
[MKB_10_C/INDEXD26B.HTM]
[MKB_10_C/INDEXD56F.HTM]
[MKB_10_C/INDEXFBA4.HTM]
[MKB_10_C/INDEXDF71.HTM]
[MKB_10_C/INDEX2C0E.HTM]
[MKB_10_C/INDEX56C2.HTM]
[MKB_10_C/INDEX5CCE.HTM]
[MKB_10_C/INDEXDF99.HTM]
[MKB_10_C/INDEX3843.HTM]
[MKB_10_C/INDEXA2AB.HTM]
[MKB_10_C/INDEX8A90.HTM]
[MKB_10_C/INDEXE5A7.HTM]
[MKB_10_C/INDEX604F.HTM]
[MKB_10_C/INDEX8064.HTM]
[MKB_10_C/INDEX9972.HTM]
[MKB_10_C/INDEX2220.HTM]
[MKB_10_C/INDEX88B0.HTM]
[MKB_10_C/INDEX30AF.HTM]
[MKB_10_C/INDEXB426.HTM]
[MKB_10_C/INDEX89D4.HTM]
[MKB_10_C/INDEXD605.HTM]
[MKB_10_C/INDEXB199.HTM]
[MKB_10_C/INDEX3796.HTM]
[MKB_10_C/INDEX1DAC.HTM]
[MKB_10_C/INDEX08EC.HTM]
[MKB_10_C/INDEXB2E5.HTM]
[MKB_10_C/INDEX8CE1.HTM]
[MKB_10_C/INDEX0130.HTM]
[MKB_10_C/INDEX4AC1.HTM]
[MKB_10_C/INDEX3991.HTM]
[MKB_10_C/INDEXCFD8.HTM]
[MKB_10_C/INDEXF325.HTM]
[MKB_10_C/INDEX9619.HTM]
[MKB_10_C/INDEX0C14.HTM]
[MKB_10_C/INDEXD17C.HTM]
[MKB_10_C/INDEX8B08.HTM]
[MKB_10_C/INDEX67A6.HTM]
[MKB_10_C/INDEXE8C0.HTM]
[MKB_10_C/INDEXAE4D.HTM]
[MKB_10_C/INDEX065E.HTM]
[MKB_10_C/INDEXAF08.HTM]
[MKB_10_C/INDEXA352.HTM]
[MKB_10_C/INDEXC2E7.HTM]
[MKB_10_C/INDEX6D7A.HTM]
[MKB_10_C/INDEX683B.HTM]
[MKB_10_C/INDEX66E9.HTM]
[MKB_10_C/INDEXBD27.HTM]
[MKB_10_C/INDEXC43E.HTM]
[MKB_10_C/INDEX2C06.HTM]
[MKB_10_C/INDEXC92D.HTM]
[MKB_10_C/INDEX88F0.HTM]
[MKB_10_C/INDEX46F6.HTM]
[MKB_10_C/INDEXEEEF.HTM]
[MKB_10_C/INDEXFC47.HTM]
[MKB_10_C/INDEXF57E.HTM]
[MKB_10_C/INDEXD80D.HTM]
[MKB_10_C/INDEXD28B_2.HTM]
[MKB_10_C/INDEX50F2.HTM]
[MKB_10_C/INDEX3419.HTM]
[MKB_10_C/INDEX8497.HTM]
[MKB_10_C/INDEX334D.HTM]
[MKB_10_C/INDEX59A6.HTM]
[MKB_10_C/INDEXE7CC.HTM]
[MKB_10_C/INDEX5232_2.HTM]
[MKB_10_C/INDEXD19D.HTM]
[MKB_10_C/INDEXAD7F.HTM]
[MKB_10_C/INDEXEA16.HTM]
[MKB_10_C/INDEX50C2.HTM]
[MKB_10_C/INDEX5EA9.HTM]
[MKB_10_C/INDEX4D52.HTM]
[MKB_10_C/INDEX363C.HTM]
[MKB_10_C/INDEX2C3D.HTM]
[MKB_10_C/INDEX47B1.HTM]
[MKB_10_C/INDEX9B6C.HTM]
[MKB_10_C/INDEXCAAC.HTM]
[MKB_10_C/INDEXE2E0.HTM]
[MKB_10_C/INDEX67B2.HTM]
[MKB_10_C/INDEXEE78.HTM]
[MKB_10_C/INDEX0A4C.HTM]
[MKB_10_C/INDEXF68A.HTM]
[MKB_10_C/INDEXC582.HTM]
[MKB_10_C/INDEX07CE.HTM]
[MKB_10_C/INDEXBBCB.HTM]
[MKB_10_C/INDEX6332.HTM]
[MKB_10_C/INDEXD0E8.HTM]
[MKB_10_C/INDEX193F.HTM]
[MKB_10_C/INDEXB393.HTM]
[MKB_10_C/INDEXBEF4.HTM]
[MKB_10_C/INDEX6EFA.HTM]
[MKB_10_C/INDEXB055.HTM]
[MKB_10_C/INDEX31F0.HTM]
[MKB_10_C/INDEX7802.HTM]
[MKB_10_C/INDEX027D.HTM]
[MKB_10_C/INDEXD76A.HTM]
[MKB_10_C/INDEXB499.HTM]
[MKB_10_C/INDEXC19F.HTM]
[MKB_10_C/INDEX6BF0.HTM]
[MKB_10_C/INDEX3589.HTM]
[MKB_10_C/INDEX2425.HTM]
[MKB_10_C/INDEX8EA0.HTM]
[MKB_10_C/INDEX3FE9.HTM]
[MKB_10_C/INDEXDF18.HTM]
[MKB_10_C/INDEXA009.HTM]
[MKB_10_C/INDEX7865.HTM]
[MKB_10_C/INDEX4658.HTM]
[MKB_10_C/INDEX25FA.HTM]
[MKB_10_C/INDEX8C43.HTM]
[MKB_10_C/INDEXD5B7.HTM]
[MKB_10_C/INDEX6A67.HTM]
[MKB_10_C/INDEXF4CC.HTM]
[MKB_10_C/INDEXB08D.HTM]
[MKB_10_C/INDEXBA16.HTM]
[MKB_10_C/INDEX3261.HTM]
[MKB_10_C/INDEXA51C.HTM]
[MKB_10_C/INDEXF1F9.HTM]
[MKB_10_C/INDEX114E.HTM]
[MKB_10_C/INDEXC253.HTM]
[MKB_10_C/INDEXB112.HTM]
[MKB_10_C/INDEX7A8D.HTM]
[MKB_10_C/INDEX1578.HTM]
[MKB_10_C/INDEXA755.HTM]
[MKB_10_C/INDEX903C.HTM]
[MKB_10_C/INDEX0448.HTM]
[MKB_10_C/UPDATES/INDEX.HTM]
[MKB_10_C/SCRIPT/JQUERY_3_3_1_MIN.JS]
[MKB_10_C/SCRIPT/SCROLLBLOCK.CSS]
[MKB_10_C/SCRIPT/SCROLLBLOCK.JS]
[MKB_10_C/SCRIPT/JQUERY_INPUTMASK_BUNDLE.JS]
[MKB_10_C/SCRIPT/INPUTMASK_BINDING.JS]
[MKB_10_C/JSHTTPREQUEST/JSHTTPREQUEST.JS]
[MKB_10_C/INDEXFBA1.HTM]
[MKB_10_C/SCRIPT/SCRIPTS.JS]
[YASTATIC_N/ES5_SHIMS/0_0_2/ES5_SHIMS_MIN.JS]
[MKB_10_C/YASTATIC_NET/INDEX.HTM]
[MKB_10_C/INDEX4F51.HTM]
[MKB_10_C/INDEX6EB0.HTM]
[MKB_10_C/INDEX11D8.HTM]
[MKB_10_C/INDEX2849.HTM]
[MKB_10_C/INDEX766A.HTM]
[MKB_10_C/INDEX2A64.HTM]
[MKB_10_C/INDEXDA41.HTM]
[MKB_10_C/INDEX91B3.HTM]
[MKB_10_C/INDEX3037.HTM]
[MKB_10_C/INDEX26D5.HTM]
[MKB_10_C/INDEXA9D0.HTM]
[MKB_10_C/INDEX64C6.HTM]
[MKB_10_C/INDEX2792.HTM]
[MKB_10_C/INDEXC007.HTM]
[MKB_10_C/INDEX5446.HTM]
[MKB_10_C/INDEX2373.HTM]
[MKB_10_C/INDEX66D3.HTM]
[MKB_10_C/INDEX386F.HTM]
[MKB_10_C/INDEX867A.HTM]
[MKB_10_C/INDEX2156.HTM]
[MKB_10_C/INDEXFEED.HTM]
[MKB_10_C/INDEXC61F.HTM]
[MKB_10_C/INDEX321A.HTM]
[MKB_10_C/INDEX4DA9.HTM]
[MKB_10_C/INDEX67B1.HTM]
[MKB_10_C/INDEX0CFA.HTM]
[MKB_10_C/INDEX5DF2.HTM]
[MKB_10_C/INDEX3892.HTM]
[MKB_10_C/INDEX8483.HTM]
[MKB_10_C/INDEX1868.HTM]
[MKB_10_C/INDEX5BF0.HTM]
[MKB_10_C/INDEXB8E1.HTM]
[MKB_10_C/INDEX90F3.HTM]
[MKB_10_C/INDEXC163.HTM]
[MKB_10_C/INDEX248E.HTM]
[MKB_10_C/INDEX8490.HTM]
[MKB_10_C/INDEX4BB9.HTM]
[MKB_10_C/INDEX905F.HTM]
[MKB_10_C/INDEXC7DA.HTM]
[MKB_10_C/INDEX8757.HTM]
[MKB_10_C/INDEXDC33.HTM]
[MKB_10_C/INDEX67D1.HTM]
[MKB_10_C/INDEX1ED2.HTM]
[MKB_10_C/INDEXCD6B.HTM]
[MKB_10_C/INDEX7FB9.HTM]
[MKB_10_C/INDEXDB13.HTM]
[MKB_10_C/INDEX46ED.HTM]
[MKB_10_C/INDEX06AA.HTM]
[MKB_10_C/INDEXF037.HTM]
[MKB_10_C/INDEX9363.HTM]
[MKB_10_C/INDEX6010.HTM]
[MKB_10_C/INDEXA3E7.HTM]
[MKB_10_C/INDEX0BFF.HTM]
[MKB_10_C/INDEXD53D.HTM]
[MKB_10_C/INDEXF346.HTM]
[MKB_10_C/INDEX4542.HTM]
[MKB_10_C/INDEXC5B2.HTM]
[MKB_10_C/INDEXAD27.HTM]
[MKB_10_C/INDEX0EF2.HTM]
[MKB_10_C/INDEXF19F.HTM]
[MKB_10_C/INDEX7289.HTM]
[MKB_10_C/INDEX9803.HTM]
[MKB_10_C/INDEX56A6.HTM]
[MKB_10_C/INDEX912B.HTM]
[MKB_10_C/INDEX8832.HTM]
[MKB_10_C/INDEX9C63.HTM]
[MKB_10_C/INDEX2378.HTM]
[MKB_10_C/INDEXF042.HTM]
[MKB_10_C/INDEXD9AE.HTM]
[MKB_10_C/INDEX2308.HTM]
[MKB_10_C/INDEX1AA2.HTM]
[MKB_10_C/INDEX3735.HTM]
[MKB_10_C/INDEX48B3.HTM]
[MKB_10_C/INDEX1566.HTM]
[MKB_10_C/INDEX9695.HTM]
[MKB_10_C/INDEX0530.HTM]
[MKB_10_C/INDEX2070.HTM]
[MKB_10_C/INDEX8574.HTM]
[MKB_10_C/INDEXA0E6.HTM]
[MKB_10_C/INDEXEFA1.HTM]
[MKB_10_C/INDEX9C22.HTM]
[MKB_10_C/INDEXEA86.HTM]
[MKB_10_C/INDEX0C50.HTM]
[MKB_10_C/INDEXE40F.HTM]
[MKB_10_C/INDEX8D25.HTM]
[MKB_10_C/INDEXE172.HTM]
[MKB_10_C/INDEX8D0F.HTM]
[MKB_10_C/INDEXAAE4.HTM]
[MKB_10_C/INDEXB45B.HTM]
[MKB_10_C/INDEX0A88.HTM]
[MKB_10_C/INDEXF544.HTM]
[MKB_10_C/INDEX74EE.HTM]
[MKB_10_C/INDEXB311.HTM]
[MKB_10_C/INDEX4230.HTM]
[MKB_10_C/INDEXE552.HTM]
[MKB_10_C/INDEXFA0A.HTM]
[MKB_10_C/INDEX184F.HTM]
[MKB_10_C/INDEXBAD1.HTM]
[MKB_10_C/INDEX4967.HTM]
[MKB_10_C/INDEX65A0.HTM]
[MKB_10_C/INDEXD5B5.HTM]
[MKB_10_C/INDEXFF21.HTM]
[MKB_10_C/INDEX536A.HTM]
[MKB_10_C/INDEXA102.HTM]
[MKB_10_C/INDEX36B6.HTM]
[MKB_10_C/INDEXE012.HTM]
[MKB_10_C/INDEX85C5.HTM]
[MKB_10_C/INDEX9BA2.HTM]
[MKB_10_C/INDEX2D59.HTM]
[MKB_10_C/INDEXF980.HTM]
[MKB_10_C/INDEX5F7F.HTM]
[MKB_10_C/INDEX6B15.HTM]
[MKB_10_C/INDEX87AB.HTM]
[MKB_10_C/INDEX824A.HTM]
[MKB_10_C/INDEX6B66.HTM]
[MKB_10_C/INDEXF2E5.HTM]
[MKB_10_C/INDEX2F05.HTM]
[MKB_10_C/INDEX5925.HTM]
[MKB_10_C/INDEX1F7B.HTM]
[MKB_10_C/INDEX56F9.HTM]
[MKB_10_C/INDEXD86A.HTM]
[MKB_10_C/INDEXA903.HTM]
[MKB_10_C/INDEXB599.HTM]
[MKB_10_C/INDEX2502.HTM]
[MKB_10_C/INDEXCD65.HTM]
[MKB_10_C/INDEX7BA7.HTM]
[MKB_10_C/INDEX6655.HTM]
[MKB_10_C/INDEX8DFD.HTM]
[MKB_10_C/INDEXB87C.HTM]
[MKB_10_C/INDEX2C94.HTM]
[MKB_10_C/INDEXE6DB.HTM]
[MKB_10_C/INDEXE6BC.HTM]
[MKB_10_C/INDEXA86F.HTM]
[MKB_10_C/INDEX4C9F.HTM]
[MKB_10_C/INDEX7D11.HTM]
[MKB_10_C/INDEX928A.HTM]
[MKB_10_C/INDEXFED0.HTM]
[MKB_10_C/INDEXA465.HTM]
[MKB_10_C/INDEXC0CF.HTM]
[MKB_10_C/INDEX4E37.HTM]
[MKB_10_C/INDEXF309.HTM]
[MKB_10_C/INDEX493A.HTM]
[MKB_10_C/INDEXEB98.HTM]
[MKB_10_C/INDEXBB2F.HTM]
[MKB_10_C/INDEX5E0D.HTM]
[MKB_10_C/INDEX7197.HTM]
[MKB_10_C/INDEXBD39.HTM]
[MKB_10_C/INDEXD012.HTM]
[MKB_10_C/INDEX8CD0.HTM]
[MKB_10_C/INDEXF6BA.HTM]
[MKB_10_C/INDEXFD0A.HTM]
[MKB_10_C/INDEXEE72.HTM]
[MKB_10_C/INDEXAAF1.HTM]
[MKB_10_C/INDEXAE45.HTM]
[MKB_10_C/INDEX4BBD.HTM]
[MKB_10_C/INDEX9030.HTM]
[MKB_10_C/INDEXF6FA.HTM]
[MKB_10_C/INDEX0A6A.HTM]
[MKB_10_C/INDEX5C24.HTM]
[MKB_10_C/INDEXB952.HTM]
[MKB_10_C/INDEXA4CB.HTM]
[MKB_10_C/INDEXC7A3.HTM]
[MKB_10_C/INDEXC966.HTM]
[MKB_10_C/INDEX4985.HTM]
[MKB_10_C/INDEX65AB.HTM]
[MKB_10_C/INDEXEA2F.HTM]
[MKB_10_C/INDEX538D.HTM]
[MKB_10_C/INDEX95C3.HTM]
[MKB_10_C/INDEXF957.HTM]
[MKB_10_C/INDEXBA09.HTM]
[MKB_10_C/INDEXF2FE.HTM]
[MKB_10_C/INDEXBEFC.HTM]
[MKB_10_C/INDEXA5ED.HTM]
[MKB_10_C/INDEXB738.HTM]
[MKB_10_C/INDEX2856.HTM]
[MKB_10_C/INDEX0828.HTM]
[MKB_10_C/INDEX6D60.HTM]
[MKB_10_C/INDEX2F53.HTM]
[MKB_10_C/INDEX5637.HTM]
[MKB_10_C/INDEX3459.HTM]
[MKB_10_C/INDEX48CC.HTM]
[MKB_10_C/INDEX8860.HTM]
[MKB_10_C/INDEX8F70.HTM]
[MKB_10_C/INDEX984E.HTM]
[MKB_10_C/INDEX5D06.HTM]
[MKB_10_C/INDEXB690.HTM]
[MKB_10_C/INDEX25C2.HTM]
[MKB_10_C/INDEX9DAE.HTM]
[MKB_10_C/INDEX54BE.HTM]
[MKB_10_C/INDEX2A10.HTM]
[MKB_10_C/INDEXFD58.HTM]
[MKB_10_C/INDEX1495.HTM]
[MKB_10_C/INDEX2D04.HTM]
[MKB_10_C/INDEXD245.HTM]
[MKB_10_C/INDEX6C50.HTM]
[MKB_10_C/INDEXDCD8.HTM]
[MKB_10_C/INDEX9E44.HTM]
[MKB_10_C/INDEX57C1.HTM]
[MKB_10_C/INDEXC377.HTM]
[MKB_10_C/INDEXE241.HTM]
[MKB_10_C/INDEX0EC8.HTM]
[MKB_10_C/INDEX5711.HTM]
[MKB_10_C/INDEX4FF5.HTM]
[MKB_10_C/INDEX689C.HTM]
[MKB_10_C/INDEX83AA.HTM]
[MKB_10_C/INDEX90C5.HTM]
[MKB_10_C/INDEXAD79.HTM]
[MKB_10_C/INDEX194B.HTM]
[MKB_10_C/INDEX3E99.HTM]
[MKB_10_C/INDEX636B.HTM]
[MKB_10_C/INDEXF837.HTM]
[MKB_10_C/INDEXDD33.HTM]
[MKB_10_C/INDEX0BB1.HTM]
[MKB_10_C/INDEX1A2B.HTM]
[MKB_10_C/INDEXE673.HTM]
[MKB_10_C/INDEXBC05.HTM]
[MKB_10_C/INDEX8718.HTM]
[MKB_10_C/INDEX6130.HTM]
[MKB_10_C/INDEX5CE5.HTM]
[MKB_10_C/INDEX5037.HTM]
[MKB_10_C/INDEXD623.HTM]
[MKB_10_C/INDEXC87A.HTM]
[MKB_10_C/INDEX542B.HTM]
[MKB_10_C/INDEXDD61.HTM]
[MKB_10_C/INDEX394C.HTM]
[MKB_10_C/INDEX11D9.HTM]
[MKB_10_C/INDEXFFDD.HTM]
[MKB_10_C/INDEX9934.HTM]
[MKB_10_C/INDEX08EB.HTM]
[MKB_10_C/INDEX4A1D.HTM]
[MKB_10_C/INDEX1B8A.HTM]
[MKB_10_C/INDEX621B.HTM]
[MKB_10_C/INDEXF062.HTM]
[MKB_10_C/INDEX69B1.HTM]
[MKB_10_C/INDEXF97E.HTM]
[MKB_10_C/INDEXFDAB.HTM]
[MKB_10_C/INDEX9481.HTM]
[MKB_10_C/INDEX2B36.HTM]
[MKB_10_C/INDEX7199.HTM]
[MKB_10_C/INDEXCA93.HTM]
[MKB_10_C/INDEXFF97.HTM]
[MKB_10_C/INDEXE39B.HTM]
[MKB_10_C/INDEX48DF.HTM]
[MKB_10_C/INDEX2EF1.HTM]
[MKB_10_C/INDEX3F7C.HTM]
[MKB_10_C/INDEXF60E.HTM]
[MKB_10_C/INDEX340D.HTM]
[MKB_10_C/INDEX81E0.HTM]
[MKB_10_C/INDEX381C.HTM]
[MKB_10_C/INDEXA0F2.HTM]
[MKB_10_C/INDEX8728.HTM]
[MKB_10_C/INDEXC313.HTM]
[MKB_10_C/INDEX5006.HTM]
[MKB_10_C/INDEX61D3.HTM]
[MKB_10_C/INDEX6DA5.HTM]
[MKB_10_C/INDEXFFF8.HTM]
[MKB_10_C/INDEXDFAE.HTM]
[MKB_10_C/INDEX8171.HTM]
[MKB_10_C/INDEX3CA7.HTM]
[MKB_10_C/INDEX4ECB.HTM]
[MKB_10_C/INDEX7DD6.HTM]
[MKB_10_C/INDEXEF11.HTM]
[MKB_10_C/INDEX1B34.HTM]
[MKB_10_C/INDEX6FA0.HTM]
[MKB_10_C/INDEX9EB1.HTM]
[MKB_10_C/INDEXCFAD.HTM]
[MKB_10_C/INDEXA9FB.HTM]
[MKB_10_C/INDEX9FD5.HTM]
[MKB_10_C/INDEX803D.HTM]
[MKB_10_C/INDEX4034.HTM]
[MKB_10_C/INDEXBBDF.HTM]
[MKB_10_C/INDEX7E91.HTM]
[MKB_10_C/INDEX7356.HTM]
[MKB_10_C/INDEXCDC3.HTM]
[MKB_10_C/INDEX073F.HTM]
[MKB_10_C/INDEXCBE3.HTM]
[MKB_10_C/INDEX4E1D.HTM]
[MKB_10_C/INDEX6598.HTM]
[MKB_10_C/INDEX5C30.HTM]
[MKB_10_C/INDEX2CDF.HTM]
[MKB_10_C/INDEX1CBB.HTM]
[MKB_10_C/INDEX2B9D.HTM]
[MKB_10_C/INDEX0B46.HTM]
[MKB_10_C/INDEX8B71.HTM]
[MKB_10_C/INDEX153D.HTM]
[MKB_10_C/INDEXD5EA.HTM]
[MKB_10_C/INDEX075C.HTM]
[MKB_10_C/INDEXEB35.HTM]
[MKB_10_C/INDEXC611.HTM]
[MKB_10_C/INDEXBD6A.HTM]
[MKB_10_C/INDEX3407.HTM]
[MKB_10_C/INDEXB905.HTM]
[MKB_10_C/INDEX6E31.HTM]
[MKB_10_C/INDEXCD29.HTM]
[MKB_10_C/INDEX162D.HTM]
[MKB_10_C/INDEX9DAC.HTM]
[MKB_10_C/INDEX6C62.HTM]
[MKB_10_C/INDEX11BF.HTM]
[MKB_10_C/INDEX7C9A.HTM]
[MKB_10_C/INDEXC51A.HTM]
[MKB_10_C/INDEXC0C1.HTM]
[MKB_10_C/INDEX9C66.HTM]
[MKB_10_C/INDEX42B9.HTM]
[MKB_10_C/INDEXA78A.HTM]
[MKB_10_C/INDEXBB61.HTM]
[MKB_10_C/INDEXC93C.HTM]
[MKB_10_C/INDEX0534.HTM]
[MKB_10_C/INDEX47A1.HTM]
[MKB_10_C/INDEX9211.HTM]
[MKB_10_C/INDEX0B69.HTM]
[MKB_10_C/INDEX6E13.HTM]
[MKB_10_C/INDEXDCB6.HTM]
[MKB_10_C/INDEXDF0B.HTM]
[MKB_10_C/INDEX5C6E.HTM]
[MKB_10_C/INDEX734E.HTM]
[MKB_10_C/INDEX804E.HTM]
[MKB_10_C/INDEX589F.HTM]
[MKB_10_C/INDEXEA17.HTM]
[MKB_10_C/INDEXD9F6.HTM]
[MKB_10_C/INDEXEAFE.HTM]
[MKB_10_C/INDEXDD03.HTM]
[MKB_10_C/INDEX60C5.HTM]
[MKB_10_C/INDEX1B7A.HTM]
[MKB_10_C/INDEX9ADF.HTM]
[MKB_10_C/INDEX11FA.HTM]
[MKB_10_C/INDEXD9CE.HTM]
[MKB_10_C/INDEX8132.HTM]
[MKB_10_C/INDEX45E4.HTM]
[MKB_10_C/INDEXAE4A.HTM]
[MKB_10_C/INDEX214B.HTM]
[MKB_10_C/INDEX6CF4.HTM]
[MKB_10_C/INDEXDD0E.HTM]
[MKB_10_C/INDEXD571.HTM]
[MKB_10_C/INDEXE8E3.HTM]
[MKB_10_C/INDEXC5CA.HTM]
[MKB_10_C/INDEX09B7.HTM]
[MKB_10_C/INDEX8B64.HTM]
[MKB_10_C/INDEX11B3.HTM]
[MKB_10_C/INDEXB2F0.HTM]
[MKB_10_C/INDEX2496.HTM]
[MKB_10_C/INDEXEDCE.HTM]
[MKB_10_C/INDEX0C48.HTM]
[MKB_10_C/INDEX2F69.HTM]
[MKB_10_C/INDEX37AC.HTM]
[MKB_10_C/INDEX199F.HTM]
[MKB_10_C/INDEX31AC.HTM]
[MKB_10_C/INDEX4B68.HTM]
[MKB_10_C/INDEX4082.HTM]
[MKB_10_C/INDEX111E.HTM]
[MKB_10_C/INDEXC887.HTM]
[MKB_10_C/INDEX8BDD.HTM]
[MKB_10_C/INDEX4FA3.HTM]
[MKB_10_C/INDEX9375.HTM]
[MKB_10_C/INDEX0867.HTM]
[MKB_10_C/INDEX5965.HTM]
[MKB_10_C/INDEX0EB5.HTM]
[MKB_10_C/INDEX4A6B.HTM]
[MKB_10_C/INDEX20C0.HTM]
[MKB_10_C/INDEX2281.HTM]
[MKB_10_C/INDEX137C.HTM]
[MKB_10_C/INDEX3194.HTM]
[MKB_10_C/INDEX0F12.HTM]
[MKB_10_C/INDEX8CB3.HTM]
[MKB_10_C/INDEX2D69.HTM]
[MKB_10_C/INDEXF2EA.HTM]
[MKB_10_C/INDEXD700.HTM]
[MKB_10_C/INDEXB1F8.HTM]
[MKB_10_C/INDEX559B.HTM]
[MKB_10_C/INDEXB052.HTM]
[MKB_10_C/INDEX80DE.HTM]
[MKB_10_C/INDEX6D40.HTM]
[MKB_10_C/INDEXDA27.HTM]
[MKB_10_C/INDEX9107.HTM]
[MKB_10_C/INDEX5755.HTM]
[MKB_10_C/INDEX64A6.HTM]
[MKB_10_C/INDEX7805.HTM]
[MKB_10_C/INDEX923C.HTM]
[MKB_10_C/INDEXCA68.HTM]
[MKB_10_C/INDEXE018.HTM]
[MKB_10_C/INDEXE4AE.HTM]
[MKB_10_C/INDEX4AD5.HTM]
[MKB_10_C/INDEXB551.HTM]
[MKB_10_C/INDEX6455.HTM]
[MKB_10_C/INDEX680B.HTM]
[MKB_10_C/INDEXA652.HTM]
[MKB_10_C/INDEXEC47.HTM]
[MKB_10_C/INDEX2EAC.HTM]
[MKB_10_C/INDEX749C.HTM]
[MKB_10_C/INDEXCCFA.HTM]
[MKB_10_C/INDEX8945.HTM]
[MKB_10_C/INDEXED54.HTM]
[MKB_10_C/INDEX196C.HTM]
[MKB_10_C/INDEX51A6.HTM]
[MKB_10_C/INDEX41B6.HTM]
[MKB_10_C/INDEX058E.HTM]
[MKB_10_C/INDEX5129.HTM]
[MKB_10_C/INDEX644B.HTM]
[MKB_10_C/INDEX331F.HTM]
[MKB_10_C/INDEX2401.HTM]
[MKB_10_C/INDEX68C4.HTM]
[MKB_10_C/INDEXBB8A.HTM]
[MKB_10_C/INDEX5E27.HTM]
[MKB_10_C/INDEX9E87.HTM]
[MKB_10_C/INDEXD8B7.HTM]
[MKB_10_C/INDEXFBC9.HTM]
[MKB_10_C/INDEX3381.HTM]
[MKB_10_C/INDEXD973.HTM]
[MKB_10_C/INDEX4B8B.HTM]
[MKB_10_C/INDEXBF4A.HTM]
[MKB_10_C/INDEXD7CF.HTM]
[MKB_10_C/INDEXD127.HTM]
[MKB_10_C/INDEXA99C.HTM]
[MKB_10_C/INDEX8525.HTM]
[MKB_10_C/INDEXEAD5.HTM]
[MKB_10_C/INDEX0B5B.HTM]
[MKB_10_C/INDEXC70A.HTM]
[MKB_10_C/INDEX9080.HTM]
[MKB_10_C/INDEX882D.HTM]
[MKB_10_C/INDEX15F8.HTM]
[MKB_10_C/INDEX43AA.HTM]
[MKB_10_C/INDEX5AC0.HTM]
[MKB_10_C/INDEXD9B3.HTM]
[MKB_10_C/INDEX4CF2.HTM]
[MKB_10_C/INDEXB4FB.HTM]
[MKB_10_C/INDEX71F3.HTM]
[MKB_10_C/INDEXC8F3.HTM]
[MKB_10_C/INDEX661F_2.HTM]
[MKB_10_C/INDEXE1F5.HTM]
[MKB_10_C/INDEX7224.HTM]
[MKB_10_C/INDEXD33C.HTM]
[MKB_10_C/INDEXA885.HTM]
[MKB_10_C/INDEX3291.HTM]
[MKB_10_C/INDEXB0CA.HTM]
[MKB_10_C/INDEXB56D.HTM]
[MKB_10_C/INDEX9689.HTM]
[MKB_10_C/INDEX9025.HTM]
[MKB_10_C/INDEX542F.HTM]
[MKB_10_C/INDEX04B1.HTM]
[MKB_10_C/INDEX8903.HTM]
[MKB_10_C/INDEX74A9.HTM]
[MKB_10_C/INDEXCB0C.HTM]
[MKB_10_C/INDEX7CB4.HTM]
[MKB_10_C/INDEX5CAE.HTM]
[MKB_10_C/INDEX4649.HTM]
[MKB_10_C/INDEX2D2E.HTM]
[MKB_10_C/INDEX37E5.HTM]
[MKB_10_C/INDEX7CEE.HTM]
[MKB_10_C/INDEXEC24.HTM]
[MKB_10_C/INDEX37AA.HTM]
[MKB_10_C/INDEX6AE4.HTM]
[MKB_10_C/INDEXC814.HTM]
[MKB_10_C/INDEX66B4.HTM]
[MKB_10_C/INDEXFFA2.HTM]
[MKB_10_C/INDEX4C9E.HTM]
[MKB_10_C/INDEX7362.HTM]
[MKB_10_C/INDEXE939.HTM]
[MKB_10_C/INDEXF9A9.HTM]
[MKB_10_C/INDEX657C.HTM]
[MKB_10_C/INDEXA188.HTM]
[MKB_10_C/INDEX496F.HTM]
[MKB_10_C/INDEX9D6D.HTM]
[MKB_10_C/INDEX3EA6.HTM]
[MKB_10_C/INDEX2F0B.HTM]
[MKB_10_C/INDEXD88A.HTM]
[MKB_10_C/INDEX57A9.HTM]
[MKB_10_C/INDEX6893.HTM]
[MKB_10_C/INDEX0AE6.HTM]
[MKB_10_C/INDEXDF5E.HTM]
[MKB_10_C/INDEX5888.HTM]
[MKB_10_C/INDEX0ABD.HTM]
[MKB_10_C/INDEXFEFE.HTM]
[MKB_10_C/INDEXB5A9_2.HTM]
[MKB_10_C/INDEXC91D.HTM]
[MKB_10_C/INDEX1843.HTM]
[MKB_10_C/INDEXCED1.HTM]
[MKB_10_C/INDEXE96D.HTM]
[MKB_10_C/INDEX3D48.HTM]
[MKB_10_C/INDEX5646.HTM]
[MKB_10_C/INDEX00F7.HTM]
[MKB_10_C/INDEX1C03.HTM]
[MKB_10_C/INDEX93AC.HTM]
[MKB_10_C/INDEXCD92.HTM]
[MKB_10_C/INDEXCC60.HTM]
[MKB_10_C/INDEX01A8.HTM]
[MKB_10_C/INDEXB426_2.HTM]
[MKB_10_C/INDEXC6F7.HTM]
[MKB_10_C/INDEX7582.HTM]
[MKB_10_C/INDEXEB0F.HTM]
[MKB_10_C/INDEX0B23.HTM]
[MKB_10_C/INDEX53D7.HTM]
[MKB_10_C/INDEXCAE7.HTM]
[MKB_10_C/INDEX5CD1.HTM]
[MKB_10_C/INDEXACC5.HTM]
[MKB_10_C/INDEXCCBF.HTM]
[MKB_10_C/INDEXFB4A.HTM]
[MKB_10_C/INDEX1707.HTM]
[MKB_10_C/INDEXC1DE.HTM]
[MKB_10_C/INDEXE1EB.HTM]
[MKB_10_C/INDEX5C9E.HTM]
[MKB_10_C/INDEX6DDC.HTM]
[MKB_10_C/INDEX3069.HTM]
[MKB_10_C/INDEXF185.HTM]
[MKB_10_C/INDEX0703.HTM]
[MKB_10_C/INDEX8B9F.HTM]
[MKB_10_C/INDEX0F2D.HTM]
[MKB_10_C/INDEXFCD4.HTM]
[MKB_10_C/INDEXB5EF.HTM]
[MKB_10_C/INDEX62D5.HTM]
[MKB_10_C/INDEX5E1B.HTM]
[MKB_10_C/INDEX7B83.HTM]
[MKB_10_C/INDEXD6DC.HTM]
[MKB_10_C/INDEX2DF2.HTM]
[MKB_10_C/INDEX5B7E.HTM]
[MKB_10_C/INDEX1311.HTM]
[MKB_10_C/INDEX3701.HTM]
[MKB_10_C/INDEXD802.HTM]
[MKB_10_C/INDEX24D2.HTM]
[MKB_10_C/INDEXD806.HTM]
[MKB_10_C/INDEX2D6B.HTM]
[MKB_10_C/INDEX952B.HTM]
[MKB_10_C/INDEXFE52.HTM]
[MKB_10_C/INDEX5589.HTM]
[MKB_10_C/INDEX63DE.HTM]
[MKB_10_C/INDEX7EE2.HTM]
[MKB_10_C/INDEX4F1B.HTM]
[MKB_10_C/INDEXECC9.HTM]
[MKB_10_C/INDEX561A.HTM]
[MKB_10_C/INDEX4B92.HTM]
[MKB_10_C/INDEX3392.HTM]
[MKB_10_C/INDEXB6C7.HTM]
[MKB_10_C/INDEX3857.HTM]
[MKB_10_C/INDEX827B.HTM]
[MKB_10_C/INDEXD0C0.HTM]
[MKB_10_C/INDEXA8A4.HTM]
[MKB_10_C/INDEXEE95.HTM]
[MKB_10_C/INDEXF7B6.HTM]
[MKB_10_C/INDEX9B78.HTM]
[MKB_10_C/INDEX31A1.HTM]
[MKB_10_C/INDEX725D.HTM]
[MKB_10_C/INDEXCB70.HTM]
[MKB_10_C/INDEX9459.HTM]
[MKB_10_C/INDEXA8EB.HTM]
[MKB_10_C/INDEX1AED.HTM]
[MKB_10_C/INDEX8D54.HTM]
[MKB_10_C/INDEX55E3.HTM]
[MKB_10_C/INDEX81A3.HTM]
[MKB_10_C/INDEX3830.HTM]
[MKB_10_C/INDEXD67D.HTM]
[MKB_10_C/INDEX26EB.HTM]
[MKB_10_C/INDEXE77A.HTM]
[MKB_10_C/INDEXD756.HTM]
[MKB_10_C/INDEX0634.HTM]
[MKB_10_C/INDEX2D84.HTM]
[MKB_10_C/INDEXC8B8.HTM]
[MKB_10_C/INDEX7D93.HTM]
[MKB_10_C/INDEX630D.HTM]
[MKB_10_C/INDEX42EA.HTM]
[MKB_10_C/INDEX3478.HTM]
[MKB_10_C/INDEX90F9.HTM]
[MKB_10_C/INDEX9582.HTM]
[MKB_10_C/INDEX9CA4.HTM]
[MKB_10_C/INDEX69EB.HTM]
[MKB_10_C/INDEXADD2.HTM]
[MKB_10_C/INDEXF7B5.HTM]
[MKB_10_C/INDEX750D.HTM]
[MKB_10_C/INDEX9B71.HTM]
[MKB_10_C/INDEXA52C.HTM]
[MKB_10_C/INDEX6979.HTM]
[MKB_10_C/INDEX3D21.HTM]
[MKB_10_C/INDEX4A32.HTM]
[MKB_10_C/INDEX7206.HTM]
[MKB_10_C/INDEX1FEB.HTM]
[MKB_10_C/INDEXDCBF.HTM]
[MKB_10_C/INDEXD53C_2.HTM]
[MKB_10_C/INDEX765C.HTM]
[MKB_10_C/INDEXC023.HTM]
[MKB_10_C/INDEX9AB8.HTM]
[MKB_10_C/INDEXF928.HTM]
[MKB_10_C/INDEX2C70_2.HTM]
[MKB_10_C/INDEX8C82.HTM]
[MKB_10_C/INDEXA1A0.HTM]
[MKB_10_C/INDEX1F37.HTM]
[MKB_10_C/INDEX5338.HTM]
[MKB_10_C/INDEXE50F.HTM]
[MKB_10_C/INDEX739B.HTM]
[MKB_10_C/INDEXE0A9.HTM]
[MKB_10_C/INDEX5160.HTM]
[MKB_10_C/INDEXDB96.HTM]
[MKB_10_C/INDEX869E.HTM]
[MKB_10_C/INDEXBD08.HTM]
[MKB_10_C/INDEXCF03.HTM]
[MKB_10_C/INDEX3C25.HTM]
[MKB_10_C/INDEXE541.HTM]
[MKB_10_C/INDEXDB52.HTM]
[MKB_10_C/INDEXFE2B.HTM]
[MKB_10_C/INDEXD933.HTM]
[MKB_10_C/INDEX5EB4.HTM]
[MKB_10_C/INDEX8471.HTM]
[MKB_10_C/INDEX86AF.HTM]
[MKB_10_C/INDEX9D03.HTM]
[MKB_10_C/INDEXF92B.HTM]
[MKB_10_C/INDEX2BCA.HTM]
[MKB_10_C/INDEX120C.HTM]
[MKB_10_C/INDEXF92D.HTM]
[MKB_10_C/INDEXD396.HTM]
[MKB_10_C/INDEX9240.HTM]
[MKB_10_C/INDEXC765.HTM]
[MKB_10_C/INDEX77C0.HTM]
[MKB_10_C/INDEX0707.HTM]
[MKB_10_C/INDEX66DA.HTM]
[MKB_10_C/INDEXAC09.HTM]
[MKB_10_C/INDEX8706.HTM]
[MKB_10_C/INDEX6239.HTM]
[MKB_10_C/INDEX9D5B.HTM]
[MKB_10_C/INDEXF9F6.HTM]
[MKB_10_C/INDEXE293.HTM]
[MKB_10_C/INDEX3A53.HTM]
[MKB_10_C/INDEXC2BA.HTM]
[MKB_10_C/INDEX064E.HTM]
[MKB_10_C/INDEX3CEA.HTM]
[MKB_10_C/INDEX6D49.HTM]
[MKB_10_C/INDEXAB38.HTM]
[MKB_10_C/INDEXE877.HTM]
[MKB_10_C/INDEXB671.HTM]
[MKB_10_C/INDEX529F.HTM]
[MKB_10_C/INDEX39FA.HTM]
[MKB_10_C/INDEX0724.HTM]
[MKB_10_C/INDEXC13D.HTM]
[MKB_10_C/INDEX2426.HTM]
[MKB_10_C/INDEXA6E6.HTM]
[MKB_10_C/INDEXC755.HTM]
[MKB_10_C/INDEXA000.HTM]
[MKB_10_C/INDEXC98F.HTM]
[MKB_10_C/INDEX0915.HTM]
[MKB_10_C/INDEX73AE.HTM]
[MKB_10_C/INDEX02C0.HTM]
[MKB_10_C/INDEX849A.HTM]
[MKB_10_C/INDEX93A6.HTM]
[MKB_10_C/INDEX3040.HTM]
[MKB_10_C/INDEX51AC.HTM]
[MKB_10_C/INDEX5930.HTM]
[MKB_10_C/INDEX1731.HTM]
[MKB_10_C/INDEX92C4.HTM]
[MKB_10_C/INDEX84C0.HTM]
[MKB_10_C/INDEX755E.HTM]
[MKB_10_C/INDEXA773.HTM]
[MKB_10_C/INDEX21AD.HTM]
[MKB_10_C/INDEX72B6.HTM]
[MKB_10_C/INDEX2354.HTM]
[MKB_10_C/INDEX2015.HTM]
[MKB_10_C/INDEX3910.HTM]
[MKB_10_C/INDEXBF7D.HTM]
[MKB_10_C/INDEX1408.HTM]
[MKB_10_C/INDEX21E9.HTM]
[MKB_10_C/INDEX7750.HTM]
[MKB_10_C/INDEX2EE1.HTM]
[MKB_10_C/INDEX4C8F.HTM]
[MKB_10_C/INDEX41D1.HTM]
[MKB_10_C/INDEXD773.HTM]
[MKB_10_C/INDEXEB47.HTM]
[MKB_10_C/INDEX8BBA.HTM]
[MKB_10_C/INDEX27CE.HTM]
[MKB_10_C/INDEX6C22.HTM]
[MKB_10_C/INDEX719C.HTM]
[MKB_10_C/INDEX661F.HTM]
[MKB_10_C/INDEX2E90.HTM]
[MKB_10_C/INDEXCAB2.HTM]
[MKB_10_C/INDEXAE7D.HTM]
[MKB_10_C/INDEX2D33.HTM]
[MKB_10_C/INDEX56B7.HTM]
[MKB_10_C/INDEX330D.HTM]
[MKB_10_C/INDEX883F.HTM]
[MKB_10_C/INDEX1EC2.HTM]
[MKB_10_C/INDEX3CD6.HTM]
[MKB_10_C/INDEX821D.HTM]
[MKB_10_C/INDEXBB55.HTM]
[MKB_10_C/INDEX9485.HTM]
[MKB_10_C/INDEXDFD5.HTM]
[MKB_10_C/INDEX9647.HTM]
[MKB_10_C/INDEX1136.HTM]
[MKB_10_C/INDEX4714.HTM]
[MKB_10_C/INDEXADC7.HTM]
[MKB_10_C/INDEXABC2.HTM]
[MKB_10_C/INDEXFB73.HTM]
[MKB_10_C/INDEX9D52.HTM]
[MKB_10_C/INDEX9A86.HTM]
[MKB_10_C/INDEXD70A.HTM]
[MKB_10_C/INDEX8787.HTM]
[MKB_10_C/INDEX64C8.HTM]
[MKB_10_C/INDEXFA22.HTM]
[MKB_10_C/INDEX6B12.HTM]
[MKB_10_C/INDEX12AB.HTM]
[MKB_10_C/INDEXE4F8.HTM]
[MKB_10_C/INDEX8453.HTM]
[MKB_10_C/INDEXA4D5.HTM]
[MKB_10_C/INDEX0581.HTM]
[MKB_10_C/INDEX777B.HTM]
[MKB_10_C/INDEX11FE.HTM]
[MKB_10_C/INDEX7059.HTM]
[MKB_10_C/INDEX6D10.HTM]
[MKB_10_C/INDEX9D59.HTM]
[MKB_10_C/INDEX8E79.HTM]
[MKB_10_C/INDEX4585.HTM]
[MKB_10_C/INDEX20AD.HTM]
[MKB_10_C/INDEXC3D4.HTM]
[MKB_10_C/INDEXC869.HTM]
[MKB_10_C/INDEX9EFE.HTM]
[MKB_10_C/INDEXD719.HTM]
[MKB_10_C/INDEXBD9E.HTM]
[MKB_10_C/INDEX3F88.HTM]
[MKB_10_C/INDEX7576.HTM]
[MKB_10_C/INDEX6496.HTM]
[MKB_10_C/INDEXFB28.HTM]
[MKB_10_C/INDEXFBE0.HTM]
[MKB_10_C/INDEX04D0.HTM]
[MKB_10_C/INDEX8821.HTM]
[MKB_10_C/INDEX3219.HTM]
[MKB_10_C/INDEXDC79.HTM]
[MKB_10_C/INDEX8F3E.HTM]
[MKB_10_C/INDEX0157.HTM]
[MKB_10_C/INDEX2D83.HTM]
[MKB_10_C/INDEX80E6.HTM]
[MKB_10_C/INDEX7F9D.HTM]
[MKB_10_C/INDEXF826.HTM]
[MKB_10_C/INDEX3876.HTM]
[MKB_10_C/INDEXD22A.HTM]
[MKB_10_C/INDEX7E7E.HTM]
[MKB_10_C/INDEX7A70.HTM]
[MKB_10_C/INDEXF086.HTM]
[MKB_10_C/INDEXB09C.HTM]
[MKB_10_C/INDEX8B5F.HTM]
[MKB_10_C/INDEX1804.HTM]
[MKB_10_C/INDEX105F.HTM]
[MKB_10_C/INDEX6BF6.HTM]
[MKB_10_C/INDEX93F3.HTM]
[MKB_10_C/INDEX9D65.HTM]
[MKB_10_C/INDEX4270.HTM]
[MKB_10_C/INDEX383D.HTM]
[MKB_10_C/INDEXC9AF.HTM]
[MKB_10_C/INDEX0FF8.HTM]
[MKB_10_C/INDEXB18D.HTM]
[MKB_10_C/INDEX5BA2.HTM]
[MKB_10_C/INDEX9AED.HTM]
[MKB_10_C/INDEX343E.HTM]
[MKB_10_C/INDEX33A2.HTM]
[MKB_10_C/INDEXF0BF.HTM]
[MKB_10_C/INDEX5896.HTM]
[MKB_10_C/INDEXB8D5.HTM]
[MKB_10_C/INDEX8697.HTM]
[MKB_10_C/INDEX13FD.HTM]
[MKB_10_C/INDEXB555.HTM]
[MKB_10_C/INDEX82FC.HTM]
[MKB_10_C/INDEXF867.HTM]
[MKB_10_C/INDEX2988.HTM]
[MKB_10_C/INDEX0C29.HTM]
[MKB_10_C/INDEX67DA.HTM]
[MKB_10_C/INDEX71BD.HTM]
[MKB_10_C/INDEX6D38.HTM]
[MKB_10_C/INDEXEA85.HTM]
[MKB_10_C/INDEXB21A.HTM]
[MKB_10_C/INDEXD34B.HTM]
[MKB_10_C/INDEX74FF.HTM]
[MKB_10_C/INDEX85C1.HTM]
[MKB_10_C/INDEX7A62.HTM]
[MKB_10_C/INDEX81FD.HTM]
[MKB_10_C/INDEXBF5A.HTM]
[MKB_10_C/INDEXD381.HTM]
[MKB_10_C/INDEXB049.HTM]
[MKB_10_C/INDEX3D05.HTM]
[MKB_10_C/INDEXEF9E_2.HTM]
[MKB_10_C/INDEX49AF.HTM]
[MKB_10_C/INDEX542B_2.HTM]
[MKB_10_C/INDEX2DE7.HTM]
[MKB_10_C/INDEX07B0.HTM]
[MKB_10_C/INDEX596E.HTM]
[MKB_10_C/INDEXE710.HTM]
[MKB_10_C/INDEXD88D.HTM]
[MKB_10_C/INDEXA569.HTM]
[MKB_10_C/INDEX3249.HTM]
[MKB_10_C/INDEX3028.HTM]
[MKB_10_C/INDEXB41D.HTM]
[MKB_10_C/INDEX1151.HTM]
[MKB_10_C/INDEXC0F9.HTM]
[MKB_10_C/INDEX9C43.HTM]
[MKB_10_C/INDEX2780.HTM]
[MKB_10_C/INDEXE64B.HTM]
[MKB_10_C/INDEXB6D6.HTM]
[MKB_10_C/INDEX5C69.HTM]
[MKB_10_C/INDEX141A.HTM]
[MKB_10_C/INDEX47C0.HTM]
[MKB_10_C/INDEXE945.HTM]
[MKB_10_C/INDEXAF35.HTM]
[MKB_10_C/INDEX293D.HTM]
[MKB_10_C/INDEXF0B7.HTM]
[MKB_10_C/INDEXCB63.HTM]
[MKB_10_C/INDEX18C2.HTM]
[MKB_10_C/INDEX2191.HTM]
[MKB_10_C/INDEXBE16.HTM]
[MKB_10_C/INDEXC12C.HTM]
[MKB_10_C/INDEX2BBE.HTM]
[MKB_10_C/INDEX1456.HTM]
[MKB_10_C/INDEXB20F.HTM]
[MKB_10_C/INDEX995A.HTM]
[MKB_10_C/INDEX3F28.HTM]
[MKB_10_C/INDEXFC46.HTM]
[MKB_10_C/INDEXEF05.HTM]
[MKB_10_C/INDEX38DA.HTM]
[MKB_10_C/INDEXE491.HTM]
[MKB_10_C/INDEX19F0.HTM]
[MKB_10_C/INDEX94B4.HTM]
[MKB_10_C/INDEX86E5.HTM]
[MKB_10_C/INDEX47A8.HTM]
[MKB_10_C/INDEX0940.HTM]
[MKB_10_C/INDEX1CAC.HTM]
[MKB_10_C/INDEXDD2A.HTM]
[MKB_10_C/INDEXCE1C.HTM]
[MKB_10_C/INDEXF201.HTM]
[MKB_10_C/INDEXF6FC.HTM]
[MKB_10_C/INDEX00E5.HTM]
[MKB_10_C/INDEX03D7.HTM]
[MKB_10_C/INDEXF5DD.HTM]
[MKB_10_C/INDEX5B0D.HTM]
[MKB_10_C/INDEXF9AA.HTM]
[MKB_10_C/INDEX1B44.HTM]
[MKB_10_C/INDEXA658.HTM]
[MKB_10_C/INDEX745D.HTM]
[MKB_10_C/INDEX8B6D.HTM]
[MKB_10_C/INDEX7790.HTM]
[MKB_10_C/INDEX211E.HTM]
[MKB_10_C/INDEXFE99.HTM]
[MKB_10_C/INDEX1CC4.HTM]
[MKB_10_C/INDEX81B1.HTM]
[MKB_10_C/INDEX4FD5.HTM]
[MKB_10_C/INDEX4E26.HTM]
[MKB_10_C/INDEX186E.HTM]
[MKB_10_C/INDEX3588.HTM]
[MKB_10_C/INDEX4D27.HTM]
[MKB_10_C/INDEXAA9C.HTM]
[MKB_10_C/INDEX6E39.HTM]
[MKB_10_C/INDEX5AC7.HTM]
[MKB_10_C/INDEXA60D.HTM]
[MKB_10_C/INDEXC562.HTM]
[MKB_10_C/INDEX90BC.HTM]
[MKB_10_C/INDEXEC6E.HTM]
[MKB_10_C/INDEXF0B7_2.HTM]
[MKB_10_C/INDEX5C4D.HTM]
[MKB_10_C/INDEXEBB4.HTM]
[MKB_10_C/INDEX268F.HTM]
[MKB_10_C/INDEXDBBE.HTM]
[MKB_10_C/INDEX8A6F.HTM]
[MKB_10_C/INDEX6D54.HTM]
[MKB_10_C/INDEX787C.HTM]
[MKB_10_C/INDEX3892_2.HTM]
[MKB_10_C/INDEX9738.HTM]
[MKB_10_C/INDEX6804.HTM]
[MKB_10_C/INDEX41DF.HTM]
[MKB_10_C/INDEX98F2.HTM]
[MKB_10_C/INDEX5AAA.HTM]
[MKB_10_C/INDEX24F7.HTM]
[MKB_10_C/INDEXE9FC.HTM]
[MKB_10_C/INDEX1C4F.HTM]
[MKB_10_C/INDEXAA41.HTM]
[MKB_10_C/INDEXE0CC.HTM]
[MKB_10_C/INDEXDC03.HTM]
[MKB_10_C/INDEXE71A.HTM]
[MKB_10_C/INDEX49B0.HTM]
[MKB_10_C/INDEX3F45.HTM]
[MKB_10_C/INDEXEAC7.HTM]
[MKB_10_C/INDEXEE99.HTM]
[MKB_10_C/INDEX3FCF.HTM]
[MKB_10_C/INDEX4A01.HTM]
[MKB_10_C/INDEXE7ED.HTM]
[MKB_10_C/INDEXA49B.HTM]
[MKB_10_C/INDEX1988.HTM]
[MKB_10_C/INDEX1EF0.HTM]
[MKB_10_C/INDEX7CBF.HTM]
[MKB_10_C/INDEXBA43.HTM]
[MKB_10_C/INDEXDF0E.HTM]
[MKB_10_C/INDEXDDEC.HTM]
[MKB_10_C/INDEX05B7.HTM]
[MKB_10_C/INDEX0726.HTM]
[MKB_10_C/INDEXEDB5.HTM]
[MKB_10_C/INDEX2444.HTM]
[MKB_10_C/INDEXA8D9.HTM]
[MKB_10_C/INDEXFE78.HTM]
[MKB_10_C/INDEX7273.HTM]
[MKB_10_C/INDEXCA46.HTM]
[MKB_10_C/INDEX8F4F.HTM]
[MKB_10_C/INDEXFD9E.HTM]
[MKB_10_C/INDEXFD73.HTM]
[MKB_10_C/INDEXE98A.HTM]
[MKB_10_C/INDEX1048.HTM]
[MKB_10_C/INDEX2275.HTM]
[MKB_10_C/INDEX1201.HTM]
[MKB_10_C/INDEX9B7C.HTM]
[MKB_10_C/INDEXF880.HTM]
[MKB_10_C/INDEX89BE.HTM]
[MKB_10_C/INDEX2D17.HTM]
[MKB_10_C/INDEX1F8D.HTM]
[MKB_10_C/INDEXA55B.HTM]
[MKB_10_C/INDEX10D6.HTM]
[MKB_10_C/INDEX8F44.HTM]
[MKB_10_C/INDEX47FC.HTM]
[MKB_10_C/INDEXD55F.HTM]
[MKB_10_C/INDEX7535.HTM]
[MKB_10_C/INDEXF807.HTM]
[MKB_10_C/INDEXF43A.HTM]
[MKB_10_C/INDEX1EF0_2.HTM]
[MKB_10_C/INDEX1B20.HTM]
[MKB_10_C/INDEX1F26.HTM]
[MKB_10_C/INDEXF695.HTM]
[MKB_10_C/INDEX655D.HTM]
[MKB_10_C/INDEXF479.HTM]
[MKB_10_C/INDEX7D98.HTM]
[MKB_10_C/INDEXB676.HTM]
[MKB_10_C/INDEX3597.HTM]
[MKB_10_C/INDEX276C.HTM]
[MKB_10_C/INDEX0775.HTM]
[MKB_10_C/INDEXA464.HTM]
[MKB_10_C/INDEX334F.HTM]
[MKB_10_C/INDEXBAAC.HTM]
[MKB_10_C/INDEX8E2F.HTM]
[MKB_10_C/INDEX83A9.HTM]
[MKB_10_C/INDEX6E94.HTM]
[MKB_10_C/INDEXFE44.HTM]
[MKB_10_C/INDEXDC51.HTM]
[MKB_10_C/INDEX1A5B.HTM]
[MKB_10_C/INDEX6708.HTM]
[MKB_10_C/INDEX9ED3.HTM]
[MKB_10_C/INDEXCD59.HTM]
[MKB_10_C/INDEX56E9.HTM]
[MKB_10_C/INDEX7B44.HTM]
[MKB_10_C/INDEXEA0B.HTM]
[MKB_10_C/INDEXE8C6.HTM]
[MKB_10_C/INDEX40C1.HTM]
[MKB_10_C/INDEXE123.HTM]
[MKB_10_C/INDEXC480.HTM]
[MKB_10_C/INDEX9818.HTM]
[MKB_10_C/INDEXE80E.HTM]
[MKB_10_C/INDEXA7FB.HTM]
[MKB_10_C/INDEXBB72.HTM]
[MKB_10_C/INDEX9D15.HTM]
[MKB_10_C/INDEX2E92.HTM]
[MKB_10_C/INDEXAA45.HTM]
[MKB_10_C/INDEX9A81.HTM]
[MKB_10_C/INDEX68CA.HTM]
[MKB_10_C/INDEXBA6F.HTM]
[MKB_10_C/INDEX598F.HTM]
[MKB_10_C/INDEXA3C6.HTM]
[MKB_10_C/INDEXC9D1.HTM]
[MKB_10_C/INDEX63B8.HTM]
[MKB_10_C/INDEXB976.HTM]
[MKB_10_C/INDEX8D87.HTM]
[MKB_10_C/INDEXF80E.HTM]
[MKB_10_C/INDEXF0EC.HTM]
[MKB_10_C/INDEXA388.HTM]
[MKB_10_C/INDEXAE8F.HTM]
[MKB_10_C/INDEX2B29.HTM]
[MKB_10_C/INDEX7460.HTM]
[MKB_10_C/INDEX3041.HTM]
[MKB_10_C/INDEX6A22.HTM]
[MKB_10_C/INDEX901B.HTM]
[MKB_10_C/INDEX0D4B.HTM]
[MKB_10_C/INDEXF316.HTM]
[MKB_10_C/INDEX1C8F.HTM]
[MKB_10_C/INDEXC415.HTM]
[MKB_10_C/INDEX59B5.HTM]
[MKB_10_C/INDEX70CE.HTM]
[MKB_10_C/INDEX5411.HTM]
[MKB_10_C/INDEX6965.HTM]
[MKB_10_C/INDEXBC14.HTM]
[MKB_10_C/INDEX698F.HTM]
[MKB_10_C/INDEX6CAA.HTM]
[MKB_10_C/INDEXB631.HTM]
[MKB_10_C/INDEX3F9C.HTM]
[MKB_10_C/INDEXA56E.HTM]
[MKB_10_C/INDEXBF8F.HTM]
[MKB_10_C/INDEX13CC.HTM]
[MKB_10_C/INDEXE4A4.HTM]
[MKB_10_C/INDEX084C.HTM]
[MKB_10_C/INDEX3F7D.HTM]
[MKB_10_C/INDEX4D9B.HTM]
[MKB_10_C/INDEX2E9A.HTM]
[MKB_10_C/INDEXA205.HTM]
[MKB_10_C/INDEX742A.HTM]
[MKB_10_C/INDEX9257.HTM]
[MKB_10_C/INDEX55BB.HTM]
[MKB_10_C/INDEX155F.HTM]
[MKB_10_C/INDEXA75D.HTM]
[MKB_10_C/INDEXB5C7.HTM]
[MKB_10_C/INDEX6793.HTM]
[MKB_10_C/INDEXB390.HTM]
[MKB_10_C/INDEX76E2.HTM]
[MKB_10_C/INDEXF833.HTM]
[MKB_10_C/INDEX7DC1.HTM]
[MKB_10_C/INDEX37C3.HTM]
[MKB_10_C/INDEX2E9C.HTM]
[MKB_10_C/INDEX9890.HTM]
[MKB_10_C/INDEX48FE.HTM]
[MKB_10_C/INDEX8951.HTM]
[MKB_10_C/INDEXCE72.HTM]
[MKB_10_C/INDEX3EA1.HTM]
[MKB_10_C/INDEXD1C1.HTM]
[MKB_10_C/INDEX6EB3.HTM]
[MKB_10_C/INDEXDF90.HTM]
[MKB_10_C/INDEX5904.HTM]
[MKB_10_C/INDEXCAA3.HTM]
[MKB_10_C/INDEX8A39.HTM]
[MKB_10_C/INDEXD28B.HTM]
[MKB_10_C/INDEX07EF.HTM]
[MKB_10_C/INDEXF96A.HTM]
[MKB_10_C/INDEXE5F0.HTM]
[MKB_10_C/INDEX0495.HTM]
[MKB_10_C/INDEX5D57.HTM]
[MKB_10_C/INDEXC935.HTM]
[MKB_10_C/INDEX8E77.HTM]
[MKB_10_C/INDEX43BF.HTM]
[MKB_10_C/INDEX1BD2.HTM]
[MKB_10_C/INDEXAFC8.HTM]
[MKB_10_C/INDEX1536.HTM]
[MKB_10_C/INDEX7B0A.HTM]
[MKB_10_C/INDEX3D13.HTM]
[MKB_10_C/INDEXD0D6.HTM]
[MKB_10_C/INDEX191E.HTM]
[MKB_10_C/INDEXA118.HTM]
[MKB_10_C/INDEXDE68.HTM]
[MKB_10_C/INDEX77EF.HTM]
[MKB_10_C/INDEX1714.HTM]
[MKB_10_C/INDEXB1A8.HTM]
[MKB_10_C/INDEXF583.HTM]
[MKB_10_C/INDEX0CAE.HTM]
[MKB_10_C/INDEX541C.HTM]
[MKB_10_C/INDEXAF7F.HTM]
[MKB_10_C/INDEXAED5.HTM]
[MKB_10_C/INDEX3504.HTM]
[MKB_10_C/INDEX9603.HTM]
[MKB_10_C/INDEXCDC7.HTM]
[MKB_10_C/INDEX9434.HTM]
[MKB_10_C/INDEX67CF.HTM]
[MKB_10_C/INDEX8E66.HTM]
[MKB_10_C/INDEXC153.HTM]
[MKB_10_C/INDEX2130.HTM]
[MKB_10_C/INDEX1AF4.HTM]
[MKB_10_C/INDEX5665.HTM]
[MKB_10_C/INDEX8D07.HTM]
[MKB_10_C/INDEXB6E5.HTM]
[MKB_10_C/INDEXD432.HTM]
[MKB_10_C/INDEXF834.HTM]
[MKB_10_C/INDEX251B.HTM]
[MKB_10_C/INDEX2C65.HTM]
[MKB_10_C/INDEX69A7.HTM]
[MKB_10_C/INDEX2110.HTM]
[MKB_10_C/INDEX077C.HTM]
[MKB_10_C/INDEX104A.HTM]
[MKB_10_C/INDEX535F.HTM]
[MKB_10_C/INDEX8A47.HTM]
[MKB_10_C/INDEXF84E.HTM]
[MKB_10_C/INDEX7955.HTM]
[MKB_10_C/INDEX7685.HTM]
[MKB_10_C/INDEXFF03.HTM]
[MKB_10_C/INDEX1308.HTM]
[MKB_10_C/INDEXCCF9.HTM]
[MKB_10_C/INDEX5232.HTM]
[MKB_10_C/INDEXCC14.HTM]
[MKB_10_C/INDEX386F_2.HTM]
[MKB_10_C/INDEX6F4F.HTM]
[MKB_10_C/INDEXE17B.HTM]
[MKB_10_C/INDEX1693.HTM]
[MKB_10_C/INDEX6ACB.HTM]
[MKB_10_C/INDEX985E.HTM]
[MKB_10_C/INDEX1EBE.HTM]
[MKB_10_C/INDEX9E6D.HTM]
[MKB_10_C/INDEX1A13.HTM]
[MKB_10_C/INDEX2CB8.HTM]
[MKB_10_C/INDEXCBB8.HTM]
[MKB_10_C/INDEXDD7D.HTM]
[MKB_10_C/INDEX9789.HTM]
[MKB_10_C/INDEXF458.HTM]
[MKB_10_C/INDEX5280.HTM]
[MKB_10_C/INDEXE562.HTM]
[MKB_10_C/INDEXABB2.HTM]
[MKB_10_C/INDEX0DC7.HTM]
[MKB_10_C/INDEX82AF.HTM]
[MKB_10_C/INDEX8E13.HTM]
[MKB_10_C/INDEX21CE.HTM]
[MKB_10_C/INDEX92B4.HTM]
[MKB_10_C/INDEX7F7D.HTM]
[MKB_10_C/INDEX1A31.HTM]
[MKB_10_C/INDEX1870.HTM]
[MKB_10_C/INDEXB907.HTM]
[MKB_10_C/INDEXDD65.HTM]
[MKB_10_C/INDEXDEF2.HTM]
[MKB_10_C/INDEXF273.HTM]
[MKB_10_C/INDEX9FAC.HTM]
[MKB_10_C/INDEX1757.HTM]
[MKB_10_C/INDEX382C.HTM]
[MKB_10_C/INDEXB87C_2.HTM]
[MKB_10_C/INDEX0AF3.HTM]
[MKB_10_C/INDEXC503.HTM]
[MKB_10_C/INDEXB33A.HTM]
[MKB_10_C/INDEX728A.HTM]
[MKB_10_C/INDEXD33B.HTM]
[MKB_10_C/INDEXBE38.HTM]
[MKB_10_C/INDEX5B53.HTM]
[MKB_10_C/INDEXCD08.HTM]
[MKB_10_C/INDEX0F4C.HTM]
[MKB_10_C/INDEX5865.HTM]
[MKB_10_C/INDEXFCFF.HTM]
[MKB_10_C/INDEX4B57.HTM]
[MKB_10_C/INDEX2FC1.HTM]
[MKB_10_C/INDEX5C62.HTM]
[MKB_10_C/INDEXA278.HTM]
[MKB_10_C/INDEXE677.HTM]
[MKB_10_C/INDEX2221.HTM]
[MKB_10_C/INDEX5E42.HTM]
[MKB_10_C/INDEX536F.HTM]
[MKB_10_C/INDEX5030.HTM]
[MKB_10_C/INDEXA5CB.HTM]
[MKB_10_C/INDEXD7FF.HTM]
[MKB_10_C/INDEXF701.HTM]
[MKB_10_C/INDEXE248.HTM]
[MKB_10_C/INDEX3017.HTM]
[MKB_10_C/INDEX0B2A.HTM]
[MKB_10_C/INDEX1994.HTM]
[MKB_10_C/INDEX03B8.HTM]
[MKB_10_C/INDEX388D.HTM]
[MKB_10_C/INDEXE987.HTM]
[MKB_10_C/INDEXA8FE.HTM]
[MKB_10_C/INDEX9383.HTM]
[MKB_10_C/INDEX515B.HTM]
[MKB_10_C/INDEX3D4A.HTM]
[MKB_10_C/INDEX44E6.HTM]
[MKB_10_C/INDEX8592.HTM]
[MKB_10_C/INDEX475C.HTM]
[MKB_10_C/INDEX5CD1_2.HTM]
[MKB_10_C/INDEXDF40.HTM]
[MKB_10_C/INDEX6887.HTM]
[MKB_10_C/INDEX30B7.HTM]
[MKB_10_C/INDEX58C9.HTM]
[MKB_10_C/INDEX828E.HTM]
[MKB_10_C/INDEX3FAD.HTM]
[MKB_10_C/INDEXF6D8.HTM]
[MKB_10_C/INDEXFA9A.HTM]
[MKB_10_C/INDEX91E5.HTM]
[MKB_10_C/INDEX6663.HTM]
[MKB_10_C/INDEX6588.HTM]
[MKB_10_C/INDEXDCF8.HTM]
[MKB_10_C/INDEX2D15.HTM]
[MKB_10_C/INDEXB66C.HTM]
[MKB_10_C/INDEXAFA4.HTM]
[MKB_10_C/INDEX4A23.HTM]
[MKB_10_C/INDEX80AA.HTM]
[MKB_10_C/INDEX708D.HTM]
[MKB_10_C/INDEX58BE.HTM]
[MKB_10_C/INDEX665E.HTM]
[MKB_10_C/INDEX59EC.HTM]
[MKB_10_C/INDEX9258.HTM]
[MKB_10_C/INDEXCD09.HTM]
[MKB_10_C/INDEX3F64.HTM]
[MKB_10_C/INDEX28D1.HTM]
[MKB_10_C/INDEXFDBD.HTM]
[MKB_10_C/INDEXE6D4.HTM]
[MKB_10_C/INDEXD67B.HTM]
[MKB_10_C/INDEXDF9E.HTM]
[MKB_10_C/INDEXC47D.HTM]
[MKB_10_C/INDEX5545.HTM]
[MKB_10_C/INDEX4079.HTM]
[MKB_10_C/INDEXAEE0.HTM]
[MKB_10_C/INDEX70FA.HTM]
[MKB_10_C/INDEX8599.HTM]
[MKB_10_C/INDEX95BB.HTM]
[MKB_10_C/INDEX44F1.HTM]
[MKB_10_C/INDEX12F7.HTM]
[MKB_10_C/INDEX8369.HTM]
[MKB_10_C/INDEX0A4E.HTM]
[MKB_10_C/INDEXF68D.HTM]
[MKB_10_C/INDEX3732.HTM]
[MKB_10_C/INDEX576C.HTM]
[MKB_10_C/INDEXC194.HTM]
[MKB_10_C/INDEXF9E1.HTM]
[MKB_10_C/INDEX731F.HTM]
[MKB_10_C/INDEXB553.HTM]
[MKB_10_C/INDEX792E.HTM]
[MKB_10_C/INDEXD368.HTM]
[MKB_10_C/INDEX3112.HTM]
[MKB_10_C/INDEXBD0A.HTM]
[MKB_10_C/INDEX7082.HTM]
[MKB_10_C/INDEX639F.HTM]
[MKB_10_C/INDEX92AB.HTM]
[MKB_10_C/INDEX98C7.HTM]
[MKB_10_C/INDEXDF10.HTM]
[MKB_10_C/INDEXB06F.HTM]
[MKB_10_C/INDEX4707.HTM]
[MKB_10_C/INDEXF9A7.HTM]
[MKB_10_C/INDEXDC60.HTM]
[MKB_10_C/INDEX0EAA.HTM]
[MKB_10_C/INDEXDD37.HTM]
[MKB_10_C/INDEXF9EE.HTM]
[MKB_10_C/INDEXD573.HTM]
[MKB_10_C/INDEX1B13.HTM]
[MKB_10_C/INDEX2436.HTM]
[MKB_10_C/INDEX7706.HTM]
[MKB_10_C/INDEX5779.HTM]
[MKB_10_C/INDEX371C.HTM]
[MKB_10_C/INDEXC4A8.HTM]
[MKB_10_C/INDEX412C.HTM]
[MKB_10_C/INDEX3420.HTM]
[MKB_10_C/INDEX53E8.HTM]
[MKB_10_C/INDEX24CA.HTM]
[MKB_10_C/INDEX46DF.HTM]
[MKB_10_C/INDEX94E0.HTM]
[MKB_10_C/INDEXFB07.HTM]
[MKB_10_C/INDEX14B7.HTM]
[MKB_10_C/INDEX0600.HTM]
[MKB_10_C/INDEX664B.HTM]
[MKB_10_C/INDEX8FDB.HTM]
[MKB_10_C/INDEX5F39.HTM]
[MKB_10_C/INDEX98A0.HTM]
[MKB_10_C/INDEX645B.HTM]
[MKB_10_C/INDEX8072.HTM]
[MKB_10_C/INDEXD667.HTM]
[MKB_10_C/INDEXB28C.HTM]
[MKB_10_C/INDEX3B5C.HTM]
[MKB_10_C/INDEXDB60.HTM]
[MKB_10_C/INDEX6363.HTM]
[MKB_10_C/INDEX3BA8.HTM]
[MKB_10_C/INDEX50C5.HTM]
[MKB_10_C/INDEX2DAF.HTM]
[MKB_10_C/INDEX79CB.HTM]
[MKB_10_C/INDEX8699.HTM]
[MKB_10_C/INDEX8B4E.HTM]
[MKB_10_C/INDEX96C5.HTM]
[MKB_10_C/INDEX86D1.HTM]
[MKB_10_C/INDEX4719.HTM]
[MKB_10_C/INDEX0C4E.HTM]
[MKB_10_C/INDEX3564.HTM]
[MKB_10_C/INDEX3FAA.HTM]
[MKB_10_C/INDEX2103.HTM]
[MKB_10_C/INDEX5164.HTM]
[MKB_10_C/INDEX35A6.HTM]
[MKB_10_C/INDEX38DF.HTM]
[MKB_10_C/INDEXC43C.HTM]
[MKB_10_C/INDEX3768.HTM]
[MKB_10_C/INDEX7FDD.HTM]
[MKB_10_C/INDEX8DDB.HTM]
[MKB_10_C/INDEX4C5C.HTM]
[MKB_10_C/INDEX026B.HTM]
[MKB_10_C/INDEX92D5.HTM]
[MKB_10_C/INDEXE10F.HTM]
[MKB_10_C/INDEXC8D2.HTM]
[MKB_10_C/INDEX607B.HTM]
[MKB_10_C/INDEX1D51.HTM]
[MKB_10_C/INDEX2162.HTM]
[MKB_10_C/INDEX5AB8.HTM]
[MKB_10_C/INDEXF94B.HTM]
[MKB_10_C/INDEXBCF8.HTM]
[MKB_10_C/INDEX1FB4.HTM]
[MKB_10_C/INDEX4307.HTM]
[MKB_10_C/INDEXC22F.HTM]
[MKB_10_C/INDEX06DB.HTM]
[MKB_10_C/INDEX76A0.HTM]
[MKB_10_C/INDEXFD20.HTM]
[MKB_10_C/INDEX81DE.HTM]
[MKB_10_C/INDEXF850.HTM]
[MKB_10_C/INDEX1513.HTM]
[MKB_10_C/INDEX6FF7.HTM]
[MKB_10_C/INDEXC12B.HTM]
[MKB_10_C/INDEX02A8.HTM]
[MKB_10_C/INDEX5104.HTM]
[MKB_10_C/INDEX44A0.HTM]
[MKB_10_C/INDEXC93D.HTM]
[MKB_10_C/INDEX0D7F.HTM]
[MKB_10_C/INDEX1C8C.HTM]
[MKB_10_C/INDEX9F9F.HTM]
[MKB_10_C/INDEXA570.HTM]
[MKB_10_C/INDEX00F9.HTM]
[MKB_10_C/INDEXF570.HTM]
[MKB_10_C/INDEXB3B1.HTM]
[MKB_10_C/INDEX67F8.HTM]
[MKB_10_C/INDEX7943.HTM]
[MKB_10_C/INDEX1507.HTM]
[MKB_10_C/INDEXC35E.HTM]
[MKB_10_C/INDEX1EFA.HTM]
[MKB_10_C/INDEX482C.HTM]
[MKB_10_C/INDEX0F9B.HTM]
[MKB_10_C/INDEX80E7.HTM]
[MKB_10_C/INDEX09FF.HTM]
[MKB_10_C/INDEX7CE2.HTM]
[MKB_10_C/INDEXC5FC.HTM]
[MKB_10_C/INDEX5306.HTM]
[MKB_10_C/INDEX1D43.HTM]
[MKB_10_C/INDEXF04F.HTM]
[MKB_10_C/INDEXABF7.HTM]
[MKB_10_C/INDEX178F.HTM]
[MKB_10_C/INDEX0E5E.HTM]
[MKB_10_C/INDEX8684.HTM]
[MKB_10_C/INDEX7897.HTM]
[MKB_10_C/INDEXA76F.HTM]
[MKB_10_C/INDEX0F12_2.HTM]
[MKB_10_C/INDEX7CFF.HTM]
[MKB_10_C/INDEX4AD8.HTM]
[MKB_10_C/INDEXBD13.HTM]
[MKB_10_C/INDEXAD81.HTM]
[MKB_10_C/INDEXC165.HTM]
[MKB_10_C/INDEX3389.HTM]
[MKB_10_C/INDEX49D4.HTM]
[MKB_10_C/INDEXDCBD.HTM]
[MKB_10_C/INDEX3BDB.HTM]
[MKB_10_C/INDEX72BB.HTM]
[MKB_10_C/INDEX4768.HTM]
[MKB_10_C/INDEX26AC.HTM]
[MKB_10_C/INDEX24FA.HTM]
[MKB_10_C/INDEXC960.HTM]
[MKB_10_C/INDEX7F7F.HTM]
[MKB_10_C/INDEXB080.HTM]
[MKB_10_C/INDEXB3A3.HTM]
[MKB_10_C/INDEXE2BF.HTM]
[MKB_10_C/INDEX61AB.HTM]
[MKB_10_C/INDEXDB7A.HTM]
[MKB_10_C/INDEX4F76.HTM]
[MKB_10_C/INDEX1AF1.HTM]
[MKB_10_C/INDEXC3C8.HTM]
[MKB_10_C/INDEX2C18.HTM]
[MKB_10_C/INDEX1AE1.HTM]
[MKB_10_C/INDEXF293.HTM]
[MKB_10_C/INDEX49B6.HTM]
[MKB_10_C/INDEX7A63.HTM]
[MKB_10_C/INDEX68EC.HTM]
[MKB_10_C/INDEXFB66.HTM]
[MKB_10_C/INDEX5AB2.HTM]
[MKB_10_C/INDEX05F7.HTM]
[MKB_10_C/INDEXCE39.HTM]
[MKB_10_C/INDEX4779.HTM]
[MKB_10_C/INDEX5212.HTM]
[MKB_10_C/INDEX9F33.HTM]
[MKB_10_C/INDEX56A4.HTM]
[MKB_10_C/INDEXE429.HTM]
[MKB_10_C/INDEXB573.HTM]
[MKB_10_C/INDEXD283.HTM]
[MKB_10_C/INDEXEA8A.HTM]
[MKB_10_C/INDEX4517.HTM]
[MKB_10_C/INDEX70A9.HTM]
[MKB_10_C/INDEXF612.HTM]
[MKB_10_C/INDEXC16F.HTM]
[MKB_10_C/INDEX16F5.HTM]
[MKB_10_C/INDEX7B14.HTM]
[MKB_10_C/INDEX5EA1.HTM]
[MKB_10_C/INDEXA591.HTM]
[MKB_10_C/INDEX21D2.HTM]
[MKB_10_C/INDEX76DB.HTM]
[MKB_10_C/INDEX1813.HTM]
[MKB_10_C/INDEX442D.HTM]
[MKB_10_C/INDEX5947.HTM]
[MKB_10_C/INDEX9C89.HTM]
[MKB_10_C/INDEX94AF.HTM]
[MKB_10_C/INDEX9827.HTM]
[MKB_10_C/INDEX4C52.HTM]
[MKB_10_C/INDEX3966.HTM]
[MKB_10_C/INDEXD5AE.HTM]
[MKB_10_C/INDEXF9B7.HTM]
[MKB_10_C/INDEX1982.HTM]
[MKB_10_C/INDEX3A7D.HTM]
[MKB_10_C/INDEXF4CA.HTM]
[MKB_10_C/INDEXE351.HTM]
[MKB_10_C/INDEXFF75.HTM]
[MKB_10_C/INDEX595D.HTM]
[MKB_10_C/INDEXBEDF.HTM]
[MKB_10_C/INDEX36FC.HTM]
[MKB_10_C/INDEXF237.HTM]
[MKB_10_C/INDEXB96C.HTM]
[MKB_10_C/INDEX2F86.HTM]
[MKB_10_C/INDEXBECC.HTM]
[MKB_10_C/INDEX3CA7_2.HTM]
[MKB_10_C/INDEX6150.HTM]
[MKB_10_C/INDEX4DB5.HTM]
[MKB_10_C/INDEX0425.HTM]
[MKB_10_C/INDEXB115.HTM]
[MKB_10_C/INDEXD2FF.HTM]
[MKB_10_C/INDEXC2C9.HTM]
[MKB_10_C/INDEX1EE2.HTM]
[MKB_10_C/INDEXFD1B.HTM]
[MKB_10_C/INDEXAB36.HTM]
[MKB_10_C/INDEXCF45.HTM]
[MKB_10_C/INDEX6296.HTM]
[MKB_10_C/INDEXAA6D.HTM]
[MKB_10_C/INDEXCB22.HTM]
[MKB_10_C/INDEX5365.HTM]
[MKB_10_C/INDEX13E0.HTM]
[MKB_10_C/INDEX0044.HTM]
[MKB_10_C/INDEX6777.HTM]
[MKB_10_C/INDEX82BB.HTM]
[MKB_10_C/INDEX413E.HTM]
[MKB_10_C/INDEXE919.HTM]
[MKB_10_C/INDEXBB6D.HTM]
[MKB_10_C/INDEX5E5E.HTM]
[MKB_10_C/INDEX01B3.HTM]
[MKB_10_C/INDEX4568.HTM]
[MKB_10_C/INDEX2659.HTM]
[MKB_10_C/INDEX02E0.HTM]
[MKB_10_C/INDEXB0BB.HTM]
[MKB_10_C/INDEX487F.HTM]
[MKB_10_C/INDEX0514.HTM]
[MKB_10_C/INDEX9618.HTM]
[MKB_10_C/INDEXC1FC.HTM]
[MKB_10_C/INDEXEF91.HTM]
[MKB_10_C/INDEXF849_2.HTM]
[MKB_10_C/INDEX1575.HTM]
[MKB_10_C/INDEX8181.HTM]
[MKB_10_C/INDEX8D22.HTM]
[MKB_10_C/INDEX670C.HTM]
[MKB_10_C/INDEX5396.HTM]
[MKB_10_C/INDEXF340.HTM]
[MKB_10_C/INDEX50D1.HTM]
[MKB_10_C/INDEX291C.HTM]
[MKB_10_C/INDEX10F5.HTM]
[MKB_10_C/INDEX0B52.HTM]
[MKB_10_C/INDEXD6D0.HTM]
[MKB_10_C/INDEX983E.HTM]
[MKB_10_C/INDEXE417.HTM]
[MKB_10_C/INDEX823A.HTM]
[MKB_10_C/INDEXFE6E.HTM]
[MKB_10_C/INDEX5B33.HTM]
[MKB_10_C/INDEX3C31.HTM]
[MKB_10_C/INDEX40E7.HTM]
[MKB_10_C/INDEX1386.HTM]
[MKB_10_C/INDEX6708_2.HTM]
[MKB_10_C/INDEXF6C3.HTM]
[MKB_10_C/INDEXEBE8.HTM]
[MKB_10_C/INDEXE368.HTM]
[MKB_10_C/INDEX26B7.HTM]
[MKB_10_C/INDEX59C2.HTM]
[MKB_10_C/INDEXF95C.HTM]
[MKB_10_C/INDEX998E.HTM]
[MKB_10_C/INDEX91F8.HTM]
[MKB_10_C/INDEXE405.HTM]
[MKB_10_C/INDEXD0F3.HTM]
[MKB_10_C/INDEX282E.HTM]
[MKB_10_C/INDEXAF3A.HTM]
[MKB_10_C/INDEX2E45.HTM]
[MKB_10_C/INDEX982D.HTM]
[MKB_10_C/INDEXBA02.HTM]
[MKB_10_C/INDEXC5B2_2.HTM]
[MKB_10_C/INDEXDDAD.HTM]
[MKB_10_C/INDEX3A73.HTM]
[MKB_10_C/INDEX2545.HTM]
[MKB_10_C/INDEXB09D.HTM]
[MKB_10_C/INDEXF912.HTM]
[MKB_10_C/INDEX5AE7.HTM]
[MKB_10_C/INDEX4107.HTM]
[MKB_10_C/INDEX7F53.HTM]
[MKB_10_C/INDEX7317.HTM]
[MKB_10_C/INDEXCFC0.HTM]
[MKB_10_C/INDEX94D9.HTM]
[MKB_10_C/INDEXD45B.HTM]
[MKB_10_C/INDEX66D7.HTM]
[MKB_10_C/INDEXC14B.HTM]
[MKB_10_C/INDEXDC5A.HTM]
[MKB_10_C/INDEX1674.HTM]
[MKB_10_C/INDEXF7A9.HTM]
[MKB_10_C/INDEX5CAA.HTM]
[MKB_10_C/INDEXE72F.HTM]
[MKB_10_C/INDEX1FCC.HTM]
[MKB_10_C/INDEX7136.HTM]
[MKB_10_C/INDEX5655.HTM]
[MKB_10_C/INDEX5E9A.HTM]
[MKB_10_C/INDEXC64C.HTM]
[MKB_10_C/INDEXB988.HTM]
[MKB_10_C/INDEX9D4F.HTM]
[MKB_10_C/INDEX8DDC.HTM]
[MKB_10_C/INDEX8DB0.HTM]
[MKB_10_C/INDEX4174.HTM]
[MKB_10_C/INDEX3057.HTM]
[MKB_10_C/INDEX4409.HTM]
[MKB_10_C/INDEX5760.HTM]
[MKB_10_C/INDEXAB14.HTM]
[MKB_10_C/INDEXB799.HTM]
[MKB_10_C/INDEXF7DF.HTM]
[MKB_10_C/INDEXB341.HTM]
[MKB_10_C/INDEXFE86.HTM]
[MKB_10_C/INDEX7B5E.HTM]
[MKB_10_C/INDEX844A.HTM]
[MKB_10_C/INDEX9151.HTM]
[MKB_10_C/INDEXFD62.HTM]
[MKB_10_C/INDEXC480_2.HTM]
[MKB_10_C/INDEX960A.HTM]
[MKB_10_C/INDEXFE46.HTM]
[MKB_10_C/INDEX4CB3.HTM]
[MKB_10_C/INDEXA675.HTM]
[MKB_10_C/INDEX5314.HTM]
[MKB_10_C/INDEX4750.HTM]
[MKB_10_C/INDEXDFF0.HTM]
[MKB_10_C/INDEX7789.HTM]
[MKB_10_C/INDEXCBBE.HTM]
[MKB_10_C/INDEXE661.HTM]
[MKB_10_C/INDEXD54B.HTM]
[MKB_10_C/INDEX8046.HTM]
[MKB_10_C/INDEXDCCE.HTM]
[MKB_10_C/INDEX9313.HTM]
[MKB_10_C/INDEX2D93.HTM]
[MKB_10_C/INDEXE9F2.HTM]
[MKB_10_C/INDEXBE72.HTM]
[MKB_10_C/INDEXCF42.HTM]
[MKB_10_C/INDEXABBB.HTM]
[MKB_10_C/INDEXB632.HTM]
[MKB_10_C/INDEXC8D8.HTM]
[MKB_10_C/INDEXF317.HTM]
[MKB_10_C/INDEX1FD7.HTM]
[MKB_10_C/INDEXCC9F.HTM]
[MKB_10_C/INDEXEE42.HTM]
[MKB_10_C/INDEX8A3A.HTM]
[MKB_10_C/INDEX72D9.HTM]
[MKB_10_C/INDEX04DC.HTM]
[MKB_10_C/INDEX8CFA.HTM]
[MKB_10_C/INDEX3C91.HTM]
[MKB_10_C/INDEX4955_2.HTM]
[MKB_10_C/INDEXA7B8.HTM]
[MKB_10_C/INDEX49C3.HTM]
[MKB_10_C/INDEX5A05.HTM]
[MKB_10_C/INDEX67C8.HTM]
[MKB_10_C/INDEXB429.HTM]
[MKB_10_C/INDEXC4F6.HTM]
[MKB_10_C/INDEX6A67_2.HTM]
[MKB_10_C/INDEX6737.HTM]
[MKB_10_C/INDEX7E9F.HTM]
[MKB_10_C/INDEX0C23.HTM]
[MKB_10_C/INDEX1D21.HTM]
[MKB_10_C/INDEX7A9D.HTM]
[MKB_10_C/INDEX2A9D.HTM]
[MKB_10_C/INDEX097D.HTM]
[MKB_10_C/INDEX31D6.HTM]
[MKB_10_C/INDEXFCBD.HTM]
[MKB_10_C/INDEXD4F7.HTM]
[MKB_10_C/INDEX75CD.HTM]
[MKB_10_C/INDEX196B.HTM]
[MKB_10_C/INDEX40CF.HTM]
[MKB_10_C/INDEXCC15.HTM]
[MKB_10_C/INDEX26BA.HTM]
[MKB_10_C/INDEX47C0_2.HTM]
[MKB_10_C/INDEX097F.HTM]
[MKB_10_C/INDEX91BA.HTM]
[MKB_10_C/INDEX5F64.HTM]
[MKB_10_C/INDEX5E70.HTM]
[MKB_10_C/INDEX6AF1.HTM]
[MKB_10_C/INDEX6405.HTM]
[MKB_10_C/INDEXCC6F.HTM]
[MKB_10_C/INDEXC848.HTM]
[MKB_10_C/INDEX727A.HTM]
[MKB_10_C/INDEXC764.HTM]
[MKB_10_C/INDEX1406.HTM]
[MKB_10_C/INDEXF652.HTM]
[MKB_10_C/INDEXFFCB.HTM]
[MKB_10_C/INDEXD06B.HTM]
[MKB_10_C/INDEX0D92.HTM]
[MKB_10_C/INDEX5057.HTM]
[MKB_10_C/INDEX4F87.HTM]
[MKB_10_C/INDEXF2C6.HTM]
[MKB_10_C/INDEX29BD.HTM]
[MKB_10_C/INDEX0445.HTM]
[MKB_10_C/INDEXC8E9.HTM]
[MKB_10_C/INDEX0DA7.HTM]
[MKB_10_C/INDEX80DA.HTM]
[MKB_10_C/INDEX7C60.HTM]
[MKB_10_C/INDEX7B22.HTM]
[MKB_10_C/INDEX23B2.HTM]
[MKB_10_C/INDEXAB52.HTM]
[MKB_10_C/INDEX8AE8.HTM]
[MKB_10_C/INDEX6E1B.HTM]
[MKB_10_C/INDEXBC33.HTM]
[MKB_10_C/INDEX5852.HTM]
[MKB_10_C/INDEX3925.HTM]
[MKB_10_C/INDEXFC62.HTM]
[MKB_10_C/INDEX38E6.HTM]
[MKB_10_C/INDEX7938.HTM]
[MKB_10_C/INDEX89F1.HTM]
[MKB_10_C/INDEX40F9.HTM]
[MKB_10_C/INDEX8A86.HTM]
[MKB_10_C/INDEX98FC.HTM]
[MKB_10_C/INDEX0527.HTM]
[MKB_10_C/INDEX4955_3.HTM]
[MKB_10_C/INDEXD700_2.HTM]
[MKB_10_C/INDEX98CA.HTM]
[MKB_10_C/INDEX307B.HTM]
[MKB_10_C/INDEXF7FC.HTM]
[MKB_10_C/INDEX5F36.HTM]
[MKB_10_C/INDEX5231.HTM]
[MKB_10_C/INDEXDF82.HTM]
[MKB_10_C/INDEXE350.HTM]
[MKB_10_C/INDEXCAB8.HTM]
[MKB_10_C/INDEX90D1.HTM]
[MKB_10_C/INDEX9BB4.HTM]
[MKB_10_C/INDEXC5CE.HTM]
[MKB_10_C/INDEXE606.HTM]
[MKB_10_C/INDEX3F86.HTM]
[MKB_10_C/ALPHABET/_.HTM]
[MKB_10_C/ALPHABET/_3.HTM]
[MKB_10_C/ALPHABET/_4.HTM]
[MKB_10_C/ALPHABET/_5.HTM]
[MKB_10_C/INDEXBD52.HTM]
[MKB_10_C/ALPHABET/_6.HTM]
[MKB_10_C/ALPHABET/_7.HTM]
[MKB_10_C/ALPHABET/_8.HTM]
[MKB_10_C/ALPHABET/_9.HTM]
[MKB_10_C/ALPHABET/_10.HTM]
[MKB_10_C/ALPHABET/_11.HTM]
[MKB_10_C/ALPHABET/_12.HTM]
[MKB_10_C/ALPHABET/_13.HTM]
[MKB_10_C/ALPHABET/_14.HTM]
[MKB_10_C/ALPHABET/_15.HTM]
[MKB_10_C/ALPHABET/_16.HTM]
[MKB_10_C/ALPHABET/_17.HTM]
[MKB_10_C/ALPHABET/_18.HTM]
[MKB_10_C/ALPHABET/_19.HTM]
[MKB_10_C/INDEX00BB.HTM]
[MKB_10_C/ALPHABET/_20.HTM]
[MKB_10_C/ALPHABET/_21.HTM]
[MKB_10_C/ALPHABET/_22.HTM]
[MKB_10_C/ALPHABET/_23.HTM]
[MKB_10_C/ALPHABET/_24.HTM]
[MKB_10_C/ALPHABET/_25.HTM]
[MKB_10_C/ALPHABET/_26.HTM]
[MKB_10_C/ALPHABET/_27.HTM]
[MKB_10_C/ALPHABET/_28.HTM]
[MKB_10_C/ALPHABET/_29.HTM]
[MKB_10_C/INDEXF5F5.HTM]
[MKB_10_C/INDEXABFD.HTM]
[MKB_10_C/INDEX3DEE.HTM]
[MKB_10_C/INDEX4E8F.HTM]
[MKB_10_C/INDEX1D94.HTM]
[MKB_10_C/INDEX4064.HTM]
[MKB_10_C/INDEX7B0E.HTM]
[MKB_10_C/INDEXA4E9.HTM]
[MKB_10_C/INDEX92BC.HTM]
[MKB_10_C/INDEXF426.HTM]
[MKB_10_C/INDEX5495.HTM]
[MKB_10_C/INDEXA7FE.HTM]
[MKB_10_C/INDEX2BED.HTM]
[MKB_10_C/INDEX8026.HTM]
[MKB_10_C/INDEX406E.HTM]
[MKB_10_C/INDEXC8AD.HTM]
[MKB_10_C/INDEXA642.HTM]
[MKB_10_C/INDEX41E2.HTM]
[MKB_10_C/INDEX1424.HTM]
[MKB_10_C/INDEX2B3D.HTM]
[MKB_10_C/INDEXD0F3_2.HTM]
[MKB_10_C/INDEX7008.HTM]
[MKB_10_C/INDEX114D.HTM]
[MKB_10_C/INDEXE3B5.HTM]
[MKB_10_C/INDEXB626.HTM]
[MKB_10_C/INDEXB371.HTM]
[MKB_10_C/INDEX766F.HTM]
[MKB_10_C/INDEXE8EF.HTM]
[MKB_10_C/INDEXBB18.HTM]
[MKB_10_C/INDEX0BBF.HTM]
[MKB_10_C/INDEXB2D8.HTM]
[MKB_10_C/INDEXDFDF.HTM]
[MKB_10_C/INDEX3A06.HTM]
[MKB_10_C/INDEXABA2.HTM]
[MKB_10_C/INDEX2BDE.HTM]
[MKB_10_C/INDEX19B5.HTM]
[MKB_10_C/INDEXBCB7.HTM]
[MKB_10_C/INDEX4E9F.HTM]
[MKB_10_C/INDEX0DE0.HTM]
[MKB_10_C/INDEX8F7C.HTM]
[MKB_10_C/INDEX6EF5.HTM]
[MKB_10_C/INDEXEADF.HTM]
[MKB_10_C/INDEX6227.HTM]
[MKB_10_C/INDEX0A2E.HTM]
[MKB_10_C/INDEXDB8A.HTM]
[MKB_10_C/INDEX6EC7.HTM]
[MKB_10_C/INDEXE4EF.HTM]
[MKB_10_C/INDEX025F.HTM]
[MKB_10_C/INDEX7251.HTM]
[MKB_10_C/INDEXDE89.HTM]
[MKB_10_C/INDEX60C6.HTM]
[MKB_10_C/INDEXEF84.HTM]
[MKB_10_C/INDEX2148.HTM]
[MKB_10_C/INDEXCF37.HTM]
[MKB_10_C/INDEX5D8D.HTM]
[MKB_10_C/INDEXBCD4.HTM]
[MKB_10_C/INDEX40A5.HTM]
[MKB_10_C/INDEXDE8C.HTM]
[MKB_10_C/INDEX1B6E.HTM]
[MKB_10_C/INDEX915C.HTM]
[MKB_10_C/INDEXA92E.HTM]
[MKB_10_C/INDEXB65D.HTM]
[MKB_10_C/INDEX26B8.HTM]
[MKB_10_C/INDEX6B7C.HTM]
[MKB_10_C/INDEX98C2.HTM]
[MKB_10_C/INDEX27CB.HTM]
[MKB_10_C/INDEX968D.HTM]
[MKB_10_C/INDEX57BC.HTM]
[MKB_10_C/INDEXDB9A.HTM]
[MKB_10_C/INDEX4D2F.HTM]
[MKB_10_C/INDEX81AF.HTM]
[MKB_10_C/INDEX68CC.HTM]
[MKB_10_C/INDEXAEDA.HTM]
[MKB_10_C/INDEXEF9E.HTM]
[MKB_10_C/INDEXB20E.HTM]
[MKB_10_C/INDEXD56D.HTM]
[MKB_10_C/INDEX290A.HTM]
[MKB_10_C/INDEX150B.HTM]
[MKB_10_C/INDEX7A9A.HTM]
[MKB_10_C/INDEX991D.HTM]
[MKB_10_C/INDEX1A65.HTM]
[MKB_10_C/INDEX4680.HTM]
[MKB_10_C/INDEX048C.HTM]
[MKB_10_C/INDEXB2BE.HTM]
[MKB_10_C/INDEX1B11.HTM]
[MKB_10_C/INDEXCF2D.HTM]
[MKB_10_C/INDEXACAE.HTM]
[MKB_10_C/INDEX25C8.HTM]
[MKB_10_C/INDEX9FE0.HTM]
[MKB_10_C/INDEX1E6E.HTM]
[MKB_10_C/INDEX592D.HTM]
[MKB_10_C/INDEXBF5C.HTM]
[MKB_10_C/INDEX0BF2.HTM]
[MKB_10_C/INDEXAAE1.HTM]
[MKB_10_C/INDEX26F3.HTM]
[MKB_10_C/INDEX7F6D.HTM]
[MKB_10_C/INDEXAE41.HTM]
[MKB_10_C/INDEXA8CF.HTM]
[MKB_10_C/INDEX624F.HTM]
[MKB_10_C/INDEX3A1B.HTM]
[MKB_10_C/INDEXACD2.HTM]
[MKB_10_C/INDEX7818.HTM]
[MKB_10_C/INDEX9C02.HTM]
[MKB_10_C/INDEX4C0E.HTM]
[MKB_10_C/INDEXF770.HTM]
[MKB_10_C/INDEX45F5.HTM]
[MKB_10_C/INDEX192F.HTM]
[MKB_10_C/INDEX21BC.HTM]
[MKB_10_C/INDEX04CA.HTM]
[MKB_10_C/INDEXAEED.HTM]
[MKB_10_C/INDEX94DD.HTM]
[MKB_10_C/INDEXDCF1.HTM]
[MKB_10_C/INDEX9A56.HTM]
[MKB_10_C/INDEX7F83.HTM]
[MKB_10_C/INDEX49AB.HTM]
[MKB_10_C/INDEX5B91.HTM]
[MKB_10_C/INDEX8F92.HTM]
[MKB_10_C/INDEX7C4E.HTM]
[MKB_10_C/INDEX6770.HTM]
[MKB_10_C/INDEX12C3.HTM]
[MKB_10_C/INDEX0883.HTM]
[MKB_10_C/INDEXB926.HTM]
[MKB_10_C/INDEX1150.HTM]
[MKB_10_C/INDEXA390.HTM]
[MKB_10_C/INDEX87D2.HTM]
[MKB_10_C/INDEX770C.HTM]
[MKB_10_C/INDEXD60D.HTM]
[MKB_10_C/INDEXC801.HTM]
[MKB_10_C/INDEXC7F6.HTM]
[MKB_10_C/INDEX7531.HTM]
[MKB_10_C/INDEXA559.HTM]
[MKB_10_C/INDEXC098.HTM]
[MKB_10_C/INDEXE7D4.HTM]
[MKB_10_C/INDEX5CFA.HTM]
[MKB_10_C/INDEXBA2B.HTM]
[MKB_10_C/INDEX95EC.HTM]
[MKB_10_C/INDEX2520.HTM]
[MKB_10_C/INDEX39DB.HTM]
[MKB_10_C/INDEX43ED.HTM]
[MKB_10_C/INDEXB9CA.HTM]
[MKB_10_C/INDEX588E.HTM]
[MKB_10_C/INDEX0E52.HTM]
[MKB_10_C/INDEX3ECD.HTM]
[MKB_10_C/INDEX226F.HTM]
[MKB_10_C/INDEX48A9.HTM]
[MKB_10_C/INDEX90F8.HTM]
[MKB_10_C/INDEX1534.HTM]
[MKB_10_C/INDEX414E.HTM]
[MKB_10_C/INDEX84CF.HTM]
[MKB_10_C/INDEXA1DA.HTM]
[MKB_10_C/INDEX0438.HTM]
[MKB_10_C/INDEX5143.HTM]
[MKB_10_C/INDEX9BEF.HTM]
[MKB_10_C/INDEX713A.HTM]
[MKB_10_C/INDEXCC06.HTM]
[MKB_10_C/INDEX275B.HTM]
[MKB_10_C/INDEXA98E.HTM]
[MKB_10_C/INDEXB0ED.HTM]
[MKB_10_C/INDEXF849.HTM]
[MKB_10_C/INDEX0854.HTM]
[MKB_10_C/INDEX7A29.HTM]
[MKB_10_C/INDEXD53C.HTM]
[MKB_10_C/INDEXCA91.HTM]
[MKB_10_C/INDEXB2CC.HTM]
[MKB_10_C/INDEX0AAC.HTM]
[MKB_10_C/INDEXE6FC.HTM]
[MKB_10_C/INDEX8DEC.HTM]
[MKB_10_C/INDEX05CF.HTM]
[MKB_10_C/INDEX8EE1.HTM]
[MKB_10_C/INDEX7661.HTM]
[MKB_10_C/INDEX16C1.HTM]
[MKB_10_C/INDEX860A.HTM]
[MKB_10_C/INDEX022D.HTM]
[MKB_10_C/INDEX1A1E.HTM]
[MKB_10_C/INDEX1F6A.HTM]
[MKB_10_C/INDEX2C70.HTM]
[MKB_10_C/INDEX1B64.HTM]
[MKB_10_C/INDEX2F3D.HTM]
[MKB_10_C/INDEX8A73.HTM]
[MKB_10_C/INDEXF69D.HTM]
[MKB_10_C/INDEX9110.HTM]
[MKB_10_C/INDEXD21A.HTM]
[MKB_10_C/INDEX0E78.HTM]
[MKB_10_C/INDEX9B6D.HTM]
[MKB_10_C/INDEXE750.HTM]
[MKB_10_C/INDEX901D.HTM]
[MKB_10_C/INDEX4FFA.HTM]
[MKB_10_C/INDEX923E.HTM]
[MKB_10_C/INDEX4955.HTM]
[MKB_10_C/INDEXCAFE.HTM]
[MKB_10_C/INDEX1D33.HTM]
[MKB_10_C/INDEX670F.HTM]
[MKB_10_C/INDEX8FA4.HTM]
[MKB_10_C/INDEX22A4.HTM]
[MKB_10_C/INDEXE0CE.HTM]
[MKB_10_C/INDEXD26B.HTM]
[MKB_10_C/INDEXD56F.HTM]
[MKB_10_C/INDEXFBA4.HTM]
[MKB_10_C/INDEXDF71.HTM]
[MKB_10_C/INDEX2C0E.HTM]
[MKB_10_C/INDEX56C2.HTM]
[MKB_10_C/INDEX5CCE.HTM]
[MKB_10_C/INDEXDF99.HTM]
[MKB_10_C/INDEX3843.HTM]
[MKB_10_C/INDEXA2AB.HTM]
[MKB_10_C/INDEX8A90.HTM]
[MKB_10_C/INDEXE5A7.HTM]
[MKB_10_C/INDEX604F.HTM]
[MKB_10_C/INDEX8064.HTM]
[MKB_10_C/INDEX9972.HTM]
[MKB_10_C/INDEX2220.HTM]
[MKB_10_C/INDEX88B0.HTM]
[MKB_10_C/INDEX30AF.HTM]
[MKB_10_C/INDEXB426.HTM]
[MKB_10_C/INDEX89D4.HTM]
[MKB_10_C/INDEXD605.HTM]
[MKB_10_C/INDEXB199.HTM]
[MKB_10_C/INDEX3796.HTM]
[MKB_10_C/INDEX1DAC.HTM]
[MKB_10_C/INDEX08EC.HTM]
[MKB_10_C/INDEXB2E5.HTM]
[MKB_10_C/INDEX8CE1.HTM]
[MKB_10_C/INDEX0130.HTM]
[MKB_10_C/INDEX4AC1.HTM]
[MKB_10_C/INDEX3991.HTM]
[MKB_10_C/INDEXCFD8.HTM]
[MKB_10_C/INDEXF325.HTM]
[MKB_10_C/INDEX9619.HTM]
[MKB_10_C/INDEX0C14.HTM]
[MKB_10_C/INDEXD17C.HTM]
[MKB_10_C/INDEX8B08.HTM]
[MKB_10_C/INDEX67A6.HTM]
[MKB_10_C/INDEXE8C0.HTM]
[MKB_10_C/INDEXAE4D.HTM]
[MKB_10_C/INDEX065E.HTM]
[MKB_10_C/INDEXAF08.HTM]
[MKB_10_C/INDEXA352.HTM]
[MKB_10_C/INDEXC2E7.HTM]
[MKB_10_C/INDEX6D7A.HTM]
[MKB_10_C/INDEX683B.HTM]
[MKB_10_C/INDEX66E9.HTM]
[MKB_10_C/INDEXBD27.HTM]
[MKB_10_C/INDEXC43E.HTM]
[MKB_10_C/INDEX2C06.HTM]
[MKB_10_C/INDEXC92D.HTM]
[MKB_10_C/INDEX88F0.HTM]
[MKB_10_C/INDEX46F6.HTM]
[MKB_10_C/INDEXEEEF.HTM]
[MKB_10_C/INDEXFC47.HTM]
[MKB_10_C/INDEXF57E.HTM]
[MKB_10_C/INDEXD80D.HTM]
[MKB_10_C/INDEXD28B_2.HTM]
[MKB_10_C/INDEX50F2.HTM]
[MKB_10_C/INDEX3419.HTM]
[MKB_10_C/INDEX8497.HTM]
[MKB_10_C/INDEX334D.HTM]
[MKB_10_C/INDEX59A6.HTM]
[MKB_10_C/INDEXE7CC.HTM]
[MKB_10_C/INDEX5232_2.HTM]
[MKB_10_C/INDEXD19D.HTM]
[MKB_10_C/INDEXAD7F.HTM]
[MKB_10_C/INDEXEA16.HTM]
[MKB_10_C/INDEX50C2.HTM]
[MKB_10_C/INDEX5EA9.HTM]
[MKB_10_C/INDEX4D52.HTM]
[MKB_10_C/INDEX363C.HTM]
[MKB_10_C/INDEX2C3D.HTM]
[MKB_10_C/INDEX47B1.HTM]
[MKB_10_C/INDEX9B6C.HTM]
[MKB_10_C/INDEXCAAC.HTM]
[MKB_10_C/INDEXE2E0.HTM]
[MKB_10_C/INDEX67B2.HTM]
[MKB_10_C/INDEXEE78.HTM]
[MKB_10_C/INDEX0A4C.HTM]
[MKB_10_C/INDEXF68A.HTM]
[MKB_10_C/INDEXC582.HTM]
[MKB_10_C/INDEX07CE.HTM]
[MKB_10_C/INDEXBBCB.HTM]
[MKB_10_C/INDEX6332.HTM]
[MKB_10_C/INDEXD0E8.HTM]
[MKB_10_C/INDEX193F.HTM]
[MKB_10_C/INDEXB393.HTM]
[MKB_10_C/INDEXBEF4.HTM]
[MKB_10_C/INDEX6EFA.HTM]
[MKB_10_C/INDEXB055.HTM]
[MKB_10_C/INDEX31F0.HTM]
[MKB_10_C/INDEX7802.HTM]
[MKB_10_C/INDEX027D.HTM]
[MKB_10_C/INDEXD76A.HTM]
[MKB_10_C/INDEXB499.HTM]
[MKB_10_C/INDEXC19F.HTM]
[MKB_10_C/INDEX6BF0.HTM]
[MKB_10_C/INDEX3589.HTM]
[MKB_10_C/INDEX2425.HTM]
[MKB_10_C/INDEX8EA0.HTM]
[MKB_10_C/INDEX3FE9.HTM]
[MKB_10_C/INDEXDF18.HTM]
[MKB_10_C/INDEXA009.HTM]
[MKB_10_C/INDEX7865.HTM]
[MKB_10_C/INDEX4658.HTM]
[MKB_10_C/INDEX25FA.HTM]
[MKB_10_C/INDEX8C43.HTM]
[MKB_10_C/INDEXD5B7.HTM]
[MKB_10_C/INDEX6A67.HTM]
[MKB_10_C/INDEXF4CC.HTM]
[MKB_10_C/INDEXB08D.HTM]
[MKB_10_C/INDEXBA16.HTM]
[MKB_10_C/INDEX3261.HTM]
[MKB_10_C/INDEXA51C.HTM]
[MKB_10_C/INDEXF1F9.HTM]
[MKB_10_C/INDEX114E.HTM]
[MKB_10_C/INDEXC253.HTM]
[MKB_10_C/INDEXB112.HTM]
[MKB_10_C/INDEX7A8D.HTM]
[MKB_10_C/INDEX1578.HTM]
[MKB_10_C/INDEXA755.HTM]
[MKB_10_C/INDEX903C.HTM]
[MKB_10_C/INDEX0448.HTM]
[MKB_10_C/INDEXFBA1.HTM]
[MKB_10_C/SCRIPT/MKB_SEACH.HTM]
[MKB_10_C/SCRIPT/MKB_SEACHC.HTM]
[MKB_10_C/INDEX11D8.HTM]
[MKB_10_C/INDEX2849.HTM]
[MKB_10_C/INDEX2A64.HTM]
[MKB_10_C/INDEXDA41.HTM]
[MKB_10_C/INDEX91B3.HTM]
[MKB_10_C/INDEX3037.HTM]
[MKB_10_C/INDEXA9D0.HTM]
[MKB_10_C/INDEX64C6.HTM]
[MKB_10_C/INDEX2792.HTM]
[MKB_10_C/INDEXC007.HTM]
[MKB_10_C/INDEX2373.HTM]
[MKB_10_C/INDEX66D3.HTM]
[MKB_10_C/INDEX386F.HTM]
[MKB_10_C/INDEX867A.HTM]
[MKB_10_C/INDEX2156.HTM]
[MKB_10_C/INDEXC61F.HTM]
[MKB_10_C/INDEX321A.HTM]
[MKB_10_C/INDEX4DA9.HTM]
[MKB_10_C/INDEX67B1.HTM]
[MKB_10_C/INDEX0CFA.HTM]
[MKB_10_C/INDEX5DF2.HTM]
[MKB_10_C/INDEX3892.HTM]
[MKB_10_C/INDEX8483.HTM]
[MKB_10_C/INDEX5BF0.HTM]
[MKB_10_C/INDEXB8E1.HTM]
[MKB_10_C/INDEX90F3.HTM]
[MKB_10_C/INDEXC163.HTM]
[MKB_10_C/INDEX248E.HTM]
[MKB_10_C/INDEX8490.HTM]
[MKB_10_C/INDEX905F.HTM]
[MKB_10_C/INDEXC7DA.HTM]
[MKB_10_C/INDEX8757.HTM]
[MKB_10_C/INDEX67D1.HTM]
[MKB_10_C/INDEX1ED2.HTM]
[MKB_10_C/INDEX7FB9.HTM]
[MKB_10_C/INDEX46ED.HTM]
[MKB_10_C/INDEX06AA.HTM]
[MKB_10_C/INDEXF037.HTM]
[MKB_10_C/INDEX9363.HTM]
[MKB_10_C/INDEX6010.HTM]
[MKB_10_C/INDEXA3E7.HTM]
[MKB_10_C/INDEX0BFF.HTM]
[MKB_10_C/INDEXD53D.HTM]
[MKB_10_C/INDEXF346.HTM]
[MKB_10_C/INDEX4542.HTM]
[MKB_10_C/INDEXAD27.HTM]
[MKB_10_C/INDEX0EF2.HTM]
[MKB_10_C/INDEX7289.HTM]
[MKB_10_C/INDEX9803.HTM]
[MKB_10_C/INDEX56A6.HTM]
[MKB_10_C/INDEX912B.HTM]
[MKB_10_C/INDEX8832.HTM]
[MKB_10_C/INDEX2378.HTM]
[MKB_10_C/INDEXD9AE.HTM]
[MKB_10_C/INDEX2308.HTM]
[MKB_10_C/INDEX3735.HTM]
[MKB_10_C/INDEX1566.HTM]
[MKB_10_C/INDEX9695.HTM]
[MKB_10_C/INDEX0530.HTM]
[MKB_10_C/INDEX2070.HTM]
[MKB_10_C/INDEX8574.HTM]
[MKB_10_C/INDEXA0E6.HTM]
[MKB_10_C/INDEXEFA1.HTM]
[MKB_10_C/INDEX9C22.HTM]
[MKB_10_C/INDEXEA86.HTM]
[MKB_10_C/INDEX0C50.HTM]
[MKB_10_C/INDEXE40F.HTM]
[MKB_10_C/INDEXE172.HTM]
[MKB_10_C/INDEX8D0F.HTM]
[MKB_10_C/INDEXAAE4.HTM]
[MKB_10_C/INDEXB45B.HTM]
[MKB_10_C/INDEX0A88.HTM]
[MKB_10_C/INDEXF544.HTM]
[MKB_10_C/INDEX74EE.HTM]
[MKB_10_C/INDEXB311.HTM]
[MKB_10_C/INDEXE552.HTM]
[MKB_10_C/INDEXFA0A.HTM]
[MKB_10_C/INDEX184F.HTM]
[MKB_10_C/INDEXBAD1.HTM]
[MKB_10_C/INDEX4967.HTM]
[MKB_10_C/INDEX65A0.HTM]
[MKB_10_C/INDEXD5B5.HTM]
[MKB_10_C/INDEXFF21.HTM]
[MKB_10_C/INDEX536A.HTM]
[MKB_10_C/INDEXA102.HTM]
[MKB_10_C/INDEXE012.HTM]
[MKB_10_C/INDEX85C5.HTM]
[MKB_10_C/INDEX9BA2.HTM]
[MKB_10_C/INDEXF980.HTM]
[MKB_10_C/INDEXF2E5.HTM]
[MKB_10_C/INDEX2F05.HTM]
[MKB_10_C/INDEX5925.HTM]
[MKB_10_C/INDEX1F7B.HTM]
[MKB_10_C/INDEX56F9.HTM]
[MKB_10_C/INDEXB599.HTM]
[MKB_10_C/INDEXB87C.HTM]
[MKB_10_C/INDEX2C94.HTM]
[MKB_10_C/INDEXE6DB.HTM]
[MKB_10_C/INDEXE6BC.HTM]
[MKB_10_C/INDEXA86F.HTM]
[MKB_10_C/INDEX7D11.HTM]
[MKB_10_C/INDEX928A.HTM]
[MKB_10_C/INDEXFED0.HTM]
[MKB_10_C/INDEXA465.HTM]
[MKB_10_C/INDEXC0CF.HTM]
[MKB_10_C/INDEX4E37.HTM]
[MKB_10_C/INDEXF309.HTM]
[MKB_10_C/INDEX493A.HTM]
[MKB_10_C/INDEXEB98.HTM]
[MKB_10_C/INDEXBD39.HTM]
[MKB_10_C/INDEXD012.HTM]
[MKB_10_C/INDEX8CD0.HTM]
[MKB_10_C/INDEXEE72.HTM]
[MKB_10_C/INDEXAE45.HTM]
[MKB_10_C/INDEX9030.HTM]
[MKB_10_C/INDEXF6FA.HTM]
[MKB_10_C/INDEX0A6A.HTM]
[MKB_10_C/INDEX5C24.HTM]
[MKB_10_C/INDEXB952.HTM]
[MKB_10_C/INDEXA4CB.HTM]
[MKB_10_C/INDEXC7A3.HTM]
[MKB_10_C/INDEXC966.HTM]
[MKB_10_C/INDEX4985.HTM]
[MKB_10_C/INDEX65AB.HTM]
[MKB_10_C/INDEXEA2F.HTM]
[MKB_10_C/INDEX95C3.HTM]
[MKB_10_C/INDEXF957.HTM]
[MKB_10_C/INDEXBA09.HTM]
[MKB_10_C/INDEXF2FE.HTM]
[MKB_10_C/INDEXBEFC.HTM]
[MKB_10_C/INDEXA5ED.HTM]
[MKB_10_C/INDEX2856.HTM]
[MKB_10_C/INDEX0828.HTM]
[MKB_10_C/INDEX6D60.HTM]
[MKB_10_C/INDEX2F53.HTM]
[MKB_10_C/INDEX5637.HTM]
[MKB_10_C/INDEX48CC.HTM]
[MKB_10_C/INDEX8F70.HTM]
[MKB_10_C/INDEX984E.HTM]
[MKB_10_C/INDEXB690.HTM]
[MKB_10_C/INDEX25C2.HTM]
[MKB_10_C/INDEX2A10.HTM]
[MKB_10_C/INDEXFD58.HTM]
[MKB_10_C/INDEX1495.HTM]
[MKB_10_C/INDEX2D04.HTM]
[MKB_10_C/INDEXD245.HTM]
[MKB_10_C/INDEXDCD8.HTM]
[MKB_10_C/INDEX57C1.HTM]
[MKB_10_C/INDEXE241.HTM]
[MKB_10_C/INDEX5711.HTM]
[MKB_10_C/INDEX4FF5.HTM]
[MKB_10_C/INDEXAD79.HTM]
[MKB_10_C/INDEX194B.HTM]
[MKB_10_C/INDEX3E99.HTM]
[MKB_10_C/INDEX636B.HTM]
[MKB_10_C/INDEXF837.HTM]
[MKB_10_C/INDEXDD33.HTM]
[MKB_10_C/INDEX0BB1.HTM]
[MKB_10_C/INDEX1A2B.HTM]
[MKB_10_C/INDEXBC05.HTM]
[MKB_10_C/INDEX8718.HTM]
[MKB_10_C/INDEX6130.HTM]
[MKB_10_C/INDEX5CE5.HTM]
[MKB_10_C/INDEX5037.HTM]
[MKB_10_C/INDEXD623.HTM]
[MKB_10_C/INDEXC87A.HTM]
[MKB_10_C/INDEX542B.HTM]
[MKB_10_C/INDEXDD61.HTM]
[MKB_10_C/INDEX394C.HTM]
[MKB_10_C/INDEX11D9.HTM]
[MKB_10_C/INDEXFFDD.HTM]
[MKB_10_C/INDEX9934.HTM]
[MKB_10_C/INDEX08EB.HTM]
[MKB_10_C/INDEX4A1D.HTM]
[MKB_10_C/INDEX1B8A.HTM]
[MKB_10_C/INDEX621B.HTM]
[MKB_10_C/INDEXF062.HTM]
[MKB_10_C/INDEX69B1.HTM]
[MKB_10_C/INDEXF97E.HTM]
[MKB_10_C/INDEX9481.HTM]
[MKB_10_C/INDEX2B36.HTM]
[MKB_10_C/INDEX7199.HTM]
[MKB_10_C/INDEXCA93.HTM]
[MKB_10_C/INDEXFF97.HTM]
[MKB_10_C/INDEXE39B.HTM]
[MKB_10_C/INDEX48DF.HTM]
[MKB_10_C/INDEX2EF1.HTM]
[MKB_10_C/INDEX3F7C.HTM]
[MKB_10_C/INDEX340D.HTM]
[MKB_10_C/INDEXCFAD.HTM]
[MKB_10_C/INDEXA9FB.HTM]
[MKB_10_C/INDEX803D.HTM]
[MKB_10_C/INDEX4034.HTM]
[MKB_10_C/INDEXBBDF.HTM]
[MKB_10_C/INDEX7356.HTM]
[MKB_10_C/INDEXCDC3.HTM]
[MKB_10_C/INDEXCBE3.HTM]
[MKB_10_C/INDEX4E1D.HTM]
[MKB_10_C/INDEX5C30.HTM]
[MKB_10_C/INDEX2CDF.HTM]
[MKB_10_C/INDEX1CBB.HTM]
[MKB_10_C/INDEX0B46.HTM]
[MKB_10_C/INDEX8B71.HTM]
[MKB_10_C/INDEX153D.HTM]
[MKB_10_C/INDEXD5EA.HTM]
[MKB_10_C/INDEX075C.HTM]
[MKB_10_C/INDEXC611.HTM]
[MKB_10_C/INDEXBD6A.HTM]
[MKB_10_C/INDEX3407.HTM]
[MKB_10_C/INDEXB905.HTM]
[MKB_10_C/INDEX6E31.HTM]
[MKB_10_C/INDEXCD29.HTM]
[MKB_10_C/INDEX162D.HTM]
[MKB_10_C/INDEX9DAC.HTM]
[MKB_10_C/INDEX7C9A.HTM]
[MKB_10_C/INDEXC51A.HTM]
[MKB_10_C/INDEXC0C1.HTM]
[MKB_10_C/INDEXA78A.HTM]
[MKB_10_C/INDEXBB61.HTM]
[MKB_10_C/INDEX0534.HTM]
[MKB_10_C/INDEX47A1.HTM]
[MKB_10_C/INDEX9211.HTM]
[MKB_10_C/INDEX6E13.HTM]
[MKB_10_C/INDEXDCB6.HTM]
[MKB_10_C/INDEXDF0B.HTM]
[MKB_10_C/INDEX5C6E.HTM]
[MKB_10_C/INDEX804E.HTM]
[MKB_10_C/INDEX589F.HTM]
[MKB_10_C/INDEXEA17.HTM]
[MKB_10_C/INDEXD9F6.HTM]
[MKB_10_C/INDEX60C5.HTM]
[MKB_10_C/INDEX1B7A.HTM]
[MKB_10_C/INDEX9ADF.HTM]
[MKB_10_C/INDEX11FA.HTM]
[MKB_10_C/INDEXD9CE.HTM]
[MKB_10_C/INDEX8132.HTM]
[MKB_10_C/INDEX45E4.HTM]
[MKB_10_C/INDEXAE4A.HTM]
[MKB_10_C/INDEX214B.HTM]
[MKB_10_C/INDEX6CF4.HTM]
[MKB_10_C/INDEXD571.HTM]
[MKB_10_C/INDEXC5CA.HTM]
[MKB_10_C/INDEX09B7.HTM]
[MKB_10_C/INDEX8B64.HTM]
[MKB_10_C/INDEX11B3.HTM]
[MKB_10_C/INDEXB2F0.HTM]
[MKB_10_C/INDEX2496.HTM]
[MKB_10_C/INDEX0C48.HTM]
[MKB_10_C/INDEX37AC.HTM]
[MKB_10_C/INDEX199F.HTM]
[MKB_10_C/INDEX31AC.HTM]
[MKB_10_C/INDEX4B68.HTM]
[MKB_10_C/INDEX4082.HTM]
[MKB_10_C/INDEX111E.HTM]
[MKB_10_C/INDEXC887.HTM]
[MKB_10_C/INDEX8BDD.HTM]
[MKB_10_C/INDEX4FA3.HTM]
[MKB_10_C/INDEX0867.HTM]
[MKB_10_C/INDEX5965.HTM]
[MKB_10_C/INDEX2281.HTM]
[MKB_10_C/INDEX3194.HTM]
[MKB_10_C/INDEXD700.HTM]
[MKB_10_C/INDEXB1F8.HTM]
[MKB_10_C/INDEX6D40.HTM]
[MKB_10_C/INDEX9107.HTM]
[MKB_10_C/INDEX5755.HTM]
[MKB_10_C/INDEXE018.HTM]
[MKB_10_C/INDEXE4AE.HTM]
[MKB_10_C/INDEXA652.HTM]
[MKB_10_C/INDEXEC47.HTM]
[MKB_10_C/INDEX2EAC.HTM]
[MKB_10_C/INDEX749C.HTM]
[MKB_10_C/INDEX8945.HTM]
[MKB_10_C/INDEXED54.HTM]
[MKB_10_C/INDEX196C.HTM]
[MKB_10_C/INDEX51A6.HTM]
[MKB_10_C/INDEX41B6.HTM]
[MKB_10_C/INDEX058E.HTM]
[MKB_10_C/INDEX644B.HTM]
[MKB_10_C/INDEX331F.HTM]
[MKB_10_C/INDEX2401.HTM]
[MKB_10_C/INDEX68C4.HTM]
[MKB_10_C/INDEXBB8A.HTM]
[MKB_10_C/INDEX5E27.HTM]
[MKB_10_C/INDEX9E87.HTM]
[MKB_10_C/INDEXD8B7.HTM]
[MKB_10_C/INDEX3381.HTM]
[MKB_10_C/INDEXD973.HTM]
[MKB_10_C/INDEX4B8B.HTM]
[MKB_10_C/INDEXBF4A.HTM]
[MKB_10_C/INDEXD127.HTM]
[MKB_10_C/INDEXA99C.HTM]
[MKB_10_C/INDEX8525.HTM]
[MKB_10_C/INDEXEAD5.HTM]
[MKB_10_C/INDEX0B5B.HTM]
[MKB_10_C/INDEXC70A.HTM]
[MKB_10_C/INDEX9080.HTM]
[MKB_10_C/INDEX15F8.HTM]
[MKB_10_C/INDEX43AA.HTM]
[MKB_10_C/INDEX5AC0.HTM]
[MKB_10_C/INDEXD9B3.HTM]
[MKB_10_C/INDEX4CF2.HTM]
[MKB_10_C/INDEX71F3.HTM]
[MKB_10_C/INDEXC8F3.HTM]
[MKB_10_C/INDEX661F_2.HTM]
[MKB_10_C/INDEXE1F5.HTM]
[MKB_10_C/INDEX7224.HTM]
[MKB_10_C/INDEXA885.HTM]
[MKB_10_C/INDEX3291.HTM]
[MKB_10_C/INDEXB0CA.HTM]
[MKB_10_C/INDEXB56D.HTM]
[MKB_10_C/INDEX9689.HTM]
[MKB_10_C/INDEX9025.HTM]
[MKB_10_C/INDEX04B1.HTM]
[MKB_10_C/INDEX8903.HTM]
[MKB_10_C/INDEXCB0C.HTM]
[MKB_10_C/INDEX7CB4.HTM]
[MKB_10_C/INDEX37E5.HTM]
[MKB_10_C/INDEX7CEE.HTM]
[MKB_10_C/INDEXEC24.HTM]
[MKB_10_C/INDEX37AA.HTM]
[MKB_10_C/INDEX6AE4.HTM]
[MKB_10_C/INDEXC814.HTM]
[MKB_10_C/INDEX66B4.HTM]
[MKB_10_C/INDEXFFA2.HTM]
[MKB_10_C/INDEX4C9E.HTM]
[MKB_10_C/INDEX7362.HTM]
[MKB_10_C/INDEXE939.HTM]
[MKB_10_C/INDEX6893.HTM]
[MKB_10_C/INDEX0AE6.HTM]
[MKB_10_C/INDEXDF5E.HTM]
[MKB_10_C/INDEX5888.HTM]
[MKB_10_C/INDEX0ABD.HTM]
[MKB_10_C/INDEXFEFE.HTM]
[MKB_10_C/INDEXC91D.HTM]
[MKB_10_C/INDEX1843.HTM]
[MKB_10_C/INDEX5646.HTM]
[MKB_10_C/INDEX00F7.HTM]
[MKB_10_C/INDEX93AC.HTM]
[MKB_10_C/INDEXCD92.HTM]
[MKB_10_C/INDEXCC60.HTM]
[MKB_10_C/INDEX01A8.HTM]
[MKB_10_C/INDEXB426_2.HTM]
[MKB_10_C/INDEXC6F7.HTM]
[MKB_10_C/INDEXEB0F.HTM]
[MKB_10_C/INDEX0B23.HTM]
[MKB_10_C/INDEX53D7.HTM]
[MKB_10_C/INDEXCAE7.HTM]
[MKB_10_C/INDEX5CD1.HTM]
[MKB_10_C/INDEXACC5.HTM]
[MKB_10_C/INDEXCCBF.HTM]
[MKB_10_C/INDEXFB4A.HTM]
[MKB_10_C/INDEX1707.HTM]
[MKB_10_C/INDEXC1DE.HTM]
[MKB_10_C/INDEXE1EB.HTM]
[MKB_10_C/INDEX6DDC.HTM]
[MKB_10_C/INDEXF185.HTM]
[MKB_10_C/INDEX0703.HTM]
[MKB_10_C/INDEX8B9F.HTM]
[MKB_10_C/INDEX0F2D.HTM]
[MKB_10_C/INDEXFCD4.HTM]
[MKB_10_C/INDEX5E1B.HTM]
[MKB_10_C/INDEX7B83.HTM]
[MKB_10_C/INDEX2DF2.HTM]
[MKB_10_C/INDEX5B7E.HTM]
[MKB_10_C/INDEX3701.HTM]
[MKB_10_C/INDEXD806.HTM]
[MKB_10_C/INDEX2D6B.HTM]
[MKB_10_C/INDEX952B.HTM]
[MKB_10_C/INDEXFE52.HTM]
[MKB_10_C/INDEX5589.HTM]
[MKB_10_C/INDEX7EE2.HTM]
[MKB_10_C/INDEX4F1B.HTM]
[MKB_10_C/INDEXECC9.HTM]
[MKB_10_C/INDEX4B92.HTM]
[MKB_10_C/INDEX3392.HTM]
[MKB_10_C/INDEXB6C7.HTM]
[MKB_10_C/INDEX3857.HTM]
[MKB_10_C/INDEX827B.HTM]
[MKB_10_C/INDEXA8A4.HTM]
[MKB_10_C/INDEXEE95.HTM]
[MKB_10_C/INDEXF7B6.HTM]
[MKB_10_C/INDEX9B78.HTM]
[MKB_10_C/INDEX31A1.HTM]
[MKB_10_C/INDEX725D.HTM]
[MKB_10_C/INDEXCB70.HTM]
[MKB_10_C/INDEXA8EB.HTM]
[MKB_10_C/INDEX1AED.HTM]
[MKB_10_C/INDEX8D54.HTM]
[MKB_10_C/INDEX55E3.HTM]
[MKB_10_C/INDEX3830.HTM]
[MKB_10_C/INDEXD67D.HTM]
[MKB_10_C/INDEXE77A.HTM]
[MKB_10_C/INDEXD756.HTM]
[MKB_10_C/INDEX2D84.HTM]
[MKB_10_C/INDEX7D93.HTM]
[MKB_10_C/INDEX630D.HTM]
[MKB_10_C/INDEX3478.HTM]
[MKB_10_C/INDEX9582.HTM]
[MKB_10_C/INDEX9CA4.HTM]
[MKB_10_C/INDEXADD2.HTM]
[MKB_10_C/INDEXF7B5.HTM]
[MKB_10_C/INDEX750D.HTM]
[MKB_10_C/INDEXA52C.HTM]
[MKB_10_C/INDEX6979.HTM]
[MKB_10_C/INDEX3D21.HTM]
[MKB_10_C/INDEX4A32.HTM]
[MKB_10_C/INDEX7206.HTM]
[MKB_10_C/INDEX1FEB.HTM]
[MKB_10_C/INDEXDCBF.HTM]
[MKB_10_C/INDEXD53C_2.HTM]
[MKB_10_C/INDEX765C.HTM]
[MKB_10_C/INDEX9AB8.HTM]
[MKB_10_C/INDEXF928.HTM]
[MKB_10_C/INDEX2C70_2.HTM]
[MKB_10_C/INDEXA1A0.HTM]
[MKB_10_C/INDEX1F37.HTM]
[MKB_10_C/INDEX5338.HTM]
[MKB_10_C/INDEX739B.HTM]
[MKB_10_C/INDEXE0A9.HTM]
[MKB_10_C/INDEX5160.HTM]
[MKB_10_C/INDEXBD08.HTM]
[MKB_10_C/INDEXCF03.HTM]
[MKB_10_C/INDEXE541.HTM]
[MKB_10_C/INDEXDB52.HTM]
[MKB_10_C/INDEXD933.HTM]
[MKB_10_C/INDEX5EB4.HTM]
[MKB_10_C/INDEX8471.HTM]
[MKB_10_C/INDEX86AF.HTM]
[MKB_10_C/INDEX9D03.HTM]
[MKB_10_C/INDEX2BCA.HTM]
[MKB_10_C/INDEX120C.HTM]
[MKB_10_C/INDEXF92D.HTM]
[MKB_10_C/INDEX9240.HTM]
[MKB_10_C/INDEXC765.HTM]
[MKB_10_C/INDEX0707.HTM]
[MKB_10_C/INDEX66DA.HTM]
[MKB_10_C/INDEXAC09.HTM]
[MKB_10_C/INDEX8706.HTM]
[MKB_10_C/INDEX6239.HTM]
[MKB_10_C/INDEX9D5B.HTM]
[MKB_10_C/INDEXF9F6.HTM]
[MKB_10_C/INDEXE293.HTM]
[MKB_10_C/INDEX3A53.HTM]
[MKB_10_C/INDEXC2BA.HTM]
[MKB_10_C/INDEX3CEA.HTM]
[MKB_10_C/INDEX6D49.HTM]
[MKB_10_C/INDEXAB38.HTM]
[MKB_10_C/INDEXE877.HTM]
[MKB_10_C/INDEX529F.HTM]
[MKB_10_C/INDEX39FA.HTM]
[MKB_10_C/INDEX0724.HTM]
[MKB_10_C/INDEXC13D.HTM]
[MKB_10_C/INDEX2426.HTM]
[MKB_10_C/INDEXA6E6.HTM]
[MKB_10_C/INDEXC755.HTM]
[MKB_10_C/INDEXC98F.HTM]
[MKB_10_C/INDEX0915.HTM]
[MKB_10_C/INDEX73AE.HTM]
[MKB_10_C/INDEX02C0.HTM]
[MKB_10_C/INDEX849A.HTM]
[MKB_10_C/INDEX755E.HTM]
[MKB_10_C/INDEXA773.HTM]
[MKB_10_C/INDEX21AD.HTM]
[MKB_10_C/INDEX72B6.HTM]
[MKB_10_C/INDEX2354.HTM]
[MKB_10_C/INDEX2015.HTM]
[MKB_10_C/INDEX3910.HTM]
[MKB_10_C/INDEX21E9.HTM]
[MKB_10_C/INDEX7750.HTM]
[MKB_10_C/INDEX4C8F.HTM]
[MKB_10_C/INDEX41D1.HTM]
[MKB_10_C/INDEXD773.HTM]
[MKB_10_C/INDEX8BBA.HTM]
[MKB_10_C/INDEX27CE.HTM]
[MKB_10_C/INDEX6C22.HTM]
[MKB_10_C/INDEX719C.HTM]
[MKB_10_C/INDEXCAB2.HTM]
[MKB_10_C/INDEX2D33.HTM]
[MKB_10_C/INDEX56B7.HTM]
[MKB_10_C/INDEX330D.HTM]
[MKB_10_C/INDEX883F.HTM]
[MKB_10_C/INDEX3CD6.HTM]
[MKB_10_C/INDEX9647.HTM]
[MKB_10_C/INDEX1136.HTM]
[MKB_10_C/INDEX4714.HTM]
[MKB_10_C/INDEXADC7.HTM]
[MKB_10_C/INDEXABC2.HTM]
[MKB_10_C/INDEXFB73.HTM]
[MKB_10_C/INDEX9A86.HTM]
[MKB_10_C/INDEXD70A.HTM]
[MKB_10_C/INDEX8787.HTM]
[MKB_10_C/INDEX64C8.HTM]
[MKB_10_C/INDEXFA22.HTM]
[MKB_10_C/INDEX6B12.HTM]
[MKB_10_C/INDEXE4F8.HTM]
[MKB_10_C/INDEXA4D5.HTM]
[MKB_10_C/INDEX0581.HTM]
[MKB_10_C/INDEX777B.HTM]
[MKB_10_C/INDEX11FE.HTM]
[MKB_10_C/INDEX6D10.HTM]
[MKB_10_C/INDEX8E79.HTM]
[MKB_10_C/INDEX4585.HTM]
[MKB_10_C/INDEXC3D4.HTM]
[MKB_10_C/INDEXC869.HTM]
[MKB_10_C/INDEXD719.HTM]
[MKB_10_C/INDEXBD9E.HTM]
[MKB_10_C/INDEX3F88.HTM]
[MKB_10_C/INDEX7576.HTM]
[MKB_10_C/INDEX6496.HTM]
[MKB_10_C/INDEXFBE0.HTM]
[MKB_10_C/INDEX04D0.HTM]
[MKB_10_C/INDEX8821.HTM]
[MKB_10_C/INDEX3219.HTM]
[MKB_10_C/INDEXDC79.HTM]
[MKB_10_C/INDEX8F3E.HTM]
[MKB_10_C/INDEX0157.HTM]
[MKB_10_C/INDEX80E6.HTM]
[MKB_10_C/INDEX7E7E.HTM]
[MKB_10_C/INDEXF086.HTM]
[MKB_10_C/INDEXB09C.HTM]
[MKB_10_C/INDEX1804.HTM]
[MKB_10_C/INDEX105F.HTM]
[MKB_10_C/INDEX6BF6.HTM]
[MKB_10_C/INDEX9D65.HTM]
[MKB_10_C/INDEX383D.HTM]
[MKB_10_C/INDEXC9AF.HTM]
[MKB_10_C/INDEX0FF8.HTM]
[MKB_10_C/INDEXB18D.HTM]
[MKB_10_C/INDEX5BA2.HTM]
[MKB_10_C/INDEX9AED.HTM]
[MKB_10_C/INDEX33A2.HTM]
[MKB_10_C/INDEXF0BF.HTM]
[MKB_10_C/INDEX5896.HTM]
[MKB_10_C/INDEX8697.HTM]
[MKB_10_C/INDEX13FD.HTM]
[MKB_10_C/INDEXB555.HTM]
[MKB_10_C/INDEX82FC.HTM]
[MKB_10_C/INDEXF867.HTM]
[MKB_10_C/INDEX2988.HTM]
[MKB_10_C/INDEX0C29.HTM]
[MKB_10_C/INDEX67DA.HTM]
[MKB_10_C/INDEX6D38.HTM]
[MKB_10_C/INDEXEA85.HTM]
[MKB_10_C/INDEXB21A.HTM]
[MKB_10_C/INDEX74FF.HTM]
[MKB_10_C/INDEX85C1.HTM]
[MKB_10_C/INDEX81FD.HTM]
[MKB_10_C/INDEXBF5A.HTM]
[MKB_10_C/INDEXB049.HTM]
[MKB_10_C/INDEX3D05.HTM]
[MKB_10_C/INDEXEF9E_2.HTM]
[MKB_10_C/INDEX49AF.HTM]
[MKB_10_C/INDEX542B_2.HTM]
[MKB_10_C/INDEX2DE7.HTM]
[MKB_10_C/INDEX07B0.HTM]
[MKB_10_C/INDEX596E.HTM]
[MKB_10_C/INDEXE710.HTM]
[MKB_10_C/INDEXD88D.HTM]
[MKB_10_C/INDEXA569.HTM]
[MKB_10_C/INDEX3249.HTM]
[MKB_10_C/INDEXB41D.HTM]
[MKB_10_C/INDEX1151.HTM]
[MKB_10_C/INDEXB6D6.HTM]
[MKB_10_C/INDEXAF35.HTM]
[MKB_10_C/INDEXC12C.HTM]
[MKB_10_C/INDEX38DA.HTM]
[MKB_10_C/INDEX19F0.HTM]
[MKB_10_C/INDEX94B4.HTM]
[MKB_10_C/INDEX0940.HTM]
[MKB_10_C/INDEX1CAC.HTM]
[MKB_10_C/INDEXCE1C.HTM]
[MKB_10_C/INDEXF201.HTM]
[MKB_10_C/INDEXF6FC.HTM]
[MKB_10_C/INDEX00E5.HTM]
[MKB_10_C/INDEX03D7.HTM]
[MKB_10_C/INDEXF5DD.HTM]
[MKB_10_C/INDEXF9AA.HTM]
[MKB_10_C/INDEX1B44.HTM]
[MKB_10_C/INDEXA658.HTM]
[MKB_10_C/INDEX745D.HTM]
[MKB_10_C/INDEX8B6D.HTM]
[MKB_10_C/INDEX7790.HTM]
[MKB_10_C/INDEXFE99.HTM]
[MKB_10_C/INDEX1CC4.HTM]
[MKB_10_C/INDEX81B1.HTM]
[MKB_10_C/INDEX4FD5.HTM]
[MKB_10_C/INDEX4E26.HTM]
[MKB_10_C/INDEX186E.HTM]
[MKB_10_C/INDEX3588.HTM]
[MKB_10_C/INDEX4D27.HTM]
[MKB_10_C/INDEXAA9C.HTM]
[MKB_10_C/INDEX6E39.HTM]
[MKB_10_C/INDEX5AC7.HTM]
[MKB_10_C/INDEXA60D.HTM]
[MKB_10_C/INDEXC562.HTM]
[MKB_10_C/INDEXEC6E.HTM]
[MKB_10_C/INDEX5C4D.HTM]
[MKB_10_C/INDEXEBB4.HTM]
[MKB_10_C/INDEXDBBE.HTM]
[MKB_10_C/INDEX787C.HTM]
[MKB_10_C/INDEX3892_2.HTM]
[MKB_10_C/INDEX9738.HTM]
[MKB_10_C/INDEX41DF.HTM]
[MKB_10_C/INDEX98F2.HTM]
[MKB_10_C/INDEX5AAA.HTM]
[MKB_10_C/INDEXE9FC.HTM]
[MKB_10_C/INDEXE0CC.HTM]
[MKB_10_C/INDEXDC03.HTM]
[MKB_10_C/INDEXE71A.HTM]
[MKB_10_C/INDEX49B0.HTM]
[MKB_10_C/INDEXEAC7.HTM]
[MKB_10_C/INDEX3FCF.HTM]
[MKB_10_C/INDEXE7ED.HTM]
[MKB_10_C/INDEXA49B.HTM]
[MKB_10_C/INDEX7CBF.HTM]
[MKB_10_C/INDEXDF0E.HTM]
[MKB_10_C/INDEXDDEC.HTM]
[MKB_10_C/INDEX05B7.HTM]
[MKB_10_C/INDEX0726.HTM]
[MKB_10_C/INDEXEDB5.HTM]
[MKB_10_C/INDEX2444.HTM]
[MKB_10_C/INDEXA8D9.HTM]
[MKB_10_C/INDEX7273.HTM]
[MKB_10_C/INDEXCA46.HTM]
[MKB_10_C/INDEX8F4F.HTM]
[MKB_10_C/INDEXE98A.HTM]
[MKB_10_C/INDEX1048.HTM]
[MKB_10_C/INDEX1201.HTM]
[MKB_10_C/INDEXF880.HTM]
[MKB_10_C/INDEX89BE.HTM]
[MKB_10_C/INDEX2D17.HTM]
[MKB_10_C/INDEX1F8D.HTM]
[MKB_10_C/INDEX10D6.HTM]
[MKB_10_C/INDEX8F44.HTM]
[MKB_10_C/INDEXD55F.HTM]
[MKB_10_C/INDEX7535.HTM]
[MKB_10_C/INDEXF807.HTM]
[MKB_10_C/INDEX1EF0_2.HTM]
[MKB_10_C/INDEXF43A.HTM]
[MKB_10_C/INDEX1F26.HTM]
[MKB_10_C/INDEXF695.HTM]
[MKB_10_C/INDEX655D.HTM]
[MKB_10_C/INDEXF479.HTM]
[MKB_10_C/INDEX7D98.HTM]
[MKB_10_C/INDEXB676.HTM]
[MKB_10_C/INDEX3597.HTM]
[MKB_10_C/INDEX276C.HTM]
[MKB_10_C/INDEX0775.HTM]
[MKB_10_C/INDEXA464.HTM]
[MKB_10_C/INDEX334F.HTM]
[MKB_10_C/INDEXBAAC.HTM]
[MKB_10_C/INDEX6708.HTM]
[MKB_10_C/INDEX7B44.HTM]
[MKB_10_C/INDEXE80E.HTM]
[MKB_10_C/INDEX68CA.HTM]
[MKB_10_C/INDEXA3C6.HTM]
[MKB_10_C/INDEXC9D1.HTM]
[MKB_10_C/INDEX63B8.HTM]
[MKB_10_C/INDEXB976.HTM]
[MKB_10_C/INDEX8D87.HTM]
[MKB_10_C/INDEXF80E.HTM]
[MKB_10_C/INDEXAE8F.HTM]
[MKB_10_C/INDEX7460.HTM]
[MKB_10_C/INDEX3041.HTM]
[MKB_10_C/INDEX6A22.HTM]
[MKB_10_C/INDEX901B.HTM]
[MKB_10_C/INDEX0D4B.HTM]
[MKB_10_C/INDEXF316.HTM]
[MKB_10_C/INDEX1C8F.HTM]
[MKB_10_C/INDEXC415.HTM]
[MKB_10_C/INDEX59B5.HTM]
[MKB_10_C/INDEX70CE.HTM]
[MKB_10_C/INDEX6965.HTM]
[MKB_10_C/INDEXBC14.HTM]
[MKB_10_C/INDEX6CAA.HTM]
[MKB_10_C/INDEXB631.HTM]
[MKB_10_C/INDEX3F9C.HTM]
[MKB_10_C/INDEXA56E.HTM]
[MKB_10_C/INDEXBF8F.HTM]
[MKB_10_C/INDEX55BB.HTM]
[MKB_10_C/INDEX155F.HTM]
[MKB_10_C/INDEXA75D.HTM]
[MKB_10_C/INDEXB5C7.HTM]
[MKB_10_C/INDEXB390.HTM]
[MKB_10_C/INDEX76E2.HTM]
[MKB_10_C/INDEX7DC1.HTM]
[MKB_10_C/INDEX37C3.HTM]
[MKB_10_C/INDEX2E9C.HTM]
[MKB_10_C/INDEX9890.HTM]
[MKB_10_C/INDEX8951.HTM]
[MKB_10_C/INDEXCE72.HTM]
[MKB_10_C/INDEX3EA1.HTM]
[MKB_10_C/INDEX6EB3.HTM]
[MKB_10_C/INDEXDF90.HTM]
[MKB_10_C/INDEX5904.HTM]
[MKB_10_C/INDEXCAA3.HTM]
[MKB_10_C/INDEX07EF.HTM]
[MKB_10_C/INDEXF96A.HTM]
[MKB_10_C/INDEX43BF.HTM]
[MKB_10_C/INDEX1BD2.HTM]
[MKB_10_C/INDEXAFC8.HTM]
[MKB_10_C/INDEX1536.HTM]
[MKB_10_C/INDEX7B0A.HTM]
[MKB_10_C/INDEXDE68.HTM]
[MKB_10_C/INDEX77EF.HTM]
[MKB_10_C/INDEX1714.HTM]
[MKB_10_C/INDEXB1A8.HTM]
[MKB_10_C/INDEX0CAE.HTM]
[MKB_10_C/INDEX541C.HTM]
[MKB_10_C/INDEXAF7F.HTM]
[MKB_10_C/INDEXAED5.HTM]
[MKB_10_C/INDEX9603.HTM]
[MKB_10_C/INDEXCDC7.HTM]
[MKB_10_C/INDEX67CF.HTM]
[MKB_10_C/INDEX8E66.HTM]
[MKB_10_C/INDEX1AF4.HTM]
[MKB_10_C/INDEX5665.HTM]
[MKB_10_C/INDEX8D07.HTM]
[MKB_10_C/INDEXD432.HTM]
[MKB_10_C/INDEXF834.HTM]
[MKB_10_C/INDEX251B.HTM]
[MKB_10_C/INDEX2C65.HTM]
[MKB_10_C/INDEX69A7.HTM]
[MKB_10_C/INDEX2110.HTM]
[MKB_10_C/INDEX077C.HTM]
[MKB_10_C/INDEX104A.HTM]
[MKB_10_C/INDEX8A47.HTM]
[MKB_10_C/INDEXF84E.HTM]
[MKB_10_C/INDEX7685.HTM]
[MKB_10_C/INDEXFF03.HTM]
[MKB_10_C/INDEX1308.HTM]
[MKB_10_C/INDEXCCF9.HTM]
[MKB_10_C/INDEXCC14.HTM]
[MKB_10_C/INDEX386F_2.HTM]
[MKB_10_C/INDEX6F4F.HTM]
[MKB_10_C/INDEX1693.HTM]
[MKB_10_C/INDEX6ACB.HTM]
[MKB_10_C/INDEX985E.HTM]
[MKB_10_C/INDEX1EBE.HTM]
[MKB_10_C/INDEX9E6D.HTM]
[MKB_10_C/INDEX1A13.HTM]
[MKB_10_C/INDEX2CB8.HTM]
[MKB_10_C/INDEX8E13.HTM]
[MKB_10_C/INDEX21CE.HTM]
[MKB_10_C/INDEX7F7D.HTM]
[MKB_10_C/INDEX1A31.HTM]
[MKB_10_C/INDEX1870.HTM]
[MKB_10_C/INDEXB907.HTM]
[MKB_10_C/INDEXF273.HTM]
[MKB_10_C/INDEX1757.HTM]
[MKB_10_C/INDEX382C.HTM]
[MKB_10_C/INDEXB87C_2.HTM]
[MKB_10_C/INDEXC503.HTM]
[MKB_10_C/INDEXB33A.HTM]
[MKB_10_C/INDEX728A.HTM]
[MKB_10_C/INDEXBE38.HTM]
[MKB_10_C/INDEX0F4C.HTM]
[MKB_10_C/INDEX5865.HTM]
[MKB_10_C/INDEXFCFF.HTM]
[MKB_10_C/INDEX4B57.HTM]
[MKB_10_C/INDEX2FC1.HTM]
[MKB_10_C/INDEX5C62.HTM]
[MKB_10_C/INDEXE677.HTM]
[MKB_10_C/INDEXE987.HTM]
[MKB_10_C/INDEXA8FE.HTM]
[MKB_10_C/INDEX9383.HTM]
[MKB_10_C/INDEX515B.HTM]
[MKB_10_C/INDEX3D4A.HTM]
[MKB_10_C/INDEX44E6.HTM]
[MKB_10_C/INDEX475C.HTM]
[MKB_10_C/INDEX5CD1_2.HTM]
[MKB_10_C/INDEXDF40.HTM]
[MKB_10_C/INDEX6887.HTM]
[MKB_10_C/INDEX30B7.HTM]
[MKB_10_C/INDEX58C9.HTM]
[MKB_10_C/INDEX828E.HTM]
[MKB_10_C/INDEX3FAD.HTM]
[MKB_10_C/INDEXFA9A.HTM]
[MKB_10_C/INDEX91E5.HTM]
[MKB_10_C/INDEX6663.HTM]
[MKB_10_C/INDEX6588.HTM]
[MKB_10_C/INDEXDCF8.HTM]
[MKB_10_C/INDEX2D15.HTM]
[MKB_10_C/INDEXB66C.HTM]
[MKB_10_C/INDEXAFA4.HTM]
[MKB_10_C/INDEX4A23.HTM]
[MKB_10_C/INDEX80AA.HTM]
[MKB_10_C/INDEX58BE.HTM]
[MKB_10_C/INDEX665E.HTM]
[MKB_10_C/INDEX59EC.HTM]
[MKB_10_C/INDEX9258.HTM]
[MKB_10_C/INDEXCD09.HTM]
[MKB_10_C/INDEX3F64.HTM]
[MKB_10_C/INDEX28D1.HTM]
[MKB_10_C/INDEXFDBD.HTM]
[MKB_10_C/INDEXE6D4.HTM]
[MKB_10_C/INDEXD67B.HTM]
[MKB_10_C/INDEXDF9E.HTM]
[MKB_10_C/INDEXC47D.HTM]
[MKB_10_C/INDEX5545.HTM]
[MKB_10_C/INDEXAEE0.HTM]
[MKB_10_C/INDEX70FA.HTM]
[MKB_10_C/INDEX8599.HTM]
[MKB_10_C/INDEX95BB.HTM]
[MKB_10_C/INDEX44F1.HTM]
[MKB_10_C/INDEX12F7.HTM]
[MKB_10_C/INDEX8369.HTM]
[MKB_10_C/INDEX0A4E.HTM]
[MKB_10_C/INDEXF68D.HTM]
[MKB_10_C/INDEX3732.HTM]
[MKB_10_C/INDEXC194.HTM]
[MKB_10_C/INDEXF9E1.HTM]
[MKB_10_C/INDEX731F.HTM]
[MKB_10_C/INDEXB553.HTM]
[MKB_10_C/INDEX792E.HTM]
[MKB_10_C/INDEXD368.HTM]
[MKB_10_C/INDEX3112.HTM]
[MKB_10_C/INDEXBD0A.HTM]
[MKB_10_C/INDEX7082.HTM]
[MKB_10_C/INDEX639F.HTM]
[MKB_10_C/INDEX92AB.HTM]
[MKB_10_C/INDEX98C7.HTM]
[MKB_10_C/INDEXDF10.HTM]
[MKB_10_C/INDEXB06F.HTM]
[MKB_10_C/INDEX4707.HTM]
[MKB_10_C/INDEXF9A7.HTM]
[MKB_10_C/INDEX0EAA.HTM]
[MKB_10_C/INDEXF9EE.HTM]
[MKB_10_C/INDEXD573.HTM]
[MKB_10_C/INDEX1B13.HTM]
[MKB_10_C/INDEX2436.HTM]
[MKB_10_C/INDEX7706.HTM]
[MKB_10_C/INDEX371C.HTM]
[MKB_10_C/INDEXC4A8.HTM]
[MKB_10_C/INDEX412C.HTM]
[MKB_10_C/INDEX3420.HTM]
[MKB_10_C/INDEX53E8.HTM]
[MKB_10_C/INDEX24CA.HTM]
[MKB_10_C/INDEX46DF.HTM]
[MKB_10_C/INDEX94E0.HTM]
[MKB_10_C/INDEXFB07.HTM]
[MKB_10_C/INDEX14B7.HTM]
[MKB_10_C/INDEX0600.HTM]
[MKB_10_C/INDEX664B.HTM]
[MKB_10_C/INDEX8FDB.HTM]
[MKB_10_C/INDEX5F39.HTM]
[MKB_10_C/INDEX98A0.HTM]
[MKB_10_C/INDEX8072.HTM]
[MKB_10_C/INDEXB28C.HTM]
[MKB_10_C/INDEX3B5C.HTM]
[MKB_10_C/INDEXDB60.HTM]
[MKB_10_C/INDEX6363.HTM]
[MKB_10_C/INDEX3BA8.HTM]
[MKB_10_C/INDEX50C5.HTM]
[MKB_10_C/INDEX2DAF.HTM]
[MKB_10_C/INDEX8B4E.HTM]
[MKB_10_C/INDEX96C5.HTM]
[MKB_10_C/INDEX0C4E.HTM]
[MKB_10_C/INDEX3564.HTM]
[MKB_10_C/INDEX3FAA.HTM]
[MKB_10_C/INDEX2103.HTM]
[MKB_10_C/INDEX5164.HTM]
[MKB_10_C/INDEX35A6.HTM]
[MKB_10_C/INDEX38DF.HTM]
[MKB_10_C/INDEXC43C.HTM]
[MKB_10_C/INDEX7FDD.HTM]
[MKB_10_C/INDEX4C5C.HTM]
[MKB_10_C/INDEX026B.HTM]
[MKB_10_C/INDEXE10F.HTM]
[MKB_10_C/INDEXC8D2.HTM]
[MKB_10_C/INDEX607B.HTM]
[MKB_10_C/INDEX2162.HTM]
[MKB_10_C/INDEX5AB8.HTM]
[MKB_10_C/INDEXF94B.HTM]
[MKB_10_C/INDEX9D99.HTM]
[MKB_10_C/INDEXBCF8.HTM]
[MKB_10_C/INDEX1FB4.HTM]
[MKB_10_C/INDEX4307.HTM]
[MKB_10_C/INDEXC22F.HTM]
[MKB_10_C/INDEX06DB.HTM]
[MKB_10_C/INDEX76A0.HTM]
[MKB_10_C/INDEX81DE.HTM]
[MKB_10_C/INDEXF850.HTM]
[MKB_10_C/INDEXC12B.HTM]
[MKB_10_C/INDEX5104.HTM]
[MKB_10_C/INDEX44A0.HTM]
[MKB_10_C/INDEXC93D.HTM]
[MKB_10_C/INDEX0D7F.HTM]
[MKB_10_C/INDEX1C8C.HTM]
[MKB_10_C/INDEX9F9F.HTM]
[MKB_10_C/INDEXA570.HTM]
[MKB_10_C/INDEX7897.HTM]
[MKB_10_C/INDEXA76F.HTM]
[MKB_10_C/INDEX0F12_2.HTM]
[MKB_10_C/INDEX7CFF.HTM]
[MKB_10_C/INDEXBD13.HTM]
[MKB_10_C/INDEXAD81.HTM]
[MKB_10_C/INDEXC165.HTM]
[MKB_10_C/INDEX3389.HTM]
[MKB_10_C/INDEX49D4.HTM]
[MKB_10_C/INDEXDCBD.HTM]
[MKB_10_C/INDEX3BDB.HTM]
[MKB_10_C/INDEX72BB.HTM]
[MKB_10_C/INDEX4768.HTM]
[MKB_10_C/INDEX26AC.HTM]
[MKB_10_C/INDEX24FA.HTM]
[MKB_10_C/INDEXC960.HTM]
[MKB_10_C/INDEX7F7F.HTM]
[MKB_10_C/INDEXB080.HTM]
[MKB_10_C/INDEXB3A3.HTM]
[MKB_10_C/INDEXE2BF.HTM]
[MKB_10_C/INDEX61AB.HTM]
[MKB_10_C/INDEXDB7A.HTM]
[MKB_10_C/INDEX4F76.HTM]
[MKB_10_C/INDEX1AF1.HTM]
[MKB_10_C/INDEXC3C8.HTM]
[MKB_10_C/INDEX2C18.HTM]
[MKB_10_C/INDEX1AE1.HTM]
[MKB_10_C/INDEXF293.HTM]
[MKB_10_C/INDEX49B6.HTM]
[MKB_10_C/INDEX7A63.HTM]
[MKB_10_C/INDEX68EC.HTM]
[MKB_10_C/INDEXFB66.HTM]
[MKB_10_C/INDEXF2A9.HTM]
[MKB_10_C/INDEX5AB2.HTM]
[MKB_10_C/INDEXCE39.HTM]
[MKB_10_C/INDEX4779.HTM]
[MKB_10_C/INDEX5212.HTM]
[MKB_10_C/INDEX9F33.HTM]
[MKB_10_C/INDEXE429.HTM]
[MKB_10_C/INDEXB573.HTM]
[MKB_10_C/INDEXD283.HTM]
[MKB_10_C/INDEXEA8A.HTM]
[MKB_10_C/INDEX4517.HTM]
[MKB_10_C/INDEX70A9.HTM]
[MKB_10_C/INDEXF612.HTM]
[MKB_10_C/INDEX16F5.HTM]
[MKB_10_C/INDEX7B14.HTM]
[MKB_10_C/INDEX5EA1.HTM]
[MKB_10_C/INDEXA591.HTM]
[MKB_10_C/INDEX21D2.HTM]
[MKB_10_C/INDEX76DB.HTM]
[MKB_10_C/INDEX442D.HTM]
[MKB_10_C/INDEX5947.HTM]
[MKB_10_C/INDEX9C89.HTM]
[MKB_10_C/INDEX94AF.HTM]
[MKB_10_C/INDEX9827.HTM]
[MKB_10_C/INDEX4C52.HTM]
[MKB_10_C/INDEXD5AE.HTM]
[MKB_10_C/INDEXF9B7.HTM]
[MKB_10_C/INDEX1982.HTM]
[MKB_10_C/INDEX3A7D.HTM]
[MKB_10_C/INDEXF4CA.HTM]
[MKB_10_C/INDEXE351.HTM]
[MKB_10_C/INDEX595D.HTM]
[MKB_10_C/INDEXBEDF.HTM]
[MKB_10_C/INDEX36FC.HTM]
[MKB_10_C/INDEXF237.HTM]
[MKB_10_C/INDEXB96C.HTM]
[MKB_10_C/INDEX2F86.HTM]
[MKB_10_C/INDEX3CA7_2.HTM]
[MKB_10_C/INDEX6150.HTM]
[MKB_10_C/INDEX4DB5.HTM]
[MKB_10_C/INDEX0425.HTM]
[MKB_10_C/INDEXB115.HTM]
[MKB_10_C/INDEXD2FF.HTM]
[MKB_10_C/INDEX1EE2.HTM]
[MKB_10_C/INDEXFD1B.HTM]
[MKB_10_C/INDEXAB36.HTM]
[MKB_10_C/INDEXCF45.HTM]
[MKB_10_C/INDEX6296.HTM]
[MKB_10_C/INDEXAA6D.HTM]
[MKB_10_C/INDEX5365.HTM]
[MKB_10_C/INDEX13E0.HTM]
[MKB_10_C/INDEX0044.HTM]
[MKB_10_C/INDEX6777.HTM]
[MKB_10_C/INDEX82BB.HTM]
[MKB_10_C/INDEX413E.HTM]
[MKB_10_C/INDEXBB6D.HTM]
[MKB_10_C/INDEX5E5E.HTM]
[MKB_10_C/INDEX01B3.HTM]
[MKB_10_C/INDEX4568.HTM]
[MKB_10_C/INDEX2659.HTM]
[MKB_10_C/INDEX02E0.HTM]
[MKB_10_C/INDEXB0BB.HTM]
[MKB_10_C/INDEX487F.HTM]
[MKB_10_C/INDEX0514.HTM]
[MKB_10_C/INDEX9618.HTM]
[MKB_10_C/INDEXEF91.HTM]
[MKB_10_C/INDEXF849_2.HTM]
[MKB_10_C/INDEX1575.HTM]
[MKB_10_C/INDEX8181.HTM]
[MKB_10_C/INDEX8D22.HTM]
[MKB_10_C/INDEX670C.HTM]
[MKB_10_C/INDEX5396.HTM]
[MKB_10_C/INDEX50D1.HTM]
[MKB_10_C/INDEX291C.HTM]
[MKB_10_C/INDEX10F5.HTM]
[MKB_10_C/INDEX983E.HTM]
[MKB_10_C/INDEXE417.HTM]
[MKB_10_C/INDEX823A.HTM]
[MKB_10_C/INDEXFE6E.HTM]
[MKB_10_C/INDEX5B33.HTM]
[MKB_10_C/INDEX3C31.HTM]
[MKB_10_C/INDEX40E7.HTM]
[MKB_10_C/INDEX1386.HTM]
[MKB_10_C/INDEX6708_2.HTM]
[MKB_10_C/INDEXF6C3.HTM]
[MKB_10_C/INDEXE368.HTM]
[MKB_10_C/INDEX26B7.HTM]
[MKB_10_C/INDEX59C2.HTM]
[MKB_10_C/INDEXF95C.HTM]
[MKB_10_C/INDEX998E.HTM]
[MKB_10_C/INDEX91F8.HTM]
[MKB_10_C/INDEXE405.HTM]
[MKB_10_C/INDEX282E.HTM]
[MKB_10_C/INDEXAF3A.HTM]
[MKB_10_C/INDEX2E45.HTM]
[MKB_10_C/INDEX982D.HTM]
[MKB_10_C/INDEXBA02.HTM]
[MKB_10_C/INDEXC5B2_2.HTM]
[MKB_10_C/INDEXDDAD.HTM]
[MKB_10_C/INDEX2545.HTM]
[MKB_10_C/INDEX5AE7.HTM]
[MKB_10_C/INDEX4107.HTM]
[MKB_10_C/INDEX7F53.HTM]
[MKB_10_C/INDEXD45B.HTM]
[MKB_10_C/INDEX66D7.HTM]
[MKB_10_C/INDEXC14B.HTM]
[MKB_10_C/INDEX1674.HTM]
[MKB_10_C/INDEXF7A9.HTM]
[MKB_10_C/INDEX5CAA.HTM]
[MKB_10_C/INDEX1FCC.HTM]
[MKB_10_C/INDEX7136.HTM]
[MKB_10_C/INDEX5655.HTM]
[MKB_10_C/INDEX5E9A.HTM]
[MKB_10_C/INDEX8DB0.HTM]
[MKB_10_C/INDEX4174.HTM]
[MKB_10_C/INDEX4409.HTM]
[MKB_10_C/INDEX5760.HTM]
[MKB_10_C/INDEXAB14.HTM]
[MKB_10_C/INDEXB799.HTM]
[MKB_10_C/INDEXF7DF.HTM]
[MKB_10_C/INDEXB341.HTM]
[MKB_10_C/INDEXFE86.HTM]
[MKB_10_C/INDEX844A.HTM]
[MKB_10_C/INDEX960A.HTM]
[MKB_10_C/INDEXFE46.HTM]
[MKB_10_C/INDEX4CB3.HTM]
[MKB_10_C/INDEXA675.HTM]
[MKB_10_C/INDEX5314.HTM]
[MKB_10_C/INDEX4750.HTM]
[MKB_10_C/INDEXDFF0.HTM]
[MKB_10_C/INDEX7789.HTM]
[MKB_10_C/INDEXCBBE.HTM]
[MKB_10_C/INDEXE661.HTM]
[MKB_10_C/INDEXD54B.HTM]
[MKB_10_C/INDEX8046.HTM]
[MKB_10_C/INDEXDCCE.HTM]
[MKB_10_C/INDEX9313.HTM]
[MKB_10_C/INDEX2D93.HTM]
[MKB_10_C/INDEXE9F2.HTM]
[MKB_10_C/INDEXBE72.HTM]
[MKB_10_C/INDEXCF42.HTM]
[MKB_10_C/INDEXABBB.HTM]
[MKB_10_C/INDEXC8D8.HTM]
[MKB_10_C/INDEXF317.HTM]
[MKB_10_C/INDEX1FD7.HTM]
[MKB_10_C/INDEXCC9F.HTM]
[MKB_10_C/INDEXEE42.HTM]
[MKB_10_C/INDEX72D9.HTM]
[MKB_10_C/INDEX04DC.HTM]
[MKB_10_C/INDEX8CFA.HTM]
[MKB_10_C/INDEX3C91.HTM]
[MKB_10_C/INDEX4955_2.HTM]
[MKB_10_C/INDEXA7B8.HTM]
[MKB_10_C/INDEX49C3.HTM]
[MKB_10_C/INDEX5A05.HTM]
[MKB_10_C/INDEX67C8.HTM]
[MKB_10_C/INDEXB429.HTM]
[MKB_10_C/INDEXC4F6.HTM]
[MKB_10_C/INDEX6A67_2.HTM]
[MKB_10_C/INDEX6737.HTM]
[MKB_10_C/INDEX0C23.HTM]
[MKB_10_C/INDEX7A9D.HTM]
[MKB_10_C/INDEX2A9D.HTM]
[MKB_10_C/INDEX196B.HTM]
[MKB_10_C/INDEX40CF.HTM]
[MKB_10_C/INDEXCC15.HTM]
[MKB_10_C/INDEX26BA.HTM]
[MKB_10_C/INDEX47C0_2.HTM]
[MKB_10_C/INDEX097F.HTM]
[MKB_10_C/INDEX91BA.HTM]
[MKB_10_C/INDEX5F64.HTM]
[MKB_10_C/INDEX5E70.HTM]
[MKB_10_C/INDEX6AF1.HTM]
[MKB_10_C/INDEX6405.HTM]
[MKB_10_C/INDEXCC6F.HTM]
[MKB_10_C/INDEXC848.HTM]
[MKB_10_C/INDEXC764.HTM]
[MKB_10_C/INDEX1406.HTM]
[MKB_10_C/INDEXF652.HTM]
[MKB_10_C/INDEXFFCB.HTM]
[MKB_10_C/INDEXD06B.HTM]
[MKB_10_C/INDEX5057.HTM]
[MKB_10_C/INDEX4F87.HTM]
[MKB_10_C/INDEXF2C6.HTM]
[MKB_10_C/INDEX29BD.HTM]
[MKB_10_C/INDEX0445.HTM]
[MKB_10_C/INDEXC8E9.HTM]
[MKB_10_C/INDEX0DA7.HTM]
[MKB_10_C/INDEX80DA.HTM]
[MKB_10_C/INDEX7C60.HTM]
[MKB_10_C/INDEX23B2.HTM]
[MKB_10_C/INDEXAB52.HTM]
[MKB_10_C/INDEX8AE8.HTM]
[MKB_10_C/INDEX6E1B.HTM]
[MKB_10_C/INDEXBC33.HTM]
[MKB_10_C/INDEX5852.HTM]
[MKB_10_C/INDEX3925.HTM]
[MKB_10_C/INDEXFC62.HTM]
[MKB_10_C/INDEX38E6.HTM]
[MKB_10_C/INDEX89F1.HTM]
[MKB_10_C/INDEX40F9.HTM]
[MKB_10_C/INDEX8A86.HTM]
[MKB_10_C/INDEX0527.HTM]
[MKB_10_C/INDEX4955_3.HTM]
[MKB_10_C/INDEXD700_2.HTM]
[MKB_10_C/INDEX98CA.HTM]
[MKB_10_C/INDEX307B.HTM]
[MKB_10_C/INDEXF7FC.HTM]
[MKB_10_C/INDEX5F36.HTM]
[MKB_10_C/INDEX5231.HTM]
[MKB_10_C/INDEXDF82.HTM]
[MKB_10_C/INDEXE350.HTM]
[MKB_10_C/INDEXCAB8.HTM]
[MKB_10_C/INDEXBD52.HTM]
[MKB_10_C/INDEX00BB.HTM]
[MKB_10_C/INDEX9D99.HTM]
[MKB_10_C/INDEXF2A9.HTM]
